../../Drivers/CMSIS/Include/core_cm4.h:2064:26:ITM_SendChar	4
../../Core/Inc/telemetry_protocol.h:52:24:telemetry_crc16	4
../../Core/Inc/telemetry_protocol.h:67:20:telemetry_frame_build	4
../../Core/Inc/telemetry_protocol.h:93:23:telemetry_frame_validate	6
C:/Users/aweso/Downloads/sunseeker_projects_workspace/Programming/Stm32_code/telemetry_adv_v1/Core/Src/main.c:343:5:__io_putchar	4
C:/Users/aweso/Downloads/sunseeker_projects_workspace/Programming/Stm32_code/telemetry_adv_v1/Core/Src/main.c:358:13:LED_Write	1
C:/Users/aweso/Downloads/sunseeker_projects_workspace/Programming/Stm32_code/telemetry_adv_v1/Core/Src/main.c:364:13:SetError	2
C:/Users/aweso/Downloads/sunseeker_projects_workspace/Programming/Stm32_code/telemetry_adv_v1/Core/Src/main.c:378:16:STM32_RTC_Read	5
C:/Users/aweso/Downloads/sunseeker_projects_workspace/Programming/Stm32_code/telemetry_adv_v1/Core/Src/main.c:399:13:TelemetryDateTime_Format	3
C:/Users/aweso/Downloads/sunseeker_projects_workspace/Programming/Stm32_code/telemetry_adv_v1/Core/Src/main.c:412:13:BoardUptime_Format	1
C:/Users/aweso/Downloads/sunseeker_projects_workspace/Programming/Stm32_code/telemetry_adv_v1/Core/Src/main.c:424:13:STM32_RTC_Task	3
C:/Users/aweso/Downloads/sunseeker_projects_workspace/Programming/Stm32_code/telemetry_adv_v1/Core/Src/main.c:447:17:MakeU32LE	1
C:/Users/aweso/Downloads/sunseeker_projects_workspace/Programming/Stm32_code/telemetry_adv_v1/Core/Src/main.c:457:17:ByteSwapU32	1
C:/Users/aweso/Downloads/sunseeker_projects_workspace/Programming/Stm32_code/telemetry_adv_v1/Core/Src/main.c:470:13:CAN_Store	8
C:/Users/aweso/Downloads/sunseeker_projects_workspace/Programming/Stm32_code/telemetry_adv_v1/Core/Src/main.c:806:13:CAN_SWV_Task	8
C:/Users/aweso/Downloads/sunseeker_projects_workspace/Programming/Stm32_code/telemetry_adv_v1/Core/Src/main.c:854:13:CAN_Drain	3
C:/Users/aweso/Downloads/sunseeker_projects_workspace/Programming/Stm32_code/telemetry_adv_v1/Core/Src/main.c:874:6:HAL_CAN_RxFifo0MsgPendingCallback	2
C:/Users/aweso/Downloads/sunseeker_projects_workspace/Programming/Stm32_code/telemetry_adv_v1/Core/Src/main.c:880:6:HAL_CAN_ErrorCallback	2
C:/Users/aweso/Downloads/sunseeker_projects_workspace/Programming/Stm32_code/telemetry_adv_v1/Core/Src/main.c:885:26:CAN_StartListenAll	3
C:/Users/aweso/Downloads/sunseeker_projects_workspace/Programming/Stm32_code/telemetry_adv_v1/Core/Src/main.c:901:13:SD_LogSnapshot	12
C:/Users/aweso/Downloads/sunseeker_projects_workspace/Programming/Stm32_code/telemetry_adv_v1/Core/Src/main.c:955:13:SD_Task	7
C:/Users/aweso/Downloads/sunseeker_projects_workspace/Programming/Stm32_code/telemetry_adv_v1/Core/Src/main.c:980:16:GPS_ChecksumValid	13
C:/Users/aweso/Downloads/sunseeker_projects_workspace/Programming/Stm32_code/telemetry_adv_v1/Core/Src/main.c:1000:16:GPS_GetField	14
C:/Users/aweso/Downloads/sunseeker_projects_workspace/Programming/Stm32_code/telemetry_adv_v1/Core/Src/main.c:1040:16:GPS_IsNavSentence	8
C:/Users/aweso/Downloads/sunseeker_projects_workspace/Programming/Stm32_code/telemetry_adv_v1/Core/Src/main.c:1055:16:GPS_ParseCoordDeg	8
C:/Users/aweso/Downloads/sunseeker_projects_workspace/Programming/Stm32_code/telemetry_adv_v1/Core/Src/main.c:1070:16:GPS_ParseSpeedMph	14
C:/Users/aweso/Downloads/sunseeker_projects_workspace/Programming/Stm32_code/telemetry_adv_v1/Core/Src/main.c:1100:13:FormatSignedFixed6	2
C:/Users/aweso/Downloads/sunseeker_projects_workspace/Programming/Stm32_code/telemetry_adv_v1/Core/Src/main.c:1109:13:GPS_UpdateNavFromSentence	23
C:/Users/aweso/Downloads/sunseeker_projects_workspace/Programming/Stm32_code/telemetry_adv_v1/Core/Src/main.c:1172:13:GPS_ProcessByte	10
C:/Users/aweso/Downloads/sunseeker_projects_workspace/Programming/Stm32_code/telemetry_adv_v1/Core/Src/main.c:1203:13:GPS_Task	8
C:/Users/aweso/Downloads/sunseeker_projects_workspace/Programming/Stm32_code/telemetry_adv_v1/Core/Src/main.c:1227:16:ESP32_Exchange	6
C:/Users/aweso/Downloads/sunseeker_projects_workspace/Programming/Stm32_code/telemetry_adv_v1/Core/Src/main.c:1253:13:ESP32_Task	11
C:/Users/aweso/Downloads/sunseeker_projects_workspace/Programming/Stm32_code/telemetry_adv_v1/Core/Src/main.c:1295:13:RS232_Task	14
C:/Users/aweso/Downloads/sunseeker_projects_workspace/Programming/Stm32_code/telemetry_adv_v1/Core/Src/main.c:1378:6:HAL_UART_TxCpltCallback	2
C:/Users/aweso/Downloads/sunseeker_projects_workspace/Programming/Stm32_code/telemetry_adv_v1/Core/Src/main.c:1389:6:HAL_UART_ErrorCallback	2
C:/Users/aweso/Downloads/sunseeker_projects_workspace/Programming/Stm32_code/telemetry_adv_v1/Core/Src/main.c:1398:13:ErrorFlags_SWV_Task	2
C:/Users/aweso/Downloads/sunseeker_projects_workspace/Programming/Stm32_code/telemetry_adv_v1/Core/Src/main.c:1416:13:StatusLED_Task	7
C:/Users/aweso/Downloads/sunseeker_projects_workspace/Programming/Stm32_code/telemetry_adv_v1/Core/Src/main.c:1445:5:main	2
C:/Users/aweso/Downloads/sunseeker_projects_workspace/Programming/Stm32_code/telemetry_adv_v1/Core/Src/main.c:1551:6:SystemClock_Config	3
C:/Users/aweso/Downloads/sunseeker_projects_workspace/Programming/Stm32_code/telemetry_adv_v1/Core/Src/main.c:1604:13:MX_CAN1_Init	2
C:/Users/aweso/Downloads/sunseeker_projects_workspace/Programming/Stm32_code/telemetry_adv_v1/Core/Src/main.c:1641:13:MX_I2C1_Init	4
C:/Users/aweso/Downloads/sunseeker_projects_workspace/Programming/Stm32_code/telemetry_adv_v1/Core/Src/main.c:1689:13:MX_RTC_Init	5
C:/Users/aweso/Downloads/sunseeker_projects_workspace/Programming/Stm32_code/telemetry_adv_v1/Core/Src/main.c:1785:13:MX_SPI1_Init	2
C:/Users/aweso/Downloads/sunseeker_projects_workspace/Programming/Stm32_code/telemetry_adv_v1/Core/Src/main.c:1823:13:MX_SPI2_Init	2
C:/Users/aweso/Downloads/sunseeker_projects_workspace/Programming/Stm32_code/telemetry_adv_v1/Core/Src/main.c:1862:13:MX_SPI3_Init	2
C:/Users/aweso/Downloads/sunseeker_projects_workspace/Programming/Stm32_code/telemetry_adv_v1/Core/Src/main.c:1900:13:MX_SPI4_Init	2
C:/Users/aweso/Downloads/sunseeker_projects_workspace/Programming/Stm32_code/telemetry_adv_v1/Core/Src/main.c:1938:13:MX_USART1_UART_Init	2
C:/Users/aweso/Downloads/sunseeker_projects_workspace/Programming/Stm32_code/telemetry_adv_v1/Core/Src/main.c:1971:13:MX_USB_OTG_FS_PCD_Init	2
C:/Users/aweso/Downloads/sunseeker_projects_workspace/Programming/Stm32_code/telemetry_adv_v1/Core/Src/main.c:2006:13:MX_GPIO_Init	1
C:/Users/aweso/Downloads/sunseeker_projects_workspace/Programming/Stm32_code/telemetry_adv_v1/Core/Src/main.c:2109:6:Error_Handler	1
