../../Drivers/CMSIS/Include/core_cm4.h:2064:26:ITM_SendChar	16	static,ignoring_inline_asm
../../Core/Inc/telemetry_protocol.h:52:24:telemetry_crc16	32	static
../../Core/Inc/telemetry_protocol.h:67:20:telemetry_frame_build	24	static
../../Core/Inc/telemetry_protocol.h:93:23:telemetry_frame_validate	24	static
C:/Users/aweso/Downloads/sunseeker_projects_workspace/Programming/Stm32_code/telemetry_adv_v1/Core/Src/main.c:343:5:__io_putchar	16	static
C:/Users/aweso/Downloads/sunseeker_projects_workspace/Programming/Stm32_code/telemetry_adv_v1/Core/Src/main.c:358:13:LED_Write	16	static
C:/Users/aweso/Downloads/sunseeker_projects_workspace/Programming/Stm32_code/telemetry_adv_v1/Core/Src/main.c:364:13:SetError	32	static,ignoring_inline_asm
C:/Users/aweso/Downloads/sunseeker_projects_workspace/Programming/Stm32_code/telemetry_adv_v1/Core/Src/main.c:378:16:STM32_RTC_Read	40	static
C:/Users/aweso/Downloads/sunseeker_projects_workspace/Programming/Stm32_code/telemetry_adv_v1/Core/Src/main.c:399:13:TelemetryDateTime_Format	56	static
C:/Users/aweso/Downloads/sunseeker_projects_workspace/Programming/Stm32_code/telemetry_adv_v1/Core/Src/main.c:412:13:BoardUptime_Format	64	static
C:/Users/aweso/Downloads/sunseeker_projects_workspace/Programming/Stm32_code/telemetry_adv_v1/Core/Src/main.c:424:13:STM32_RTC_Task	72	static
C:/Users/aweso/Downloads/sunseeker_projects_workspace/Programming/Stm32_code/telemetry_adv_v1/Core/Src/main.c:447:17:MakeU32LE	16	static
C:/Users/aweso/Downloads/sunseeker_projects_workspace/Programming/Stm32_code/telemetry_adv_v1/Core/Src/main.c:457:17:ByteSwapU32	16	static
C:/Users/aweso/Downloads/sunseeker_projects_workspace/Programming/Stm32_code/telemetry_adv_v1/Core/Src/main.c:470:13:CAN_Store	24	static
C:/Users/aweso/Downloads/sunseeker_projects_workspace/Programming/Stm32_code/telemetry_adv_v1/Core/Src/main.c:806:13:CAN_SWV_Task	72	static,ignoring_inline_asm
C:/Users/aweso/Downloads/sunseeker_projects_workspace/Programming/Stm32_code/telemetry_adv_v1/Core/Src/main.c:854:13:CAN_Drain	48	static
C:/Users/aweso/Downloads/sunseeker_projects_workspace/Programming/Stm32_code/telemetry_adv_v1/Core/Src/main.c:874:6:HAL_CAN_RxFifo0MsgPendingCallback	16	static
C:/Users/aweso/Downloads/sunseeker_projects_workspace/Programming/Stm32_code/telemetry_adv_v1/Core/Src/main.c:880:6:HAL_CAN_ErrorCallback	16	static
C:/Users/aweso/Downloads/sunseeker_projects_workspace/Programming/Stm32_code/telemetry_adv_v1/Core/Src/main.c:885:26:CAN_StartListenAll	48	static
C:/Users/aweso/Downloads/sunseeker_projects_workspace/Programming/Stm32_code/telemetry_adv_v1/Core/Src/main.c:901:13:SD_LogSnapshot	208	static
C:/Users/aweso/Downloads/sunseeker_projects_workspace/Programming/Stm32_code/telemetry_adv_v1/Core/Src/main.c:955:13:SD_Task	16	static
C:/Users/aweso/Downloads/sunseeker_projects_workspace/Programming/Stm32_code/telemetry_adv_v1/Core/Src/main.c:980:16:GPS_ChecksumValid	24	static
C:/Users/aweso/Downloads/sunseeker_projects_workspace/Programming/Stm32_code/telemetry_adv_v1/Core/Src/main.c:1000:16:GPS_GetField	40	static
C:/Users/aweso/Downloads/sunseeker_projects_workspace/Programming/Stm32_code/telemetry_adv_v1/Core/Src/main.c:1040:16:GPS_IsNavSentence	16	static
C:/Users/aweso/Downloads/sunseeker_projects_workspace/Programming/Stm32_code/telemetry_adv_v1/Core/Src/main.c:1055:16:GPS_ParseCoordDeg	40	static
C:/Users/aweso/Downloads/sunseeker_projects_workspace/Programming/Stm32_code/telemetry_adv_v1/Core/Src/main.c:1070:16:GPS_ParseSpeedMph	40	static
C:/Users/aweso/Downloads/sunseeker_projects_workspace/Programming/Stm32_code/telemetry_adv_v1/Core/Src/main.c:1100:13:FormatSignedFixed6	48	static
C:/Users/aweso/Downloads/sunseeker_projects_workspace/Programming/Stm32_code/telemetry_adv_v1/Core/Src/main.c:1109:13:GPS_UpdateNavFromSentence	176	static
C:/Users/aweso/Downloads/sunseeker_projects_workspace/Programming/Stm32_code/telemetry_adv_v1/Core/Src/main.c:1172:13:GPS_ProcessByte	16	static
C:/Users/aweso/Downloads/sunseeker_projects_workspace/Programming/Stm32_code/telemetry_adv_v1/Core/Src/main.c:1203:13:GPS_Task	32	static
C:/Users/aweso/Downloads/sunseeker_projects_workspace/Programming/Stm32_code/telemetry_adv_v1/Core/Src/main.c:1227:16:ESP32_Exchange	32	static
C:/Users/aweso/Downloads/sunseeker_projects_workspace/Programming/Stm32_code/telemetry_adv_v1/Core/Src/main.c:1253:13:ESP32_Task	184	static
C:/Users/aweso/Downloads/sunseeker_projects_workspace/Programming/Stm32_code/telemetry_adv_v1/Core/Src/main.c:1295:13:RS232_Task	240	static,ignoring_inline_asm
C:/Users/aweso/Downloads/sunseeker_projects_workspace/Programming/Stm32_code/telemetry_adv_v1/Core/Src/main.c:1378:6:HAL_UART_TxCpltCallback	16	static
C:/Users/aweso/Downloads/sunseeker_projects_workspace/Programming/Stm32_code/telemetry_adv_v1/Core/Src/main.c:1389:6:HAL_UART_ErrorCallback	16	static
C:/Users/aweso/Downloads/sunseeker_projects_workspace/Programming/Stm32_code/telemetry_adv_v1/Core/Src/main.c:1398:13:ErrorFlags_SWV_Task	24	static
C:/Users/aweso/Downloads/sunseeker_projects_workspace/Programming/Stm32_code/telemetry_adv_v1/Core/Src/main.c:1416:13:StatusLED_Task	16	static
C:/Users/aweso/Downloads/sunseeker_projects_workspace/Programming/Stm32_code/telemetry_adv_v1/Core/Src/main.c:1445:5:main	8	static
C:/Users/aweso/Downloads/sunseeker_projects_workspace/Programming/Stm32_code/telemetry_adv_v1/Core/Src/main.c:1551:6:SystemClock_Config	88	static
C:/Users/aweso/Downloads/sunseeker_projects_workspace/Programming/Stm32_code/telemetry_adv_v1/Core/Src/main.c:1604:13:MX_CAN1_Init	8	static
C:/Users/aweso/Downloads/sunseeker_projects_workspace/Programming/Stm32_code/telemetry_adv_v1/Core/Src/main.c:1641:13:MX_I2C1_Init	8	static
C:/Users/aweso/Downloads/sunseeker_projects_workspace/Programming/Stm32_code/telemetry_adv_v1/Core/Src/main.c:1689:13:MX_RTC_Init	32	static
C:/Users/aweso/Downloads/sunseeker_projects_workspace/Programming/Stm32_code/telemetry_adv_v1/Core/Src/main.c:1785:13:MX_SPI1_Init	8	static
C:/Users/aweso/Downloads/sunseeker_projects_workspace/Programming/Stm32_code/telemetry_adv_v1/Core/Src/main.c:1823:13:MX_SPI2_Init	8	static
C:/Users/aweso/Downloads/sunseeker_projects_workspace/Programming/Stm32_code/telemetry_adv_v1/Core/Src/main.c:1862:13:MX_SPI3_Init	8	static
C:/Users/aweso/Downloads/sunseeker_projects_workspace/Programming/Stm32_code/telemetry_adv_v1/Core/Src/main.c:1900:13:MX_SPI4_Init	8	static
C:/Users/aweso/Downloads/sunseeker_projects_workspace/Programming/Stm32_code/telemetry_adv_v1/Core/Src/main.c:1938:13:MX_USART1_UART_Init	8	static
C:/Users/aweso/Downloads/sunseeker_projects_workspace/Programming/Stm32_code/telemetry_adv_v1/Core/Src/main.c:1971:13:MX_USB_OTG_FS_PCD_Init	8	static
C:/Users/aweso/Downloads/sunseeker_projects_workspace/Programming/Stm32_code/telemetry_adv_v1/Core/Src/main.c:2006:13:MX_GPIO_Init	56	static
C:/Users/aweso/Downloads/sunseeker_projects_workspace/Programming/Stm32_code/telemetry_adv_v1/Core/Src/main.c:2109:6:Error_Handler	8	static,ignoring_inline_asm
