../../Drivers/CMSIS/Include/core_cm4.h:2064:26:ITM_SendChar	16	static,ignoring_inline_asm
C:/Users/aweso/Downloads/sunseeker_projects_workspace/Programming/Stm32_code/telemetry_adv_v1/Core/Src/main.c:495:5:__io_putchar	16	static
C:/Users/aweso/Downloads/sunseeker_projects_workspace/Programming/Stm32_code/telemetry_adv_v1/Core/Src/main.c:515:13:LED_Write	16	static
C:/Users/aweso/Downloads/sunseeker_projects_workspace/Programming/Stm32_code/telemetry_adv_v1/Core/Src/main.c:521:13:SetError	32	static,ignoring_inline_asm
C:/Users/aweso/Downloads/sunseeker_projects_workspace/Programming/Stm32_code/telemetry_adv_v1/Core/Src/main.c:535:16:TelemetryDateTime_IsValid	24	static
C:/Users/aweso/Downloads/sunseeker_projects_workspace/Programming/Stm32_code/telemetry_adv_v1/Core/Src/main.c:552:16:TelemetryDateTime_CalcWeekday	24	static
C:/Users/aweso/Downloads/sunseeker_projects_workspace/Programming/Stm32_code/telemetry_adv_v1/Core/Src/main.c:564:16:STM32_RTC_Set	40	static
C:/Users/aweso/Downloads/sunseeker_projects_workspace/Programming/Stm32_code/telemetry_adv_v1/Core/Src/main.c:596:16:STM32_RTC_Read	40	static
C:/Users/aweso/Downloads/sunseeker_projects_workspace/Programming/Stm32_code/telemetry_adv_v1/Core/Src/main.c:617:13:TelemetryDateTime_Format	56	static
C:/Users/aweso/Downloads/sunseeker_projects_workspace/Programming/Stm32_code/telemetry_adv_v1/Core/Src/main.c:630:13:BoardUptime_Format	64	static
C:/Users/aweso/Downloads/sunseeker_projects_workspace/Programming/Stm32_code/telemetry_adv_v1/Core/Src/main.c:643:13:STM32_RTC_Task	80	static
C:/Users/aweso/Downloads/sunseeker_projects_workspace/Programming/Stm32_code/telemetry_adv_v1/Core/Src/main.c:668:17:MakeU32LE	16	static
C:/Users/aweso/Downloads/sunseeker_projects_workspace/Programming/Stm32_code/telemetry_adv_v1/Core/Src/main.c:678:17:ByteSwapU32	16	static
C:/Users/aweso/Downloads/sunseeker_projects_workspace/Programming/Stm32_code/telemetry_adv_v1/Core/Src/main.c:691:13:VehicleSpeed_UpdateFromCAN	24	static
C:/Users/aweso/Downloads/sunseeker_projects_workspace/Programming/Stm32_code/telemetry_adv_v1/Core/Src/main.c:707:13:VehicleSpeed_UpdateFromSources	16	static
C:/Users/aweso/Downloads/sunseeker_projects_workspace/Programming/Stm32_code/telemetry_adv_v1/Core/Src/main.c:750:13:CAN_Store	24	static
C:/Users/aweso/Downloads/sunseeker_projects_workspace/Programming/Stm32_code/telemetry_adv_v1/Core/Src/main.c:834:15:Future_BMI270_SPI_Read	40	static
C:/Users/aweso/Downloads/sunseeker_projects_workspace/Programming/Stm32_code/telemetry_adv_v1/Core/Src/main.c:857:15:Future_BMI270_SPI_Write	40	static
C:/Users/aweso/Downloads/sunseeker_projects_workspace/Programming/Stm32_code/telemetry_adv_v1/Core/Src/main.c:880:13:Future_BMI270_DelayUs	24	static
C:/Users/aweso/Downloads/sunseeker_projects_workspace/Programming/Stm32_code/telemetry_adv_v1/Core/Src/main.c:896:16:Future_BMI270_RawRead	24	static
C:/Users/aweso/Downloads/sunseeker_projects_workspace/Programming/Stm32_code/telemetry_adv_v1/Core/Src/main.c:916:16:Future_BMI270_Preflight	40	static
C:/Users/aweso/Downloads/sunseeker_projects_workspace/Programming/Stm32_code/telemetry_adv_v1/Core/Src/main.c:935:15:Future_BMI270_Init	136	static
C:/Users/aweso/Downloads/sunseeker_projects_workspace/Programming/Stm32_code/telemetry_adv_v1/Core/Src/main.c:988:16:Future_BMI270_AbsI32	16	static
C:/Users/aweso/Downloads/sunseeker_projects_workspace/Programming/Stm32_code/telemetry_adv_v1/Core/Src/main.c:993:13:Future_BMI270_ConvertSample	136	static
C:/Users/aweso/Downloads/sunseeker_projects_workspace/Programming/Stm32_code/telemetry_adv_v1/Core/Src/main.c:1008:15:Future_BMI270_CaptureRestGravity	184	static
C:/Users/aweso/Downloads/sunseeker_projects_workspace/Programming/Stm32_code/telemetry_adv_v1/Core/Src/main.c:1075:15:Future_BMI270_CalibrateAtRest	16	static
C:/Users/aweso/Downloads/sunseeker_projects_workspace/Programming/Stm32_code/telemetry_adv_v1/Core/Src/main.c:1111:15:Future_BMI270_StartAndCalibrate	16	static
C:/Users/aweso/Downloads/sunseeker_projects_workspace/Programming/Stm32_code/telemetry_adv_v1/Core/Src/main.c:1128:13:Future_BMI270_UpdateSpeed	120	static
C:/Users/aweso/Downloads/sunseeker_projects_workspace/Programming/Stm32_code/telemetry_adv_v1/Core/Src/main.c:1469:13:FutureSensors_Init	16	static
C:/Users/aweso/Downloads/sunseeker_projects_workspace/Programming/Stm32_code/telemetry_adv_v1/Core/Src/main.c:1487:13:FutureSensors_Task	136	static
C:/Users/aweso/Downloads/sunseeker_projects_workspace/Programming/Stm32_code/telemetry_adv_v1/Core/Src/main.c:1562:13:CAN_SWV_Task	72	static,ignoring_inline_asm
C:/Users/aweso/Downloads/sunseeker_projects_workspace/Programming/Stm32_code/telemetry_adv_v1/Core/Src/main.c:1611:13:CAN_Drain	48	static
C:/Users/aweso/Downloads/sunseeker_projects_workspace/Programming/Stm32_code/telemetry_adv_v1/Core/Src/main.c:1631:19:Telemetry_CAN_SendCommand	56	static
C:/Users/aweso/Downloads/sunseeker_projects_workspace/Programming/Stm32_code/telemetry_adv_v1/Core/Src/main.c:1672:6:HAL_CAN_RxFifo0MsgPendingCallback	16	static
C:/Users/aweso/Downloads/sunseeker_projects_workspace/Programming/Stm32_code/telemetry_adv_v1/Core/Src/main.c:1678:6:HAL_CAN_ErrorCallback	16	static
C:/Users/aweso/Downloads/sunseeker_projects_workspace/Programming/Stm32_code/telemetry_adv_v1/Core/Src/main.c:1683:26:CAN_StartListenAll	48	static
C:/Users/aweso/Downloads/sunseeker_projects_workspace/Programming/Stm32_code/telemetry_adv_v1/Core/Src/main.c:1699:13:SD_LogSnapshot	456	static
C:/Users/aweso/Downloads/sunseeker_projects_workspace/Programming/Stm32_code/telemetry_adv_v1/Core/Src/main.c:1796:13:SD_Task	16	static
C:/Users/aweso/Downloads/sunseeker_projects_workspace/Programming/Stm32_code/telemetry_adv_v1/Core/Src/main.c:1822:16:GPS_ChecksumValid	24	static
C:/Users/aweso/Downloads/sunseeker_projects_workspace/Programming/Stm32_code/telemetry_adv_v1/Core/Src/main.c:1842:16:GPS_GetField	40	static
C:/Users/aweso/Downloads/sunseeker_projects_workspace/Programming/Stm32_code/telemetry_adv_v1/Core/Src/main.c:1882:16:GPS_IsNavSentence	16	static
C:/Users/aweso/Downloads/sunseeker_projects_workspace/Programming/Stm32_code/telemetry_adv_v1/Core/Src/main.c:1897:16:GPS_ParseCoordDeg	40	static
C:/Users/aweso/Downloads/sunseeker_projects_workspace/Programming/Stm32_code/telemetry_adv_v1/Core/Src/main.c:1912:16:GPS_ParseSpeedMph	40	static
C:/Users/aweso/Downloads/sunseeker_projects_workspace/Programming/Stm32_code/telemetry_adv_v1/Core/Src/main.c:1942:16:GPS_ParseDateTimeUtc	56	static
C:/Users/aweso/Downloads/sunseeker_projects_workspace/Programming/Stm32_code/telemetry_adv_v1/Core/Src/main.c:1986:13:FormatSignedFixed6	48	static
C:/Users/aweso/Downloads/sunseeker_projects_workspace/Programming/Stm32_code/telemetry_adv_v1/Core/Src/main.c:1995:13:FormatSignedMilli	48	static
C:/Users/aweso/Downloads/sunseeker_projects_workspace/Programming/Stm32_code/telemetry_adv_v1/Core/Src/main.c:2010:13:GPS_UpdateNavFromSentence	280	static
C:/Users/aweso/Downloads/sunseeker_projects_workspace/Programming/Stm32_code/telemetry_adv_v1/Core/Src/main.c:2122:13:GPS_ProcessByte	16	static
C:/Users/aweso/Downloads/sunseeker_projects_workspace/Programming/Stm32_code/telemetry_adv_v1/Core/Src/main.c:2153:13:GPS_Task	32	static
C:/Users/aweso/Downloads/sunseeker_projects_workspace/Programming/Stm32_code/telemetry_adv_v1/Core/Src/main.c:2174:16:ESP32_Exchange	32	static
C:/Users/aweso/Downloads/sunseeker_projects_workspace/Programming/Stm32_code/telemetry_adv_v1/Core/Src/main.c:2201:13:ESP32_QueueResponse	32	static
C:/Users/aweso/Downloads/sunseeker_projects_workspace/Programming/Stm32_code/telemetry_adv_v1/Core/Src/main.c:2212:13:ESP32_ExecuteCommand	136	static,ignoring_inline_asm
C:/Users/aweso/Downloads/sunseeker_projects_workspace/Programming/Stm32_code/telemetry_adv_v1/Core/Src/main.c:2353:13:ESP32_HandleCommand	216	static
C:/Users/aweso/Downloads/sunseeker_projects_workspace/Programming/Stm32_code/telemetry_adv_v1/Core/Src/main.c:2407:13:ESP32_ProcessRxFrame	192	static
C:/Users/aweso/Downloads/sunseeker_projects_workspace/Programming/Stm32_code/telemetry_adv_v1/Core/Src/main.c:2432:13:ESP32_Task	208	static
C:/Users/aweso/Downloads/sunseeker_projects_workspace/Programming/Stm32_code/telemetry_adv_v1/Core/Src/main.c:2499:13:RS232_Task	512	static,ignoring_inline_asm
C:/Users/aweso/Downloads/sunseeker_projects_workspace/Programming/Stm32_code/telemetry_adv_v1/Core/Src/main.c:2614:6:HAL_UART_TxCpltCallback	16	static
C:/Users/aweso/Downloads/sunseeker_projects_workspace/Programming/Stm32_code/telemetry_adv_v1/Core/Src/main.c:2625:6:HAL_UART_ErrorCallback	16	static
C:/Users/aweso/Downloads/sunseeker_projects_workspace/Programming/Stm32_code/telemetry_adv_v1/Core/Src/main.c:2635:13:ErrorFlags_SWV_Task	40	static
C:/Users/aweso/Downloads/sunseeker_projects_workspace/Programming/Stm32_code/telemetry_adv_v1/Core/Src/main.c:2655:13:StatusLED_Task	16	static
C:/Users/aweso/Downloads/sunseeker_projects_workspace/Programming/Stm32_code/telemetry_adv_v1/Core/Src/main.c:2684:5:main	8	static
C:/Users/aweso/Downloads/sunseeker_projects_workspace/Programming/Stm32_code/telemetry_adv_v1/Core/Src/main.c:2805:6:SystemClock_Config	88	static
C:/Users/aweso/Downloads/sunseeker_projects_workspace/Programming/Stm32_code/telemetry_adv_v1/Core/Src/main.c:2857:13:MX_CAN1_Init	8	static
C:/Users/aweso/Downloads/sunseeker_projects_workspace/Programming/Stm32_code/telemetry_adv_v1/Core/Src/main.c:2894:13:MX_I2C1_Init	8	static
C:/Users/aweso/Downloads/sunseeker_projects_workspace/Programming/Stm32_code/telemetry_adv_v1/Core/Src/main.c:2942:13:MX_RTC_Init	32	static
C:/Users/aweso/Downloads/sunseeker_projects_workspace/Programming/Stm32_code/telemetry_adv_v1/Core/Src/main.c:3041:13:MX_SPI1_Init	8	static
C:/Users/aweso/Downloads/sunseeker_projects_workspace/Programming/Stm32_code/telemetry_adv_v1/Core/Src/main.c:3079:13:MX_SPI2_Init	8	static
C:/Users/aweso/Downloads/sunseeker_projects_workspace/Programming/Stm32_code/telemetry_adv_v1/Core/Src/main.c:3118:13:MX_SPI3_Init	8	static
C:/Users/aweso/Downloads/sunseeker_projects_workspace/Programming/Stm32_code/telemetry_adv_v1/Core/Src/main.c:3156:13:MX_SPI4_Init	8	static
C:/Users/aweso/Downloads/sunseeker_projects_workspace/Programming/Stm32_code/telemetry_adv_v1/Core/Src/main.c:3194:13:MX_USART1_UART_Init	8	static
C:/Users/aweso/Downloads/sunseeker_projects_workspace/Programming/Stm32_code/telemetry_adv_v1/Core/Src/main.c:3227:13:MX_USB_OTG_FS_PCD_Init	8	static
C:/Users/aweso/Downloads/sunseeker_projects_workspace/Programming/Stm32_code/telemetry_adv_v1/Core/Src/main.c:3262:13:MX_GPIO_Init	56	static
C:/Users/aweso/Downloads/sunseeker_projects_workspace/Programming/Stm32_code/telemetry_adv_v1/Core/Src/main.c:3373:6:Error_Handler	8	static,ignoring_inline_asm
