../../Drivers/CMSIS/Include/core_cm4.h:2064:26:ITM_SendChar	4
C:/Users/aweso/Downloads/sunseeker_projects_workspace/Programming/Stm32_code/telemetry_adv_v1/Core/Src/main.c:495:5:__io_putchar	4
C:/Users/aweso/Downloads/sunseeker_projects_workspace/Programming/Stm32_code/telemetry_adv_v1/Core/Src/main.c:515:13:LED_Write	1
C:/Users/aweso/Downloads/sunseeker_projects_workspace/Programming/Stm32_code/telemetry_adv_v1/Core/Src/main.c:521:13:SetError	2
C:/Users/aweso/Downloads/sunseeker_projects_workspace/Programming/Stm32_code/telemetry_adv_v1/Core/Src/main.c:535:16:TelemetryDateTime_IsValid	13
C:/Users/aweso/Downloads/sunseeker_projects_workspace/Programming/Stm32_code/telemetry_adv_v1/Core/Src/main.c:552:16:TelemetryDateTime_CalcWeekday	3
C:/Users/aweso/Downloads/sunseeker_projects_workspace/Programming/Stm32_code/telemetry_adv_v1/Core/Src/main.c:564:16:STM32_RTC_Set	4
C:/Users/aweso/Downloads/sunseeker_projects_workspace/Programming/Stm32_code/telemetry_adv_v1/Core/Src/main.c:596:16:STM32_RTC_Read	5
C:/Users/aweso/Downloads/sunseeker_projects_workspace/Programming/Stm32_code/telemetry_adv_v1/Core/Src/main.c:617:13:TelemetryDateTime_Format	3
C:/Users/aweso/Downloads/sunseeker_projects_workspace/Programming/Stm32_code/telemetry_adv_v1/Core/Src/main.c:630:13:BoardUptime_Format	1
C:/Users/aweso/Downloads/sunseeker_projects_workspace/Programming/Stm32_code/telemetry_adv_v1/Core/Src/main.c:643:13:STM32_RTC_Task	3
C:/Users/aweso/Downloads/sunseeker_projects_workspace/Programming/Stm32_code/telemetry_adv_v1/Core/Src/main.c:668:17:MakeU32LE	1
C:/Users/aweso/Downloads/sunseeker_projects_workspace/Programming/Stm32_code/telemetry_adv_v1/Core/Src/main.c:678:17:ByteSwapU32	1
C:/Users/aweso/Downloads/sunseeker_projects_workspace/Programming/Stm32_code/telemetry_adv_v1/Core/Src/main.c:691:13:VehicleSpeed_UpdateFromCAN	4
C:/Users/aweso/Downloads/sunseeker_projects_workspace/Programming/Stm32_code/telemetry_adv_v1/Core/Src/main.c:707:13:VehicleSpeed_UpdateFromSources	13
C:/Users/aweso/Downloads/sunseeker_projects_workspace/Programming/Stm32_code/telemetry_adv_v1/Core/Src/main.c:750:13:CAN_Store	10
C:/Users/aweso/Downloads/sunseeker_projects_workspace/Programming/Stm32_code/telemetry_adv_v1/Core/Src/main.c:834:15:Future_BMI270_SPI_Read	7
C:/Users/aweso/Downloads/sunseeker_projects_workspace/Programming/Stm32_code/telemetry_adv_v1/Core/Src/main.c:857:15:Future_BMI270_SPI_Write	7
C:/Users/aweso/Downloads/sunseeker_projects_workspace/Programming/Stm32_code/telemetry_adv_v1/Core/Src/main.c:880:13:Future_BMI270_DelayUs	4
C:/Users/aweso/Downloads/sunseeker_projects_workspace/Programming/Stm32_code/telemetry_adv_v1/Core/Src/main.c:896:16:Future_BMI270_RawRead	3
C:/Users/aweso/Downloads/sunseeker_projects_workspace/Programming/Stm32_code/telemetry_adv_v1/Core/Src/main.c:916:16:Future_BMI270_Preflight	5
C:/Users/aweso/Downloads/sunseeker_projects_workspace/Programming/Stm32_code/telemetry_adv_v1/Core/Src/main.c:935:15:Future_BMI270_Init	4
C:/Users/aweso/Downloads/sunseeker_projects_workspace/Programming/Stm32_code/telemetry_adv_v1/Core/Src/main.c:988:16:Future_BMI270_AbsI32	1
C:/Users/aweso/Downloads/sunseeker_projects_workspace/Programming/Stm32_code/telemetry_adv_v1/Core/Src/main.c:993:13:Future_BMI270_ConvertSample	7
C:/Users/aweso/Downloads/sunseeker_projects_workspace/Programming/Stm32_code/telemetry_adv_v1/Core/Src/main.c:1008:15:Future_BMI270_CaptureRestGravity	9
C:/Users/aweso/Downloads/sunseeker_projects_workspace/Programming/Stm32_code/telemetry_adv_v1/Core/Src/main.c:1075:15:Future_BMI270_CalibrateAtRest	4
C:/Users/aweso/Downloads/sunseeker_projects_workspace/Programming/Stm32_code/telemetry_adv_v1/Core/Src/main.c:1111:15:Future_BMI270_StartAndCalibrate	3
C:/Users/aweso/Downloads/sunseeker_projects_workspace/Programming/Stm32_code/telemetry_adv_v1/Core/Src/main.c:1128:13:Future_BMI270_UpdateSpeed	27
C:/Users/aweso/Downloads/sunseeker_projects_workspace/Programming/Stm32_code/telemetry_adv_v1/Core/Src/main.c:1469:13:FutureSensors_Init	3
C:/Users/aweso/Downloads/sunseeker_projects_workspace/Programming/Stm32_code/telemetry_adv_v1/Core/Src/main.c:1487:13:FutureSensors_Task	12
C:/Users/aweso/Downloads/sunseeker_projects_workspace/Programming/Stm32_code/telemetry_adv_v1/Core/Src/main.c:1562:13:CAN_SWV_Task	8
C:/Users/aweso/Downloads/sunseeker_projects_workspace/Programming/Stm32_code/telemetry_adv_v1/Core/Src/main.c:1611:13:CAN_Drain	3
C:/Users/aweso/Downloads/sunseeker_projects_workspace/Programming/Stm32_code/telemetry_adv_v1/Core/Src/main.c:1631:19:Telemetry_CAN_SendCommand	8
C:/Users/aweso/Downloads/sunseeker_projects_workspace/Programming/Stm32_code/telemetry_adv_v1/Core/Src/main.c:1672:6:HAL_CAN_RxFifo0MsgPendingCallback	2
C:/Users/aweso/Downloads/sunseeker_projects_workspace/Programming/Stm32_code/telemetry_adv_v1/Core/Src/main.c:1678:6:HAL_CAN_ErrorCallback	2
C:/Users/aweso/Downloads/sunseeker_projects_workspace/Programming/Stm32_code/telemetry_adv_v1/Core/Src/main.c:1683:26:CAN_StartListenAll	3
C:/Users/aweso/Downloads/sunseeker_projects_workspace/Programming/Stm32_code/telemetry_adv_v1/Core/Src/main.c:1699:13:SD_LogSnapshot	13
C:/Users/aweso/Downloads/sunseeker_projects_workspace/Programming/Stm32_code/telemetry_adv_v1/Core/Src/main.c:1796:13:SD_Task	9
C:/Users/aweso/Downloads/sunseeker_projects_workspace/Programming/Stm32_code/telemetry_adv_v1/Core/Src/main.c:1822:16:GPS_ChecksumValid	13
C:/Users/aweso/Downloads/sunseeker_projects_workspace/Programming/Stm32_code/telemetry_adv_v1/Core/Src/main.c:1842:16:GPS_GetField	14
C:/Users/aweso/Downloads/sunseeker_projects_workspace/Programming/Stm32_code/telemetry_adv_v1/Core/Src/main.c:1882:16:GPS_IsNavSentence	8
C:/Users/aweso/Downloads/sunseeker_projects_workspace/Programming/Stm32_code/telemetry_adv_v1/Core/Src/main.c:1897:16:GPS_ParseCoordDeg	8
C:/Users/aweso/Downloads/sunseeker_projects_workspace/Programming/Stm32_code/telemetry_adv_v1/Core/Src/main.c:1912:16:GPS_ParseSpeedMph	14
C:/Users/aweso/Downloads/sunseeker_projects_workspace/Programming/Stm32_code/telemetry_adv_v1/Core/Src/main.c:1942:16:GPS_ParseDateTimeUtc	16
C:/Users/aweso/Downloads/sunseeker_projects_workspace/Programming/Stm32_code/telemetry_adv_v1/Core/Src/main.c:1986:13:FormatSignedFixed6	2
C:/Users/aweso/Downloads/sunseeker_projects_workspace/Programming/Stm32_code/telemetry_adv_v1/Core/Src/main.c:1995:13:FormatSignedMilli	3
C:/Users/aweso/Downloads/sunseeker_projects_workspace/Programming/Stm32_code/telemetry_adv_v1/Core/Src/main.c:2010:13:GPS_UpdateNavFromSentence	37
C:/Users/aweso/Downloads/sunseeker_projects_workspace/Programming/Stm32_code/telemetry_adv_v1/Core/Src/main.c:2122:13:GPS_ProcessByte	10
C:/Users/aweso/Downloads/sunseeker_projects_workspace/Programming/Stm32_code/telemetry_adv_v1/Core/Src/main.c:2153:13:GPS_Task	4
C:/Users/aweso/Downloads/sunseeker_projects_workspace/Programming/Stm32_code/telemetry_adv_v1/Core/Src/main.c:2174:16:ESP32_Exchange	6
C:/Users/aweso/Downloads/sunseeker_projects_workspace/Programming/Stm32_code/telemetry_adv_v1/Core/Src/main.c:2201:13:ESP32_QueueResponse	4
C:/Users/aweso/Downloads/sunseeker_projects_workspace/Programming/Stm32_code/telemetry_adv_v1/Core/Src/main.c:2212:13:ESP32_ExecuteCommand	28
C:/Users/aweso/Downloads/sunseeker_projects_workspace/Programming/Stm32_code/telemetry_adv_v1/Core/Src/main.c:2353:13:ESP32_HandleCommand	18
C:/Users/aweso/Downloads/sunseeker_projects_workspace/Programming/Stm32_code/telemetry_adv_v1/Core/Src/main.c:2407:13:ESP32_ProcessRxFrame	12
C:/Users/aweso/Downloads/sunseeker_projects_workspace/Programming/Stm32_code/telemetry_adv_v1/Core/Src/main.c:2432:13:ESP32_Task	6
C:/Users/aweso/Downloads/sunseeker_projects_workspace/Programming/Stm32_code/telemetry_adv_v1/Core/Src/main.c:2499:13:RS232_Task	15
C:/Users/aweso/Downloads/sunseeker_projects_workspace/Programming/Stm32_code/telemetry_adv_v1/Core/Src/main.c:2614:6:HAL_UART_TxCpltCallback	2
C:/Users/aweso/Downloads/sunseeker_projects_workspace/Programming/Stm32_code/telemetry_adv_v1/Core/Src/main.c:2625:6:HAL_UART_ErrorCallback	2
C:/Users/aweso/Downloads/sunseeker_projects_workspace/Programming/Stm32_code/telemetry_adv_v1/Core/Src/main.c:2635:13:ErrorFlags_SWV_Task	2
C:/Users/aweso/Downloads/sunseeker_projects_workspace/Programming/Stm32_code/telemetry_adv_v1/Core/Src/main.c:2655:13:StatusLED_Task	7
C:/Users/aweso/Downloads/sunseeker_projects_workspace/Programming/Stm32_code/telemetry_adv_v1/Core/Src/main.c:2684:5:main	2
C:/Users/aweso/Downloads/sunseeker_projects_workspace/Programming/Stm32_code/telemetry_adv_v1/Core/Src/main.c:2805:6:SystemClock_Config	3
C:/Users/aweso/Downloads/sunseeker_projects_workspace/Programming/Stm32_code/telemetry_adv_v1/Core/Src/main.c:2857:13:MX_CAN1_Init	2
C:/Users/aweso/Downloads/sunseeker_projects_workspace/Programming/Stm32_code/telemetry_adv_v1/Core/Src/main.c:2894:13:MX_I2C1_Init	4
C:/Users/aweso/Downloads/sunseeker_projects_workspace/Programming/Stm32_code/telemetry_adv_v1/Core/Src/main.c:2942:13:MX_RTC_Init	5
C:/Users/aweso/Downloads/sunseeker_projects_workspace/Programming/Stm32_code/telemetry_adv_v1/Core/Src/main.c:3041:13:MX_SPI1_Init	2
C:/Users/aweso/Downloads/sunseeker_projects_workspace/Programming/Stm32_code/telemetry_adv_v1/Core/Src/main.c:3079:13:MX_SPI2_Init	2
C:/Users/aweso/Downloads/sunseeker_projects_workspace/Programming/Stm32_code/telemetry_adv_v1/Core/Src/main.c:3118:13:MX_SPI3_Init	2
C:/Users/aweso/Downloads/sunseeker_projects_workspace/Programming/Stm32_code/telemetry_adv_v1/Core/Src/main.c:3156:13:MX_SPI4_Init	2
C:/Users/aweso/Downloads/sunseeker_projects_workspace/Programming/Stm32_code/telemetry_adv_v1/Core/Src/main.c:3194:13:MX_USART1_UART_Init	2
C:/Users/aweso/Downloads/sunseeker_projects_workspace/Programming/Stm32_code/telemetry_adv_v1/Core/Src/main.c:3227:13:MX_USB_OTG_FS_PCD_Init	2
C:/Users/aweso/Downloads/sunseeker_projects_workspace/Programming/Stm32_code/telemetry_adv_v1/Core/Src/main.c:3262:13:MX_GPIO_Init	1
C:/Users/aweso/Downloads/sunseeker_projects_workspace/Programming/Stm32_code/telemetry_adv_v1/Core/Src/main.c:3373:6:Error_Handler	1
