../../Drivers/CMSIS/Include/core_cm4.h:2064:26:ITM_SendChar	4
../../Core/Inc/telemetry_protocol.h:52:24:telemetry_crc16	4
../../Core/Inc/telemetry_protocol.h:67:20:telemetry_frame_build	4
../../Core/Inc/telemetry_protocol.h:93:23:telemetry_frame_validate	6
C:/Users/aweso/Downloads/sunseeker_projects_workspace/Programming/Stm32_code/esp32_testing/Core/Src/main.c:112:5:__io_putchar	1
C:/Users/aweso/Downloads/sunseeker_projects_workspace/Programming/Stm32_code/esp32_testing/Core/Src/main.c:118:13:ITM_PrintFrame	3
C:/Users/aweso/Downloads/sunseeker_projects_workspace/Programming/Stm32_code/esp32_testing/Core/Src/main.c:131:13:ITM_PrintTestResult	1
C:/Users/aweso/Downloads/sunseeker_projects_workspace/Programming/Stm32_code/esp32_testing/Core/Src/main.c:148:16:ESP32_WaitReady	3
C:/Users/aweso/Downloads/sunseeker_projects_workspace/Programming/Stm32_code/esp32_testing/Core/Src/main.c:162:16:ESP32_WaitReadyLow	3
C:/Users/aweso/Downloads/sunseeker_projects_workspace/Programming/Stm32_code/esp32_testing/Core/Src/main.c:178:16:ESP32_ExchangeFrame	4
C:/Users/aweso/Downloads/sunseeker_projects_workspace/Programming/Stm32_code/esp32_testing/Core/Src/main.c:202:16:ESP32_RPC	13
C:/Users/aweso/Downloads/sunseeker_projects_workspace/Programming/Stm32_code/esp32_testing/Core/Src/main.c:269:16:ESP32_PingTest	5
C:/Users/aweso/Downloads/sunseeker_projects_workspace/Programming/Stm32_code/esp32_testing/Core/Src/main.c:302:5:main	2
C:/Users/aweso/Downloads/sunseeker_projects_workspace/Programming/Stm32_code/esp32_testing/Core/Src/main.c:376:6:SystemClock_Config	3
C:/Users/aweso/Downloads/sunseeker_projects_workspace/Programming/Stm32_code/esp32_testing/Core/Src/main.c:428:13:MX_SPI4_Init	2
C:/Users/aweso/Downloads/sunseeker_projects_workspace/Programming/Stm32_code/esp32_testing/Core/Src/main.c:466:13:MX_USB_OTG_FS_PCD_Init	2
C:/Users/aweso/Downloads/sunseeker_projects_workspace/Programming/Stm32_code/esp32_testing/Core/Src/main.c:501:13:MX_GPIO_Init	1
C:/Users/aweso/Downloads/sunseeker_projects_workspace/Programming/Stm32_code/esp32_testing/Core/Src/main.c:572:6:Error_Handler	1
