C:/Users/aweso/Downloads/sunseeker_projects_workspace/Programming/Stm32_code/RS232_testing/Core/Src/main.c:150:5:__io_putchar	24	static
C:/Users/aweso/Downloads/sunseeker_projects_workspace/Programming/Stm32_code/RS232_testing/Core/Src/main.c:179:13:SetLed	16	static
C:/Users/aweso/Downloads/sunseeker_projects_workspace/Programming/Stm32_code/RS232_testing/Core/Src/main.c:186:26:CAN1_ListenAllStart	48	static
C:/Users/aweso/Downloads/sunseeker_projects_workspace/Programming/Stm32_code/RS232_testing/Core/Src/main.c:215:17:CAN_MakeU32LE	16	static
C:/Users/aweso/Downloads/sunseeker_projects_workspace/Programming/Stm32_code/RS232_testing/Core/Src/main.c:223:13:SunRaw_UpdateFromCAN	32	static
C:/Users/aweso/Downloads/sunseeker_projects_workspace/Programming/Stm32_code/RS232_testing/Core/Src/main.c:245:13:CAN1_DrainRxFifo	48	static
C:/Users/aweso/Downloads/sunseeker_projects_workspace/Programming/Stm32_code/RS232_testing/Core/Src/main.c:275:6:HAL_CAN_RxFifo0MsgPendingCallback	16	static
C:/Users/aweso/Downloads/sunseeker_projects_workspace/Programming/Stm32_code/RS232_testing/Core/Src/main.c:283:12:SunRaw_BuildBlock	72	static,ignoring_inline_asm
C:/Users/aweso/Downloads/sunseeker_projects_workspace/Programming/Stm32_code/RS232_testing/Core/Src/main.c:358:13:RS232_SendSunRawBlock	56	static
C:/Users/aweso/Downloads/sunseeker_projects_workspace/Programming/Stm32_code/RS232_testing/Core/Src/main.c:416:13:StatusLeds_Task	16	static
C:/Users/aweso/Downloads/sunseeker_projects_workspace/Programming/Stm32_code/RS232_testing/Core/Src/main.c:450:5:main	104	static,ignoring_inline_asm
C:/Users/aweso/Downloads/sunseeker_projects_workspace/Programming/Stm32_code/RS232_testing/Core/Src/main.c:573:6:SystemClock_Config	88	static
C:/Users/aweso/Downloads/sunseeker_projects_workspace/Programming/Stm32_code/RS232_testing/Core/Src/main.c:627:13:MX_CAN1_Init	8	static
C:/Users/aweso/Downloads/sunseeker_projects_workspace/Programming/Stm32_code/RS232_testing/Core/Src/main.c:664:13:MX_USART1_UART_Init	8	static
C:/Users/aweso/Downloads/sunseeker_projects_workspace/Programming/Stm32_code/RS232_testing/Core/Src/main.c:697:13:MX_USB_OTG_FS_PCD_Init	8	static
C:/Users/aweso/Downloads/sunseeker_projects_workspace/Programming/Stm32_code/RS232_testing/Core/Src/main.c:732:13:MX_GPIO_Init	48	static
C:/Users/aweso/Downloads/sunseeker_projects_workspace/Programming/Stm32_code/RS232_testing/Core/Src/main.c:785:6:Error_Handler	4	static,ignoring_inline_asm
