Archive member included to satisfy reference by file (symbol)

C:/ST/STM32CubeIDE_1.17.0/STM32CubeIDE/plugins/com.st.stm32cube.ide.mcu.externaltools.gnu-tools-for-stm32.12.3.rel1.win32_1.1.0.202410251130/tools/bin/../lib/gcc/arm-none-eabi/12.3.1/../../../../arm-none-eabi/lib/thumb/v7e-m+fp/hard\libc_nano.a(libc_a-exit.o)
                              C:/ST/STM32CubeIDE_1.17.0/STM32CubeIDE/plugins/com.st.stm32cube.ide.mcu.externaltools.gnu-tools-for-stm32.12.3.rel1.win32_1.1.0.202410251130/tools/bin/../lib/gcc/arm-none-eabi/12.3.1/../../../../arm-none-eabi/lib/thumb/v7e-m+fp/hard/crt0.o (exit)
C:/ST/STM32CubeIDE_1.17.0/STM32CubeIDE/plugins/com.st.stm32cube.ide.mcu.externaltools.gnu-tools-for-stm32.12.3.rel1.win32_1.1.0.202410251130/tools/bin/../lib/gcc/arm-none-eabi/12.3.1/../../../../arm-none-eabi/lib/thumb/v7e-m+fp/hard\libc_nano.a(libc_a-findfp.o)
                              C:/ST/STM32CubeIDE_1.17.0/STM32CubeIDE/plugins/com.st.stm32cube.ide.mcu.externaltools.gnu-tools-for-stm32.12.3.rel1.win32_1.1.0.202410251130/tools/bin/../lib/gcc/arm-none-eabi/12.3.1/../../../../arm-none-eabi/lib/thumb/v7e-m+fp/hard\libc_nano.a(libc_a-exit.o) (__stdio_exit_handler)
C:/ST/STM32CubeIDE_1.17.0/STM32CubeIDE/plugins/com.st.stm32cube.ide.mcu.externaltools.gnu-tools-for-stm32.12.3.rel1.win32_1.1.0.202410251130/tools/bin/../lib/gcc/arm-none-eabi/12.3.1/../../../../arm-none-eabi/lib/thumb/v7e-m+fp/hard\libc_nano.a(libc_a-fwalk.o)
                              C:/ST/STM32CubeIDE_1.17.0/STM32CubeIDE/plugins/com.st.stm32cube.ide.mcu.externaltools.gnu-tools-for-stm32.12.3.rel1.win32_1.1.0.202410251130/tools/bin/../lib/gcc/arm-none-eabi/12.3.1/../../../../arm-none-eabi/lib/thumb/v7e-m+fp/hard\libc_nano.a(libc_a-findfp.o) (_fwalk_sglue)
C:/ST/STM32CubeIDE_1.17.0/STM32CubeIDE/plugins/com.st.stm32cube.ide.mcu.externaltools.gnu-tools-for-stm32.12.3.rel1.win32_1.1.0.202410251130/tools/bin/../lib/gcc/arm-none-eabi/12.3.1/../../../../arm-none-eabi/lib/thumb/v7e-m+fp/hard\libc_nano.a(libc_a-printf.o)
                              ./Application/User/Core/main.o (printf)
C:/ST/STM32CubeIDE_1.17.0/STM32CubeIDE/plugins/com.st.stm32cube.ide.mcu.externaltools.gnu-tools-for-stm32.12.3.rel1.win32_1.1.0.202410251130/tools/bin/../lib/gcc/arm-none-eabi/12.3.1/../../../../arm-none-eabi/lib/thumb/v7e-m+fp/hard\libc_nano.a(libc_a-puts.o)
                              ./Application/User/Core/main.o (puts)
C:/ST/STM32CubeIDE_1.17.0/STM32CubeIDE/plugins/com.st.stm32cube.ide.mcu.externaltools.gnu-tools-for-stm32.12.3.rel1.win32_1.1.0.202410251130/tools/bin/../lib/gcc/arm-none-eabi/12.3.1/../../../../arm-none-eabi/lib/thumb/v7e-m+fp/hard\libc_nano.a(libc_a-stdio.o)
                              C:/ST/STM32CubeIDE_1.17.0/STM32CubeIDE/plugins/com.st.stm32cube.ide.mcu.externaltools.gnu-tools-for-stm32.12.3.rel1.win32_1.1.0.202410251130/tools/bin/../lib/gcc/arm-none-eabi/12.3.1/../../../../arm-none-eabi/lib/thumb/v7e-m+fp/hard\libc_nano.a(libc_a-findfp.o) (__sread)
C:/ST/STM32CubeIDE_1.17.0/STM32CubeIDE/plugins/com.st.stm32cube.ide.mcu.externaltools.gnu-tools-for-stm32.12.3.rel1.win32_1.1.0.202410251130/tools/bin/../lib/gcc/arm-none-eabi/12.3.1/../../../../arm-none-eabi/lib/thumb/v7e-m+fp/hard\libc_nano.a(libc_a-wbuf.o)
                              C:/ST/STM32CubeIDE_1.17.0/STM32CubeIDE/plugins/com.st.stm32cube.ide.mcu.externaltools.gnu-tools-for-stm32.12.3.rel1.win32_1.1.0.202410251130/tools/bin/../lib/gcc/arm-none-eabi/12.3.1/../../../../arm-none-eabi/lib/thumb/v7e-m+fp/hard\libc_nano.a(libc_a-puts.o) (__swbuf_r)
C:/ST/STM32CubeIDE_1.17.0/STM32CubeIDE/plugins/com.st.stm32cube.ide.mcu.externaltools.gnu-tools-for-stm32.12.3.rel1.win32_1.1.0.202410251130/tools/bin/../lib/gcc/arm-none-eabi/12.3.1/../../../../arm-none-eabi/lib/thumb/v7e-m+fp/hard\libc_nano.a(libc_a-wsetup.o)
                              C:/ST/STM32CubeIDE_1.17.0/STM32CubeIDE/plugins/com.st.stm32cube.ide.mcu.externaltools.gnu-tools-for-stm32.12.3.rel1.win32_1.1.0.202410251130/tools/bin/../lib/gcc/arm-none-eabi/12.3.1/../../../../arm-none-eabi/lib/thumb/v7e-m+fp/hard\libc_nano.a(libc_a-puts.o) (__swsetup_r)
C:/ST/STM32CubeIDE_1.17.0/STM32CubeIDE/plugins/com.st.stm32cube.ide.mcu.externaltools.gnu-tools-for-stm32.12.3.rel1.win32_1.1.0.202410251130/tools/bin/../lib/gcc/arm-none-eabi/12.3.1/../../../../arm-none-eabi/lib/thumb/v7e-m+fp/hard\libc_nano.a(libc_a-memset.o)
                              C:/ST/STM32CubeIDE_1.17.0/STM32CubeIDE/plugins/com.st.stm32cube.ide.mcu.externaltools.gnu-tools-for-stm32.12.3.rel1.win32_1.1.0.202410251130/tools/bin/../lib/gcc/arm-none-eabi/12.3.1/../../../../arm-none-eabi/lib/thumb/v7e-m+fp/hard/crt0.o (memset)
C:/ST/STM32CubeIDE_1.17.0/STM32CubeIDE/plugins/com.st.stm32cube.ide.mcu.externaltools.gnu-tools-for-stm32.12.3.rel1.win32_1.1.0.202410251130/tools/bin/../lib/gcc/arm-none-eabi/12.3.1/../../../../arm-none-eabi/lib/thumb/v7e-m+fp/hard\libc_nano.a(libc_a-closer.o)
[...]
Memory Configuration

Name             Origin             Length             Attributes
CCMRAM           0x10000000         0x00010000         xrw
RAM              0x20000000         0x00030000         xrw
FLASH            0x08000000         0x00200000         xr
*default*        0x00000000         0xffffffff

Linker script and memory map

LOAD C:/ST/STM32CubeIDE_1.17.0/STM32CubeIDE/plugins/com.st.stm32cube.ide.mcu.externaltools.gnu-tools-for-stm32.12.3.rel1.win32_1.1.0.202410251130/tools/bin/../lib/gcc/arm-none-eabi/12.3.1/thumb/v7e-m+fp/hard/crti.o
LOAD C:/ST/STM32CubeIDE_1.17.0/STM32CubeIDE/plugins/com.st.stm32cube.ide.mcu.externaltools.gnu-tools-for-stm32.12.3.rel1.win32_1.1.0.202410251130/tools/bin/../lib/gcc/arm-none-eabi/12.3.1/thumb/v7e-m+fp/hard/crtbegin.o
LOAD C:/ST/STM32CubeIDE_1.17.0/STM32CubeIDE/plugins/com.st.stm32cube.ide.mcu.externaltools.gnu-tools-for-stm32.12.3.rel1.win32_1.1.0.202410251130/tools/bin/../lib/gcc/arm-none-eabi/12.3.1/../../../../arm-none-eabi/lib/thumb/v7e-m+fp/hard/crt0.o
LOAD ./Application/User/Core/main.o
LOAD ./Application/User/Core/stm32f4xx_hal_msp.o
LOAD ./Application/User/Core/stm32f4xx_it.o
LOAD ./Application/User/Core/syscalls.o
LOAD ./Application/User/Core/sysmem.o
LOAD ./Application/User/FATFS/App/fatfs.o
LOAD ./Application/User/FATFS/Target/user_diskio.o
LOAD ./Application/User/Startup/startup_stm32f437vitx.o
LOAD ./Drivers/CMSIS/system_stm32f4xx.o
LOAD ./Drivers/STM32F4xx_HAL_Driver/stm32f4xx_hal.o
LOAD ./Drivers/STM32F4xx_HAL_Driver/stm32f4xx_hal_can.o
LOAD ./Drivers/STM32F4xx_HAL_Driver/stm32f4xx_hal_cortex.o
LOAD ./Drivers/STM32F4xx_HAL_Driver/stm32f4xx_hal_dma.o
LOAD ./Drivers/STM32F4xx_HAL_Driver/stm32f4xx_hal_dma_ex.o
LOAD ./Drivers/STM32F4xx_HAL_Driver/stm32f4xx_hal_exti.o
LOAD ./Drivers/STM32F4xx_HAL_Driver/stm32f4xx_hal_flash.o
LOAD ./Drivers/STM32F4xx_HAL_Driver/stm32f4xx_hal_flash_ex.o
LOAD ./Drivers/STM32F4xx_HAL_Driver/stm32f4xx_hal_flash_ramfunc.o
LOAD ./Drivers/STM32F4xx_HAL_Driver/stm32f4xx_hal_gpio.o
LOAD ./Drivers/STM32F4xx_HAL_Driver/stm32f4xx_hal_pwr.o
LOAD ./Drivers/STM32F4xx_HAL_Driver/stm32f4xx_hal_pwr_ex.o
LOAD ./Drivers/STM32F4xx_HAL_Driver/stm32f4xx_hal_rcc.o
LOAD ./Drivers/STM32F4xx_HAL_Driver/stm32f4xx_hal_rcc_ex.o
LOAD ./Drivers/STM32F4xx_HAL_Driver/stm32f4xx_hal_spi.o
LOAD ./Middlewares/FatFs/diskio.o
LOAD ./Middlewares/FatFs/ff.o
LOAD ./Middlewares/FatFs/ff_gen_drv.o
LOAD ./Middlewares/FatFs/syscall.o
START GROUP
LOAD C:/ST/STM32CubeIDE_1.17.0/STM32CubeIDE/plugins/com.st.stm32cube.ide.mcu.externaltools.gnu-tools-for-stm32.12.3.rel1.win32_1.1.0.202410251130/tools/bin/../lib/gcc/arm-none-eabi/12.3.1/../../../../arm-none-eabi/lib/thumb/v7e-m+fp/hard\libc_nano.a
LOAD C:/ST/STM32CubeIDE_1.17.0/STM32CubeIDE/plugins/com.st.stm32cube.ide.mcu.externaltools.gnu-tools-for-stm32.12.3.rel1.win32_1.1.0.202410251130/tools/bin/../lib/gcc/arm-none-eabi/12.3.1/../../../../arm-none-eabi/lib/thumb/v7e-m+fp/hard\libm.a
END GROUP
START GROUP
LOAD C:/ST/STM32CubeIDE_1.17.0/STM32CubeIDE/plugins/com.st.stm32cube.ide.mcu.externaltools.gnu-tools-for-stm32.12.3.rel1.win32_1.1.0.202410251130/tools/bin/../lib/gcc/arm-none-eabi/12.3.1/thumb/v7e-m+fp/hard\libgcc.a
LOAD C:/ST/STM32CubeIDE_1.17.0/STM32CubeIDE/plugins/com.st.stm32cube.ide.mcu.externaltools.gnu-tools-for-stm32.12.3.rel1.win32_1.1.0.202410251130/tools/bin/../lib/gcc/arm-none-eabi/12.3.1/../../../../arm-none-eabi/lib/thumb/v7e-m+fp/hard\libc_nano.a
END GROUP
START GROUP
LOAD C:/ST/STM32CubeIDE_1.17.0/STM32CubeIDE/plugins/com.st.stm32cube.ide.mcu.externaltools.gnu-tools-for-stm32.12.3.rel1.win32_1.1.0.202410251130/tools/bin/../lib/gcc/arm-none-eabi/12.3.1/thumb/v7e-m+fp/hard\libgcc.a
LOAD C:/ST/STM32CubeIDE_1.17.0/STM32CubeIDE/plugins/com.st.stm32cube.ide.mcu.externaltools.gnu-tools-for-stm32.12.3.rel1.win32_1.1.0.202410251130/tools/bin/../lib/gcc/arm-none-eabi/12.3.1/../../../../arm-none-eabi/lib/thumb/v7e-m+fp/hard\libc_nano.a
LOAD C:/ST/STM32CubeIDE_1.17.0/STM32CubeIDE/plugins/com.st.stm32cube.ide.mcu.externaltools.gnu-tools-for-stm32.12.3.rel1.win32_1.1.0.202410251130/tools/bin/../lib/gcc/arm-none-eabi/12.3.1/../../../../arm-none-eabi/lib/thumb/v7e-m+fp/hard\libnosys.a
END GROUP
START GROUP
LOAD C:/ST/STM32CubeIDE_1.17.0/STM32CubeIDE/plugins/com.st.stm32cube.ide.mcu.externaltools.gnu-tools-for-stm32.12.3.rel1.win32_1.1.0.202410251130/tools/bin/../lib/gcc/arm-none-eabi/12.3.1/thumb/v7e-m+fp/hard\libgcc.a
LOAD C:/ST/STM32CubeIDE_1.17.0/STM32CubeIDE/plugins/com.st.stm32cube.ide.mcu.externaltools.gnu-tools-for-stm32.12.3.rel1.win32_1.1.0.202410251130/tools/bin/../lib/gcc/arm-none-eabi/12.3.1/../../../../arm-none-eabi/lib/thumb/v7e-m+fp/hard\libc_nano.a
LOAD C:/ST/STM32CubeIDE_1.17.0/STM32CubeIDE/plugins/com.st.stm32cube.ide.mcu.externaltools.gnu-tools-for-stm32.12.3.rel1.win32_1.1.0.202410251130/tools/bin/../lib/gcc/arm-none-eabi/12.3.1/../../../../arm-none-eabi/lib/thumb/v7e-m+fp/hard\libnosys.a
END GROUP
LOAD C:/ST/STM32CubeIDE_1.17.0/STM32CubeIDE/plugins/com.st.stm32cube.ide.mcu.externaltools.gnu-tools-for-stm32.12.3.rel1.win32_1.1.0.202410251130/tools/bin/../lib/gcc/arm-none-eabi/12.3.1/thumb/v7e-m+fp/hard/crtend.o
LOAD C:/ST/STM32CubeIDE_1.17.0/STM32CubeIDE/plugins/com.st.stm32cube.ide.mcu.externaltools.gnu-tools-for-stm32.12.3.rel1.win32_1.1.0.202410251130/tools/bin/../lib/gcc/arm-none-eabi/12.3.1/thumb/v7e-m+fp/hard/crtn.o
                0x20030000                        _estack = (ORIGIN (RAM) + LENGTH (RAM))
                0x00000200                        _Min_Heap_Size = 0x200
                0x00000400                        _Min_Stack_Size = 0x400

.isr_vector     0x08000000      0x1ac
                0x08000000                        . = ALIGN (0x4)
 *(.isr_vector)
 .isr_vector    0x08000000      0x1ac ./Application/User/Startup/startup_stm32f437vitx.o
                0x08000000                g_pfnVectors
                0x080001ac                        . = ALIGN (0x4)

.text           0x080001b0     0x9668
                0x080001b0                        . = ALIGN (0x4)
 *(.text)
 .text          0x080001b0       0x40 C:/ST/STM32CubeIDE_1.17.0/STM32CubeIDE/plugins/com.st.stm32cube.ide.mcu.externaltools.gnu-tools-for-stm32.12.3.rel1.win32_1.1.0.202410251130/tools/bin/../lib/gcc/arm-none-eabi/12.3.1/thumb/v7e-m+fp/hard/crtbegin.o
 .text          0x080001f0       0xa0 C:/ST/STM32CubeIDE_1.17.0/STM32CubeIDE/plugins/com.st.stm32cube.ide.mcu.externaltools.gnu-tools-for-stm32.12.3.rel1.win32_1.1.0.202410251130/tools/bin/../lib/gcc/arm-none-eabi/12.3.1/../../../../arm-none-eabi/lib/thumb/v7e-m+fp/hard\libc_nano.a(libc_a-memchr.o)
                0x080001f0                memchr
 .text          0x08000290       0x30 C:/ST/STM32CubeIDE_1.17.0/STM32CubeIDE/plugins/com.st.stm32cube.ide.mcu.externaltools.gnu-tools-for-stm32.12.3.rel1.win32_1.1.0.202410251130/tools/bin/../lib/gcc/arm-none-eabi/12.3.1/thumb/v7e-m+fp/hard\libgcc.a(_aeabi_uldivmod.o)
                0x08000290                __aeabi_uldivmod
 .text          0x080002c0      0x2bc C:/ST/STM32CubeIDE_1.17.0/STM32CubeIDE/plugins/com.st.stm32cube.ide.mcu.externaltools.gnu-tools-for-stm32.12.3.rel1.win32_1.1.0.202410251130/tools/bin/../lib/gcc/arm-none-eabi/12.3.1/thumb/v7e-m+fp/hard\libgcc.a(_udivmoddi4.o)
                0x080002c0                __udivmoddi4
 .text          0x0800057c        0x4 C:/ST/STM32CubeIDE_1.17.0/STM32CubeIDE/plugins/com.st.stm32cube.ide.mcu.externaltools.gnu-tools-for-stm32.12.3.rel1.win32_1.1.0.202410251130/tools/bin/../lib/gcc/arm-none-eabi/12.3.1/thumb/v7e-m+fp/hard\libgcc.a(_dvmd_tls.o)
                0x0800057c                __aeabi_idiv0
                0x0800057c                __aeabi_ldiv0
 *(.text*)
 .text.__io_putchar
                0x08000580       0x74 ./Application/User/Core/main.o
                0x08000580                __io_putchar
 .text.main     0x080005f4      0x198 ./Application/User/Core/main.o
                0x080005f4                main
 .text.SystemClock_Config
                0x0800078c       0xf8 ./Application/User/Core/main.o
                0x0800078c                SystemClock_Config
 .text.MX_CAN1_Init
                0x08000884       0x6c ./Application/User/Core/main.o
 .text.MX_SPI3_Init
                0x080008f0       0x6c ./Application/User/Core/main.o
 .text.MX_GPIO_Init
                0x0800095c      0x190 ./Application/User/Core/main.o
 .text.Heartbeat_Task
                0x08000aec       0x48 ./Application/User/Core/main.o
 .text.App_DebugPrint_Task
                0x08000b34      0x170 ./Application/User/Core/main.o
 .text.CAN1_ListenAllStart
                0x08000ca4       0x8c ./Application/User/Core/main.o
 .text.CAN_PollRx_Task
                0x08000d30       0x2c ./Application/User/Core/main.o
 .text.CAN_DrainRxFifo
                0x08000d5c      0x1ac ./Application/User/Core/main.o
 .text.CAN_RecordRxFrame
                0x08000f08       0x84 ./Application/User/Core/main.o
 .text.HAL_CAN_RxFifo0FullCallback
                0x08000f8c       0x50 ./Application/User/Core/main.o
                0x08000f8c                HAL_CAN_RxFifo0FullCallback
 .text.CAN_TxSimple_Task
                0x08000fdc      0x160 ./Application/User/Core/main.o
 .text.CAN_TxEventLog_Task
                0x0800113c       0xfc ./Application/User/Core/main.o
 .text.CAN_RecordTxEvent
                0x08001238       0x90 ./Application/User/Core/main.o
 .text.HAL_CAN_RxFifo0MsgPendingCallback
                0x080012c8       0x50 ./Application/User/Core/main.o
                0x080012c8                HAL_CAN_RxFifo0MsgPendingCallback
 .text.HAL_CAN_TxMailbox0CompleteCallback
                0x08001318       0x44 ./Application/User/Core/main.o
                0x08001318                HAL_CAN_TxMailbox0CompleteCallback
 .text.HAL_CAN_TxMailbox1CompleteCallback
                0x0800135c       0x44 ./Application/User/Core/main.o
                0x0800135c                HAL_CAN_TxMailbox1CompleteCallback
 .text.HAL_CAN_TxMailbox2CompleteCallback
                0x080013a0       0x44 ./Application/User/Core/main.o
                0x080013a0                HAL_CAN_TxMailbox2CompleteCallback
 .text.HAL_CAN_TxMailbox0AbortCallback
                0x080013e4       0x34 ./Application/User/Core/main.o
                0x080013e4                HAL_CAN_TxMailbox0AbortCallback
 .text.HAL_CAN_TxMailbox1AbortCallback
                0x08001418       0x34 ./Application/User/Core/main.o
                0x08001418                HAL_CAN_TxMailbox1AbortCallback
 .text.HAL_CAN_TxMailbox2AbortCallback
                0x0800144c       0x34 ./Application/User/Core/main.o
                0x0800144c                HAL_CAN_TxMailbox2AbortCallback
 .text.HAL_CAN_ErrorCallback
                0x08001480       0x34 ./Application/User/Core/main.o
                0x08001480                HAL_CAN_ErrorCallback
 .text.CAN_DebugPrint_Task
                0x080014b4      0x1f0 ./Application/User/Core/main.o
 .text.CAN_PrintErrorFlags
                0x080016a4      0x2b4 ./Application/User/Core/main.o
 .text.CAN_TxEventName
                0x08001958       0x48 ./Application/User/Core/main.o
 .text.CAN_ModeName
                0x080019a0       0x6c ./Application/User/Core/main.o
 .text.CAN_LecName
                0x08001a0c       0x88 ./Application/User/Core/main.o
 .text.CanStatusLed_Task
                0x08001a94       0xa8 ./Application/User/Core/main.o
 .text.CAN_QueueSimpleFrame
                0x08001b3c       0x78 ./Application/User/Core/main.o
 .text.SdCardStatus_Task
                0x08001bb4      0x17c ./Application/User/Core/main.o
 .text.CAN_SDLog_Task
                0x08001d30       0x94 ./Application/User/Core/main.o
 .text.SdCard_RunCsvWriteTest
                0x08001dc4       0x34 ./Application/User/Core/main.o
 .text.SdCard_AppendCsvRow
                0x08001df8      0x31c ./Application/User/Core/main.o
 .text.FormatCanDataHex
                0x08002114       0x98 ./Application/User/Core/main.o
 .text.SdTestStateName
                0x080021ac       0x48 ./Application/User/Core/main.o
 .text.FatFsResultName
                0x080021f4      0x11c ./Application/User/Core/main.o
 .text.IsSdCardDetected
                0x08002310       0x24 ./Application/User/Core/main.o
 .text.GpioPinStateName
                0x08002334       0x2c ./Application/User/Core/main.o
 .text.SetLed   0x08002360       0x30 ./Application/User/Core/main.o
 .text.SetErrorLed
                0x08002390       0x24 ./Application/User/Core/main.o
 .text.SetSdStatusLed
                0x080023b4       0x24 ./Application/User/Core/main.o
 .text.SetCanStatusLed
                0x080023d8       0x24 ./Application/User/Core/main.o
 .text.Error_Handler
                0x080023fc       0x40 ./Application/User/Core/main.o
                0x080023fc                Error_Handler
 .text.HAL_MspInit
                0x0800243c       0x50 ./Application/User/Core/stm32f4xx_hal_msp.o
                0x0800243c                HAL_MspInit
 .text.HAL_CAN_MspInit
                0x0800248c       0xc0 ./Application/User/Core/stm32f4xx_hal_msp.o
                0x0800248c                HAL_CAN_MspInit
 .text.HAL_SPI_MspInit
                0x0800254c       0xa0 ./Application/User/Core/stm32f4xx_hal_msp.o
                0x0800254c                HAL_SPI_MspInit
 .text.NMI_Handler
                0x080025ec        0xc ./Application/User/Core/stm32f4xx_it.o
                0x080025ec                NMI_Handler
 .text.HardFault_Handler
                0x080025f8        0x8 ./Application/User/Core/stm32f4xx_it.o
                0x080025f8                HardFault_Handler
 .text.MemManage_Handler
                0x08002600        0x8 ./Application/User/Core/stm32f4xx_it.o
                0x08002600                MemManage_Handler
 .text.BusFault_Handler
                0x08002608        0x8 ./Application/User/Core/stm32f4xx_it.o
                0x08002608                BusFault_Handler
 .text.UsageFault_Handler
                0x08002610        0x8 ./Application/User/Core/stm32f4xx_it.o
                0x08002610                UsageFault_Handler
 .text.SVC_Handler
                0x08002618        0xe ./Application/User/Core/stm32f4xx_it.o
                0x08002618                SVC_Handler
 .text.DebugMon_Handler
                0x08002626        0xe ./Application/User/Core/stm32f4xx_it.o
                0x08002626                DebugMon_Handler
 .text.PendSV_Handler
                0x08002634        0xe ./Application/User/Core/stm32f4xx_it.o
                0x08002634                PendSV_Handler
 .text.SysTick_Handler
                0x08002642        0xc ./Application/User/Core/stm32f4xx_it.o
                0x08002642                SysTick_Handler
 *fill*         0x0800264e        0x2 
 .text.CAN1_TX_IRQHandler
                0x08002650       0x14 ./Application/User/Core/stm32f4xx_it.o
                0x08002650                CAN1_TX_IRQHandler
 .text.CAN1_RX0_IRQHandler
                0x08002664       0x14 ./Application/User/Core/stm32f4xx_it.o
                0x08002664                CAN1_RX0_IRQHandler
 .text.CAN1_RX1_IRQHandler
                0x08002678       0x14 ./Application/User/Core/stm32f4xx_it.o
                0x08002678                CAN1_RX1_IRQHandler
 .text.SPI3_IRQHandler
                0x0800268c       0x14 ./Application/User/Core/stm32f4xx_it.o
                0x0800268c                SPI3_IRQHandler
 .text._read    0x080026a0       0x3a ./Application/User/Core/syscalls.o
                0x080026a0                _read
 .text._write   0x080026da       0x38 ./Application/User/Core/syscalls.o
                0x080026da                _write
 .text._close   0x08002712       0x18 ./Application/User/Core/syscalls.o
                0x08002712                _close
 .text._fstat   0x0800272a       0x20 ./Application/User/Core/syscalls.o
                0x0800272a                _fstat
 .text._isatty  0x0800274a       0x16 ./Application/User/Core/syscalls.o
                0x0800274a                _isatty
 .text._lseek   0x08002760       0x1a ./Application/User/Core/syscalls.o
                0x08002760                _lseek
 *fill*         0x0800277a        0x2 
 .text._sbrk    0x0800277c       0x6c ./Application/User/Core/sysmem.o
                0x0800277c                _sbrk
 .text.MX_FATFS_Init
                0x080027e8       0x24 ./Application/User/FATFS/App/fatfs.o
                0x080027e8                MX_FATFS_Init
 .text.get_fattime
                0x0800280c       0x10 ./Application/User/FATFS/App/fatfs.o
                0x0800280c                get_fattime
 .text.SD_Select
                0x0800281c       0x20 ./Application/User/FATFS/Target/user_diskio.o
 .text.SD_Deselect
                0x0800283c       0x20 ./Application/User/FATFS/Target/user_diskio.o
 .text.SD_SPI_Transfer
                0x0800285c       0x60 ./Application/User/FATFS/Target/user_diskio.o
 .text.SD_SPI_SetSpeed
                0x080028bc       0x4c ./Application/User/FATFS/Target/user_diskio.o
 .text.SD_WaitReady
                0x08002908       0x48 ./Application/User/FATFS/Target/user_diskio.o
 .text.SD_SendCommand
                0x08002950       0x74 ./Application/User/FATFS/Target/user_diskio.o
 .text.SD_SendCommandRaw
                0x080029c4       0xec ./Application/User/FATFS/Target/user_diskio.o
 .text.SD_ReceiveDataBlock
                0x08002ab0       0x7c ./Application/User/FATFS/Target/user_diskio.o
 .text.SD_TransmitDataBlock
                0x08002b2c       0x98 ./Application/User/FATFS/Target/user_diskio.o
 .text.SD_ReadCsd
                0x08002bc4       0x3a ./Application/User/FATFS/Target/user_diskio.o
 *fill*         0x08002bfe        0x2 
 .text.SD_GetSectorCount
                0x08002c00       0xb4 ./Application/User/FATFS/Target/user_diskio.o
 .text.SD_CardTypeName
                0x08002cb4       0x70 ./Application/User/FATFS/Target/user_diskio.o
 .text.USER_initialize
                0x08002d24      0x2fc ./Application/User/FATFS/Target/user_diskio.o
                0x08002d24                USER_initialize
 .text.USER_status
                0x08003020       0x2c ./Application/User/FATFS/Target/user_diskio.o
                0x08003020                USER_status
 .text.USER_read
                0x0800304c      0x120 ./Application/User/FATFS/Target/user_diskio.o
                0x0800304c                USER_read
 .text.USER_write
                0x0800316c      0x158 ./Application/User/FATFS/Target/user_diskio.o
                0x0800316c                USER_write
 .text.USER_ioctl
                0x080032c4      0x120 ./Application/User/FATFS/Target/user_diskio.o
                0x080032c4                USER_ioctl
 .text.Reset_Handler
                0x080033e4       0x50 ./Application/User/Startup/startup_stm32f437vitx.o
                0x080033e4                Reset_Handler
 .text.Default_Handler
                0x08003434        0x2 ./Application/User/Startup/startup_stm32f437vitx.o
                0x08003434                RTC_Alarm_IRQHandler
                0x08003434                HASH_RNG_IRQHandler
                0x08003434                EXTI2_IRQHandler
                0x08003434                TIM8_CC_IRQHandler
                0x08003434                UART8_IRQHandler
                0x08003434                SPI4_IRQHandler
                0x08003434                TIM1_CC_IRQHandler
                0x08003434                DMA2_Stream5_IRQHandler
                0x08003434                DMA1_Stream5_IRQHandler
                0x08003434                PVD_IRQHandler
                0x08003434                SDIO_IRQHandler
                0x08003434                TAMP_STAMP_IRQHandler
                0x08003434                CAN2_RX1_IRQHandler
                0x08003434                EXTI3_IRQHandler
                0x08003434                TIM8_TRG_COM_TIM14_IRQHandler
                0x08003434                TIM1_UP_TIM10_IRQHandler
                0x08003434                TIM8_UP_TIM13_IRQHandler
                0x08003434                I2C3_ER_IRQHandler
                0x08003434                EXTI0_IRQHandler
                0x08003434                I2C2_EV_IRQHandler
                0x08003434                DMA1_Stream2_IRQHandler
                0x08003434                FPU_IRQHandler
                0x08003434                OTG_HS_WKUP_IRQHandler
                0x08003434                CAN2_SCE_IRQHandler
                0x08003434                DMA2_Stream2_IRQHandler
                0x08003434                SPI1_IRQHandler
                0x08003434                TIM6_DAC_IRQHandler
                0x08003434                TIM1_BRK_TIM9_IRQHandler
                0x08003434                DCMI_IRQHandler
                0x08003434                CAN2_RX0_IRQHandler
                0x08003434                DMA2_Stream3_IRQHandler
                0x08003434                USART6_IRQHandler
                0x08003434                USART3_IRQHandler
                0x08003434                CRYP_IRQHandler
                0x08003434                UART5_IRQHandler
                0x08003434                DMA2_Stream0_IRQHandler
                0x08003434                TIM4_IRQHandler
                0x08003434                I2C1_EV_IRQHandler
                0x08003434                DMA1_Stream6_IRQHandler
                0x08003434                DMA1_Stream1_IRQHandler
                0x08003434                UART4_IRQHandler
                0x08003434                TIM3_IRQHandler
                0x08003434                RCC_IRQHandler
                0x08003434                TIM8_BRK_TIM12_IRQHandler
                0x08003434                Default_Handler
                0x08003434                EXTI15_10_IRQHandler
                0x08003434                ADC_IRQHandler
                0x08003434                DMA1_Stream7_IRQHandler
                0x08003434                SPI5_IRQHandler
                0x08003434                TIM7_IRQHandler
                0x08003434                CAN2_TX_IRQHandler
                0x08003434                TIM5_IRQHandler
                0x08003434                DMA2_Stream7_IRQHandler
                0x08003434                I2C3_EV_IRQHandler
                0x08003434                EXTI9_5_IRQHandler
                0x08003434                RTC_WKUP_IRQHandler
                0x08003434                ETH_WKUP_IRQHandler
                0x08003434                SPI2_IRQHandler
                0x08003434                OTG_HS_EP1_IN_IRQHandler
                0x08003434                DMA1_Stream0_IRQHandler
                0x08003434                EXTI4_IRQHandler
                0x08003434                ETH_IRQHandler
                0x08003434                OTG_HS_EP1_OUT_IRQHandler
                0x08003434                WWDG_IRQHandler
                0x08003434                SPI6_IRQHandler
                0x08003434                TIM2_IRQHandler
                0x08003434                OTG_FS_WKUP_IRQHandler
                0x08003434                TIM1_TRG_COM_TIM11_IRQHandler
                0x08003434                OTG_HS_IRQHandler
                0x08003434                DMA2D_IRQHandler
                0x08003434                EXTI1_IRQHandler
                0x08003434                UART7_IRQHandler
                0x08003434                USART2_IRQHandler
                0x08003434                I2C2_ER_IRQHandler
                0x08003434                DMA2_Stream1_IRQHandler
                0x08003434                CAN1_SCE_IRQHandler
                0x08003434                FLASH_IRQHandler
                0x08003434                DMA2_Stream4_IRQHandler
                0x08003434                USART1_IRQHandler
                0x08003434                OTG_FS_IRQHandler
                0x08003434                DMA1_Stream4_IRQHandler
                0x08003434                I2C1_ER_IRQHandler
                0x08003434                FMC_IRQHandler
                0x08003434                DMA2_Stream6_IRQHandler
                0x08003434                SAI1_IRQHandler
                0x08003434                DMA1_Stream3_IRQHandler
 *fill*         0x08003436        0x2 
 .text.SystemInit
                0x08003438       0x24 ./Drivers/CMSIS/system_stm32f4xx.o
                0x08003438                SystemInit
 .text.HAL_Init
                0x0800345c       0x44 ./Drivers/STM32F4xx_HAL_Driver/stm32f4xx_hal.o
                0x0800345c                HAL_Init
 .text.HAL_InitTick
                0x080034a0       0x60 ./Drivers/STM32F4xx_HAL_Driver/stm32f4xx_hal.o
                0x080034a0                HAL_InitTick
 .text.HAL_IncTick
                0x08003500       0x28 ./Drivers/STM32F4xx_HAL_Driver/stm32f4xx_hal.o
                0x08003500                HAL_IncTick
 .text.HAL_GetTick
                0x08003528       0x18 ./Drivers/STM32F4xx_HAL_Driver/stm32f4xx_hal.o
                0x08003528                HAL_GetTick
 .text.HAL_Delay
                0x08003540       0x48 ./Drivers/STM32F4xx_HAL_Driver/stm32f4xx_hal.o
                0x08003540                HAL_Delay
 .text.HAL_CAN_Init
                0x08003588      0x1f6 ./Drivers/STM32F4xx_HAL_Driver/stm32f4xx_hal_can.o
                0x08003588                HAL_CAN_Init
 *fill*         0x0800377e        0x2 
 .text.HAL_CAN_ConfigFilter
                0x08003780      0x1bc ./Drivers/STM32F4xx_HAL_Driver/stm32f4xx_hal_can.o
                0x08003780                HAL_CAN_ConfigFilter
 .text.HAL_CAN_Start
                0x0800393c       0x88 ./Drivers/STM32F4xx_HAL_Driver/stm32f4xx_hal_can.o
                0x0800393c                HAL_CAN_Start
 .text.HAL_CAN_AddTxMessage
                0x080039c4      0x1a0 ./Drivers/STM32F4xx_HAL_Driver/stm32f4xx_hal_can.o
                0x080039c4                HAL_CAN_AddTxMessage
 .text.HAL_CAN_GetTxMailboxesFreeLevel
                0x08003b64       0x6a ./Drivers/STM32F4xx_HAL_Driver/stm32f4xx_hal_can.o
                0x08003b64                HAL_CAN_GetTxMailboxesFreeLevel
 .text.HAL_CAN_GetRxMessage
                0x08003bce      0x244 ./Drivers/STM32F4xx_HAL_Driver/stm32f4xx_hal_can.o
                0x08003bce                HAL_CAN_GetRxMessage
 .text.HAL_CAN_GetRxFifoFillLevel
                0x08003e12       0x50 ./Drivers/STM32F4xx_HAL_Driver/stm32f4xx_hal_can.o
                0x08003e12                HAL_CAN_GetRxFifoFillLevel
 .text.HAL_CAN_ActivateNotification
                0x08003e62       0x4c ./Drivers/STM32F4xx_HAL_Driver/stm32f4xx_hal_can.o
                0x08003e62                HAL_CAN_ActivateNotification
 .text.HAL_CAN_IRQHandler
                0x08003eae      0x36e ./Drivers/STM32F4xx_HAL_Driver/stm32f4xx_hal_can.o
                0x08003eae                HAL_CAN_IRQHandler
 .text.HAL_CAN_RxFifo1MsgPendingCallback
                0x0800421c       0x14 ./Drivers/STM32F4xx_HAL_Driver/stm32f4xx_hal_can.o
                0x0800421c                HAL_CAN_RxFifo1MsgPendingCallback
 .text.HAL_CAN_RxFifo1FullCallback
                0x08004230       0x14 ./Drivers/STM32F4xx_HAL_Driver/stm32f4xx_hal_can.o
                0x08004230                HAL_CAN_RxFifo1FullCallback
 .text.HAL_CAN_SleepCallback
                0x08004244       0x14 ./Drivers/STM32F4xx_HAL_Driver/stm32f4xx_hal_can.o
                0x08004244                HAL_CAN_SleepCallback
 .text.HAL_CAN_WakeUpFromRxMsgCallback
                0x08004258       0x14 ./Drivers/STM32F4xx_HAL_Driver/stm32f4xx_hal_can.o
                0x08004258                HAL_CAN_WakeUpFromRxMsgCallback
 .text.HAL_CAN_GetState
                0x0800426c       0x50 ./Drivers/STM32F4xx_HAL_Driver/stm32f4xx_hal_can.o
                0x0800426c                HAL_CAN_GetState
 .text.HAL_CAN_GetError
                0x080042bc       0x18 ./Drivers/STM32F4xx_HAL_Driver/stm32f4xx_hal_can.o
                0x080042bc                HAL_CAN_GetError
 .text.HAL_CAN_ResetError
                0x080042d4       0x46 ./Drivers/STM32F4xx_HAL_Driver/stm32f4xx_hal_can.o
                0x080042d4                HAL_CAN_ResetError
 *fill*         0x0800431a        0x2 
 .text.__NVIC_SetPriorityGrouping
                0x0800431c       0x48 ./Drivers/STM32F4xx_HAL_Driver/stm32f4xx_hal_cortex.o
 .text.__NVIC_GetPriorityGrouping
                0x08004364       0x1c ./Drivers/STM32F4xx_HAL_Driver/stm32f4xx_hal_cortex.o
 .text.__NVIC_EnableIRQ
                0x08004380       0x3c ./Drivers/STM32F4xx_HAL_Driver/stm32f4xx_hal_cortex.o
 .text.__NVIC_DisableIRQ
                0x080043bc       0x48 ./Drivers/STM32F4xx_HAL_Driver/stm32f4xx_hal_cortex.o
 .text.__NVIC_SetPriority
                0x08004404       0x54 ./Drivers/STM32F4xx_HAL_Driver/stm32f4xx_hal_cortex.o
 .text.NVIC_EncodePriority
                0x08004458       0x66 ./Drivers/STM32F4xx_HAL_Driver/stm32f4xx_hal_cortex.o
 *fill*         0x080044be        0x2 
 .text.SysTick_Config
                0x080044c0       0x44 ./Drivers/STM32F4xx_HAL_Driver/stm32f4xx_hal_cortex.o
 .text.HAL_NVIC_SetPriorityGrouping
                0x08004504       0x16 ./Drivers/STM32F4xx_HAL_Driver/stm32f4xx_hal_cortex.o
                0x08004504                HAL_NVIC_SetPriorityGrouping
 .text.HAL_NVIC_SetPriority
                0x0800451a       0x38 ./Drivers/STM32F4xx_HAL_Driver/stm32f4xx_hal_cortex.o
                0x0800451a                HAL_NVIC_SetPriority
 .text.HAL_NVIC_EnableIRQ
                0x08004552       0x1c ./Drivers/STM32F4xx_HAL_Driver/stm32f4xx_hal_cortex.o
                0x08004552                HAL_NVIC_EnableIRQ
 .text.HAL_NVIC_DisableIRQ
                0x0800456e       0x1c ./Drivers/STM32F4xx_HAL_Driver/stm32f4xx_hal_cortex.o
                0x0800456e                HAL_NVIC_DisableIRQ
 .text.HAL_SYSTICK_Config
                0x0800458a       0x18 ./Drivers/STM32F4xx_HAL_Driver/stm32f4xx_hal_cortex.o
                0x0800458a                HAL_SYSTICK_Config
 .text.HAL_DMA_Abort_IT
                0x080045a2       0x44 ./Drivers/STM32F4xx_HAL_Driver/stm32f4xx_hal_dma.o
                0x080045a2                HAL_DMA_Abort_IT
 *fill*         0x080045e6        0x2 
 .text.HAL_GPIO_Init
                0x080045e8      0x358 ./Drivers/STM32F4xx_HAL_Driver/stm32f4xx_hal_gpio.o
                0x080045e8                HAL_GPIO_Init
 .text.HAL_GPIO_ReadPin
                0x08004940       0x30 ./Drivers/STM32F4xx_HAL_Driver/stm32f4xx_hal_gpio.o
                0x08004940                HAL_GPIO_ReadPin
 .text.HAL_GPIO_WritePin
                0x08004970       0x32 ./Drivers/STM32F4xx_HAL_Driver/stm32f4xx_hal_gpio.o
                0x08004970                HAL_GPIO_WritePin
 *fill*         0x080049a2        0x2 
 .text.HAL_RCC_OscConfig
                0x080049a4      0x4f0 ./Drivers/STM32F4xx_HAL_Driver/stm32f4xx_hal_rcc.o
                0x080049a4                HAL_RCC_OscConfig
 .text.HAL_RCC_ClockConfig
                0x08004e94      0x1cc ./Drivers/STM32F4xx_HAL_Driver/stm32f4xx_hal_rcc.o
                0x08004e94                HAL_RCC_ClockConfig
 .text.HAL_RCC_MCOConfig
                0x08005060       0xd0 ./Drivers/STM32F4xx_HAL_Driver/stm32f4xx_hal_rcc.o
                0x08005060                HAL_RCC_MCOConfig
 .text.HAL_RCC_EnableCSS
                0x08005130       0x18 ./Drivers/STM32F4xx_HAL_Driver/stm32f4xx_hal_rcc.o
                0x08005130                HAL_RCC_EnableCSS
 .text.HAL_RCC_GetSysClockFreq
                0x08005148      0x208 ./Drivers/STM32F4xx_HAL_Driver/stm32f4xx_hal_rcc.o
                0x08005148                HAL_RCC_GetSysClockFreq
 .text.HAL_RCC_GetHCLKFreq
                0x08005350       0x18 ./Drivers/STM32F4xx_HAL_Driver/stm32f4xx_hal_rcc.o
                0x08005350                HAL_RCC_GetHCLKFreq
 .text.HAL_RCC_GetPCLK1Freq
                0x08005368       0x28 ./Drivers/STM32F4xx_HAL_Driver/stm32f4xx_hal_rcc.o
                0x08005368                HAL_RCC_GetPCLK1Freq
 .text.HAL_RCC_NMI_IRQHandler
                0x08005390       0x28 ./Drivers/STM32F4xx_HAL_Driver/stm32f4xx_hal_rcc.o
                0x08005390                HAL_RCC_NMI_IRQHandler
 .text.HAL_RCC_CSSCallback
                0x080053b8        0xe ./Drivers/STM32F4xx_HAL_Driver/stm32f4xx_hal_rcc.o
                0x080053b8                HAL_RCC_CSSCallback
 .text.HAL_SPI_Init
                0x080053c6      0x112 ./Drivers/STM32F4xx_HAL_Driver/stm32f4xx_hal_spi.o
                0x080053c6                HAL_SPI_Init
 .text.HAL_SPI_TransmitReceive
                0x080054d8      0x352 ./Drivers/STM32F4xx_HAL_Driver/stm32f4xx_hal_spi.o
                0x080054d8                HAL_SPI_TransmitReceive
 *fill*         0x0800582a        0x2 
 .text.HAL_SPI_IRQHandler
                0x0800582c      0x1e8 ./Drivers/STM32F4xx_HAL_Driver/stm32f4xx_hal_spi.o
                0x0800582c                HAL_SPI_IRQHandler
 .text.HAL_SPI_ErrorCallback
                0x08005a14       0x14 ./Drivers/STM32F4xx_HAL_Driver/stm32f4xx_hal_spi.o
                0x08005a14                HAL_SPI_ErrorCallback
 .text.HAL_SPI_GetError
                0x08005a28       0x18 ./Drivers/STM32F4xx_HAL_Driver/stm32f4xx_hal_spi.o
                0x08005a28                HAL_SPI_GetError
 .text.SPI_DMAAbortOnError
                0x08005a40       0x28 ./Drivers/STM32F4xx_HAL_Driver/stm32f4xx_hal_spi.o
 .text.SPI_WaitFlagStateUntilTimeout
                0x08005a68      0x110 ./Drivers/STM32F4xx_HAL_Driver/stm32f4xx_hal_spi.o
 .text.SPI_EndRxTxTransaction
                0x08005b78       0xa8 ./Drivers/STM32F4xx_HAL_Driver/stm32f4xx_hal_spi.o
 .text.disk_status
                0x08005c20       0x34 ./Middlewares/FatFs/diskio.o
                0x08005c20                disk_status
 .text.disk_initialize
                0x08005c54       0x50 ./Middlewares/FatFs/diskio.o
                0x08005c54                disk_initialize
 .text.disk_read
                0x08005ca4       0x40 ./Middlewares/FatFs/diskio.o
                0x08005ca4                disk_read
 .text.disk_write
                0x08005ce4       0x40 ./Middlewares/FatFs/diskio.o
                0x08005ce4                disk_write
 .text.disk_ioctl
                0x08005d24       0x3c ./Middlewares/FatFs/diskio.o
                0x08005d24                disk_ioctl
 .text.ld_word  0x08005d60       0x30 ./Middlewares/FatFs/ff.o
 .text.ld_dword
                0x08005d90       0x46 ./Middlewares/FatFs/ff.o
 .text.st_word  0x08005dd6       0x36 ./Middlewares/FatFs/ff.o
 .text.st_dword
                0x08005e0c       0x58 ./Middlewares/FatFs/ff.o
 .text.mem_cpy  0x08005e64       0x42 ./Middlewares/FatFs/ff.o
 .text.mem_set  0x08005ea6       0x36 ./Middlewares/FatFs/ff.o
 .text.mem_cmp  0x08005edc       0x4e ./Middlewares/FatFs/ff.o
 .text.chk_chr  0x08005f2a       0x36 ./Middlewares/FatFs/ff.o
 .text.chk_lock
                0x08005f60       0xb8 ./Middlewares/FatFs/ff.o
 .text.enq_lock
                0x08006018       0x44 ./Middlewares/FatFs/ff.o
 .text.inc_lock
                0x0800605c      0x11c ./Middlewares/FatFs/ff.o
 .text.dec_lock
                0x08006178       0x78 ./Middlewares/FatFs/ff.o
 .text.clear_lock
                0x080061f0       0x48 ./Middlewares/FatFs/ff.o
 .text.sync_window
                0x08006238       0x88 ./Middlewares/FatFs/ff.o
 .text.move_window
                0x080062c0       0x5a ./Middlewares/FatFs/ff.o
 *fill*         0x0800631a        0x2 
 .text.sync_fs  0x0800631c       0xdc ./Middlewares/FatFs/ff.o
 .text.clust2sect
                0x080063f8       0x3e ./Middlewares/FatFs/ff.o
 .text.get_fat  0x08006436      0x14e ./Middlewares/FatFs/ff.o
 .text.put_fat  0x08006584      0x1d4 ./Middlewares/FatFs/ff.o
 .text.remove_chain
                0x08006758       0xca ./Middlewares/FatFs/ff.o
 .text.create_chain
                0x08006822      0x130 ./Middlewares/FatFs/ff.o
 .text.clmt_clust
                0x08006952       0x68 ./Middlewares/FatFs/ff.o
 .text.dir_sdi  0x080069ba       0xf6 ./Middlewares/FatFs/ff.o
 .text.dir_next
                0x08006ab0      0x18a ./Middlewares/FatFs/ff.o
 .text.dir_alloc
                0x08006c3a       0x8e ./Middlewares/FatFs/ff.o
 .text.ld_clust
                0x08006cc8       0x3e ./Middlewares/FatFs/ff.o
 .text.st_clust
                0x08006d06       0x40 ./Middlewares/FatFs/ff.o
 .text.dir_find
                0x08006d46       0xaa ./Middlewares/FatFs/ff.o
 .text.dir_register
                0x08006df0       0x64 ./Middlewares/FatFs/ff.o
 .text.create_name
                0x08006e54      0x128 ./Middlewares/FatFs/ff.o
 .text.follow_path
                0x08006f7c       0xe2 ./Middlewares/FatFs/ff.o
 .text.get_ldnumber
                0x0800705e       0x88 ./Middlewares/FatFs/ff.o
 *fill*         0x080070e6        0x2 
 .text.check_fs
                0x080070e8       0xac ./Middlewares/FatFs/ff.o
 .text.find_volume
                0x08007194      0x498 ./Middlewares/FatFs/ff.o
 .text.validate
                0x0800762c       0x6a ./Middlewares/FatFs/ff.o
 *fill*         0x08007696        0x2 
 .text.f_mount  0x08007698       0x8c ./Middlewares/FatFs/ff.o
                0x08007698                f_mount
 .text.f_open   0x08007724      0x374 ./Middlewares/FatFs/ff.o
                0x08007724                f_open
 .text.f_write  0x08007a98      0x2ea ./Middlewares/FatFs/ff.o
                0x08007a98                f_write
 .text.f_sync   0x08007d82       0xfc ./Middlewares/FatFs/ff.o
                0x08007d82                f_sync
 .text.f_close  0x08007e7e       0x54 ./Middlewares/FatFs/ff.o
                0x08007e7e                f_close
 .text.f_lseek  0x08007ed2      0x412 ./Middlewares/FatFs/ff.o
                0x08007ed2                f_lseek
 .text.putc_bfd
                0x080082e4       0x7a ./Middlewares/FatFs/ff.o
 .text.putc_flush
                0x0800835e       0x4a ./Middlewares/FatFs/ff.o
 .text.putc_init
                0x080083a8       0x2a ./Middlewares/FatFs/ff.o
 *fill*         0x080083d2        0x2 
 .text.f_printf
                0x080083d4      0x43c ./Middlewares/FatFs/ff.o
                0x080083d4                f_printf
 .text.FATFS_LinkDriverEx
                0x08008810       0x98 ./Middlewares/FatFs/ff_gen_drv.o
                0x08008810                FATFS_LinkDriverEx
 .text.FATFS_LinkDriver
                0x080088a8       0x1e ./Middlewares/FatFs/ff_gen_drv.o
                0x080088a8                FATFS_LinkDriver
 *fill*         0x080088c6        0x2 
 .text.std      0x080088c8       0x6c C:/ST/STM32CubeIDE_1.17.0/STM32CubeIDE/plugins/com.st.stm32cube.ide.mcu.externaltools.gnu-tools-for-stm32.12.3.rel1.win32_1.1.0.202410251130/tools/bin/../lib/gcc/arm-none-eabi/12.3.1/../../../../arm-none-eabi/lib/thumb/v7e-m+fp/hard\libc_nano.a(libc_a-findfp.o)
 .text.stdio_exit_handler
                0x08008934       0x18 C:/ST/STM32CubeIDE_1.17.0/STM32CubeIDE/plugins/com.st.stm32cube.ide.mcu.externaltools.gnu-tools-for-stm32.12.3.rel1.win32_1.1.0.202410251130/tools/bin/../lib/gcc/arm-none-eabi/12.3.1/../../../../arm-none-eabi/lib/thumb/v7e-m+fp/hard\libc_nano.a(libc_a-findfp.o)
 .text.cleanup_stdio
                0x0800894c       0x40 C:/ST/STM32CubeIDE_1.17.0/STM32CubeIDE/plugins/com.st.stm32cube.ide.mcu.externaltools.gnu-tools-for-stm32.12.3.rel1.win32_1.1.0.202410251130/tools/bin/../lib/gcc/arm-none-eabi/12.3.1/../../../../arm-none-eabi/lib/thumb/v7e-m+fp/hard\libc_nano.a(libc_a-findfp.o)
 .text.global_stdio_init.part.0
                0x0800898c       0x3c C:/ST/STM32CubeIDE_1.17.0/STM32CubeIDE/plugins/com.st.stm32cube.ide.mcu.externaltools.gnu-tools-for-stm32.12.3.rel1.win32_1.1.0.202410251130/tools/bin/../lib/gcc/arm-none-eabi/12.3.1/../../../../arm-none-eabi/lib/thumb/v7e-m+fp/hard\libc_nano.a(libc_a-findfp.o)
 .text.__sfp_lock_acquire
                0x080089c8        0xc C:/ST/STM32CubeIDE_1.17.0/STM32CubeIDE/plugins/com.st.stm32cube.ide.mcu.externaltools.gnu-tools-for-stm32.12.3.rel1.win32_1.1.0.202410251130/tools/bin/../lib/gcc/arm-none-eabi/12.3.1/../../../../arm-none-eabi/lib/thumb/v7e-m+fp/hard\libc_nano.a(libc_a-findfp.o)
                0x080089c8                __sfp_lock_acquire
 .text.__sfp_lock_release
                0x080089d4        0xc C:/ST/STM32CubeIDE_1.17.0/STM32CubeIDE/plugins/com.st.stm32cube.ide.mcu.externaltools.gnu-tools-for-stm32.12.3.rel1.win32_1.1.0.202410251130/tools/bin/../lib/gcc/arm-none-eabi/12.3.1/../../../../arm-none-eabi/lib/thumb/v7e-m+fp/hard\libc_nano.a(libc_a-findfp.o)
                0x080089d4                __sfp_lock_release
 .text.__sinit  0x080089e0       0x30 C:/ST/STM32CubeIDE_1.17.0/STM32CubeIDE/plugins/com.st.stm32cube.ide.mcu.externaltools.gnu-tools-for-stm32.12.3.rel1.win32_1.1.0.202410251130/tools/bin/../lib/gcc/arm-none-eabi/12.3.1/../../../../arm-none-eabi/lib/thumb/v7e-m+fp/hard\libc_nano.a(libc_a-findfp.o)
                0x080089e0                __sinit
 .text._fwalk_sglue
                0x08008a10       0x3c C:/ST/STM32CubeIDE_1.17.0/STM32CubeIDE/plugins/com.st.stm32cube.ide.mcu.externaltools.gnu-tools-for-stm32.12.3.rel1.win32_1.1.0.202410251130/tools/bin/../lib/gcc/arm-none-eabi/12.3.1/../../../../arm-none-eabi/lib/thumb/v7e-m+fp/hard\libc_nano.a(libc_a-fwalk.o)
                0x08008a10                _fwalk_sglue
 .text.printf   0x08008a4c       0x24 C:/ST/STM32CubeIDE_1.17.0/STM32CubeIDE/plugins/com.st.stm32cube.ide.mcu.externaltools.gnu-tools-for-stm32.12.3.rel1.win32_1.1.0.202410251130/tools/bin/../lib/gcc/arm-none-eabi/12.3.1/../../../../arm-none-eabi/lib/thumb/v7e-m+fp/hard\libc_nano.a(libc_a-printf.o)
                0x08008a4c                iprintf
                0x08008a4c                printf
 .text._puts_r  0x08008a70       0xaa C:/ST/STM32CubeIDE_1.17.0/STM32CubeIDE/plugins/com.st.stm32cube.ide.mcu.externaltools.gnu-tools-for-stm32.12.3.rel1.win32_1.1.0.202410251130/tools/bin/../lib/gcc/arm-none-eabi/12.3.1/../../../../arm-none-eabi/lib/thumb/v7e-m+fp/hard\libc_nano.a(libc_a-puts.o)
                0x08008a70                _puts_r
 *fill*         0x08008b1a        0x2 
 .text.puts     0x08008b1c       0x10 C:/ST/STM32CubeIDE_1.17.0/STM32CubeIDE/plugins/com.st.stm32cube.ide.mcu.externaltools.gnu-tools-for-stm32.12.3.rel1.win32_1.1.0.202410251130/tools/bin/../lib/gcc/arm-none-eabi/12.3.1/../../../../arm-none-eabi/lib/thumb/v7e-m+fp/hard\libc_nano.a(libc_a-puts.o)
                0x08008b1c                puts
 .text.__sread  0x08008b2c       0x22 C:/ST/STM32CubeIDE_1.17.0/STM32CubeIDE/plugins/com.st.stm32cube.ide.mcu.externaltools.gnu-tools-for-stm32.12.3.rel1.win32_1.1.0.202410251130/tools/bin/../lib/gcc/arm-none-eabi/12.3.1/../../../../arm-none-eabi/lib/thumb/v7e-m+fp/hard\libc_nano.a(libc_a-stdio.o)
                0x08008b2c                __sread
 .text.__swrite
                0x08008b4e       0x38 C:/ST/STM32CubeIDE_1.17.0/STM32CubeIDE/plugins/com.st.stm32cube.ide.mcu.externaltools.gnu-tools-for-stm32.12.3.rel1.win32_1.1.0.202410251130/tools/bin/../lib/gcc/arm-none-eabi/12.3.1/../../../../arm-none-eabi/lib/thumb/v7e-m+fp/hard\libc_nano.a(libc_a-stdio.o)
                0x08008b4e                __swrite
 .text.__sseek  0x08008b86       0x24 C:/ST/STM32CubeIDE_1.17.0/STM32CubeIDE/plugins/com.st.stm32cube.ide.mcu.externaltools.gnu-tools-for-stm32.12.3.rel1.win32_1.1.0.202410251130/tools/bin/../lib/gcc/arm-none-eabi/12.3.1/../../../../arm-none-eabi/lib/thumb/v7e-m+fp/hard\libc_nano.a(libc_a-stdio.o)
                0x08008b86                __sseek
 .text.__sclose
                0x08008baa        0x8 C:/ST/STM32CubeIDE_1.17.0/STM32CubeIDE/plugins/com.st.stm32cube.ide.mcu.externaltools.gnu-tools-for-stm32.12.3.rel1.win32_1.1.0.202410251130/tools/bin/../lib/gcc/arm-none-eabi/12.3.1/../../../../arm-none-eabi/lib/thumb/v7e-m+fp/hard\libc_nano.a(libc_a-stdio.o)
                0x08008baa                __sclose
 .text.__swbuf_r
                0x08008bb2       0x7c C:/ST/STM32CubeIDE_1.17.0/STM32CubeIDE/plugins/com.st.stm32cube.ide.mcu.externaltools.gnu-tools-for-stm32.12.3.rel1.win32_1.1.0.202410251130/tools/bin/../lib/gcc/arm-none-eabi/12.3.1/../../../../arm-none-eabi/lib/thumb/v7e-m+fp/hard\libc_nano.a(libc_a-wbuf.o)
                0x08008bb2                __swbuf_r
 *fill*         0x08008c2e        0x2 
 .text.__swsetup_r
                0x08008c30       0xac C:/ST/STM32CubeIDE_1.17.0/STM32CubeIDE/plugins/com.st.stm32cube.ide.mcu.externaltools.gnu-tools-for-stm32.12.3.rel1.win32_1.1.0.202410251130/tools/bin/../lib/gcc/arm-none-eabi/12.3.1/../../../../arm-none-eabi/lib/thumb/v7e-m+fp/hard\libc_nano.a(libc_a-wsetup.o)
                0x08008c30                __swsetup_r
 .text.memset   0x08008cdc       0x10 C:/ST/STM32CubeIDE_1.17.0/STM32CubeIDE/plugins/com.st.stm32cube.ide.mcu.externaltools.gnu-tools-for-stm32.12.3.rel1.win32_1.1.0.202410251130/tools/bin/../lib/gcc/arm-none-eabi/12.3.1/../../../../arm-none-eabi/lib/thumb/v7e-m+fp/hard\libc_nano.a(libc_a-memset.o)
                0x08008cdc                memset
 .text._close_r
                0x08008cec       0x20 C:/ST/STM32CubeIDE_1.17.0/STM32CubeIDE/plugins/com.st.stm32cube.ide.mcu.externaltools.gnu-tools-for-stm32.12.3.rel1.win32_1.1.0.202410251130/tools/bin/../lib/gcc/arm-none-eabi/12.3.1/../../../../arm-none-eabi/lib/thumb/v7e-m+fp/hard\libc_nano.a(libc_a-closer.o)
                0x08008cec                _close_r
 .text._lseek_r
                0x08008d0c       0x24 C:/ST/STM32CubeIDE_1.17.0/STM32CubeIDE/plugins/com.st.stm32cube.ide.mcu.externaltools.gnu-tools-for-stm32.12.3.rel1.win32_1.1.0.202410251130/tools/bin/../lib/gcc/arm-none-eabi/12.3.1/../../../../arm-none-eabi/lib/thumb/v7e-m+fp/hard\libc_nano.a(libc_a-lseekr.o)
                0x08008d0c                _lseek_r
 .text._read_r  0x08008d30       0x24 C:/ST/STM32CubeIDE_1.17.0/STM32CubeIDE/plugins/com.st.stm32cube.ide.mcu.externaltools.gnu-tools-for-stm32.12.3.rel1.win32_1.1.0.202410251130/tools/bin/../lib/gcc/arm-none-eabi/12.3.1/../../../../arm-none-eabi/lib/thumb/v7e-m+fp/hard\libc_nano.a(libc_a-readr.o)
                0x08008d30                _read_r
 .text._write_r
                0x08008d54       0x24 C:/ST/STM32CubeIDE_1.17.0/STM32CubeIDE/plugins/com.st.stm32cube.ide.mcu.externaltools.gnu-tools-for-stm32.12.3.rel1.win32_1.1.0.202410251130/tools/bin/../lib/gcc/arm-none-eabi/12.3.1/../../../../arm-none-eabi/lib/thumb/v7e-m+fp/hard\libc_nano.a(libc_a-writer.o)
                0x08008d54                _write_r
 .text.__errno  0x08008d78        0xc C:/ST/STM32CubeIDE_1.17.0/STM32CubeIDE/plugins/com.st.stm32cube.ide.mcu.externaltools.gnu-tools-for-stm32.12.3.rel1.win32_1.1.0.202410251130/tools/bin/../lib/gcc/arm-none-eabi/12.3.1/../../../../arm-none-eabi/lib/thumb/v7e-m+fp/hard\libc_nano.a(libc_a-errno.o)
                0x08008d78                __errno
 .text.__libc_init_array
                0x08008d84       0x48 C:/ST/STM32CubeIDE_1.17.0/STM32CubeIDE/plugins/com.st.stm32cube.ide.mcu.externaltools.gnu-tools-for-stm32.12.3.rel1.win32_1.1.0.202410251130/tools/bin/../lib/gcc/arm-none-eabi/12.3.1/../../../../arm-none-eabi/lib/thumb/v7e-m+fp/hard\libc_nano.a(libc_a-init.o)
                0x08008d84                __libc_init_array
 .text.__retarget_lock_init_recursive
                0x08008dcc        0x2 C:/ST/STM32CubeIDE_1.17.0/STM32CubeIDE/plugins/com.st.stm32cube.ide.mcu.externaltools.gnu-tools-for-stm32.12.3.rel1.win32_1.1.0.202410251130/tools/bin/../lib/gcc/arm-none-eabi/12.3.1/../../../../arm-none-eabi/lib/thumb/v7e-m+fp/hard\libc_nano.a(libc_a-lock.o)
                0x08008dcc                __retarget_lock_init_recursive
 .text.__retarget_lock_acquire_recursive
                0x08008dce        0x2 C:/ST/STM32CubeIDE_1.17.0/STM32CubeIDE/plugins/com.st.stm32cube.ide.mcu.externaltools.gnu-tools-for-stm32.12.3.rel1.win32_1.1.0.202410251130/tools/bin/../lib/gcc/arm-none-eabi/12.3.1/../../../../arm-none-eabi/lib/thumb/v7e-m+fp/hard\libc_nano.a(libc_a-lock.o)
                0x08008dce                __retarget_lock_acquire_recursive
 .text.__retarget_lock_release_recursive
                0x08008dd0        0x2 C:/ST/STM32CubeIDE_1.17.0/STM32CubeIDE/plugins/com.st.stm32cube.ide.mcu.externaltools.gnu-tools-for-stm32.12.3.rel1.win32_1.1.0.202410251130/tools/bin/../lib/gcc/arm-none-eabi/12.3.1/../../../../arm-none-eabi/lib/thumb/v7e-m+fp/hard\libc_nano.a(libc_a-lock.o)
                0x08008dd0                __retarget_lock_release_recursive
 .text.memcpy   0x08008dd2       0x1c C:/ST/STM32CubeIDE_1.17.0/STM32CubeIDE/plugins/com.st.stm32cube.ide.mcu.externaltools.gnu-tools-for-stm32.12.3.rel1.win32_1.1.0.202410251130/tools/bin/../lib/gcc/arm-none-eabi/12.3.1/../../../../arm-none-eabi/lib/thumb/v7e-m+fp/hard\libc_nano.a(libc_a-memcpy-stub.o)
                0x08008dd2                memcpy
 *fill*         0x08008dee        0x2 
 .text._free_r  0x08008df0       0x94 C:/ST/STM32CubeIDE_1.17.0/STM32CubeIDE/plugins/com.st.stm32cube.ide.mcu.externaltools.gnu-tools-for-stm32.12.3.rel1.win32_1.1.0.202410251130/tools/bin/../lib/gcc/arm-none-eabi/12.3.1/../../../../arm-none-eabi/lib/thumb/v7e-m+fp/hard\libc_nano.a(libc_a-freer.o)
                0x08008df0                _free_r
 .text.sbrk_aligned
                0x08008e84       0x44 C:/ST/STM32CubeIDE_1.17.0/STM32CubeIDE/plugins/com.st.stm32cube.ide.mcu.externaltools.gnu-tools-for-stm32.12.3.rel1.win32_1.1.0.202410251130/tools/bin/../lib/gcc/arm-none-eabi/12.3.1/../../../../arm-none-eabi/lib/thumb/v7e-m+fp/hard\libc_nano.a(libc_a-mallocr.o)
 .text._malloc_r
                0x08008ec8      0x100 C:/ST/STM32CubeIDE_1.17.0/STM32CubeIDE/plugins/com.st.stm32cube.ide.mcu.externaltools.gnu-tools-for-stm32.12.3.rel1.win32_1.1.0.202410251130/tools/bin/../lib/gcc/arm-none-eabi/12.3.1/../../../../arm-none-eabi/lib/thumb/v7e-m+fp/hard\libc_nano.a(libc_a-mallocr.o)
                0x08008ec8                _malloc_r
 .text.__malloc_lock
                0x08008fc8        0xc C:/ST/STM32CubeIDE_1.17.0/STM32CubeIDE/plugins/com.st.stm32cube.ide.mcu.externaltools.gnu-tools-for-stm32.12.3.rel1.win32_1.1.0.202410251130/tools/bin/../lib/gcc/arm-none-eabi/12.3.1/../../../../arm-none-eabi/lib/thumb/v7e-m+fp/hard\libc_nano.a(libc_a-mlock.o)
                0x08008fc8                __malloc_lock
 .text.__malloc_unlock
                0x08008fd4        0xc C:/ST/STM32CubeIDE_1.17.0/STM32CubeIDE/plugins/com.st.stm32cube.ide.mcu.externaltools.gnu-tools-for-stm32.12.3.rel1.win32_1.1.0.202410251130/tools/bin/../lib/gcc/arm-none-eabi/12.3.1/../../../../arm-none-eabi/lib/thumb/v7e-m+fp/hard\libc_nano.a(libc_a-mlock.o)
                0x08008fd4                __malloc_unlock
 .text.__sfputc_r
                0x08008fe0       0x2e C:/ST/STM32CubeIDE_1.17.0/STM32CubeIDE/plugins/com.st.stm32cube.ide.mcu.externaltools.gnu-tools-for-stm32.12.3.rel1.win32_1.1.0.202410251130/tools/bin/../lib/gcc/arm-none-eabi/12.3.1/../../../../arm-none-eabi/lib/thumb/v7e-m+fp/hard\libc_nano.a(libc_a-nano-vfprintf.o)
 .text.__sfputs_r
                0x0800900e       0x24 C:/ST/STM32CubeIDE_1.17.0/STM32CubeIDE/plugins/com.st.stm32cube.ide.mcu.externaltools.gnu-tools-for-stm32.12.3.rel1.win32_1.1.0.202410251130/tools/bin/../lib/gcc/arm-none-eabi/12.3.1/../../../../arm-none-eabi/lib/thumb/v7e-m+fp/hard\libc_nano.a(libc_a-nano-vfprintf.o)
                0x0800900e                __sfputs_r
 *fill*         0x08009032        0x2 
 .text._vfprintf_r
                0x08009034      0x230 C:/ST/STM32CubeIDE_1.17.0/STM32CubeIDE/plugins/com.st.stm32cube.ide.mcu.externaltools.gnu-tools-for-stm32.12.3.rel1.win32_1.1.0.202410251130/tools/bin/../lib/gcc/arm-none-eabi/12.3.1/../../../../arm-none-eabi/lib/thumb/v7e-m+fp/hard\libc_nano.a(libc_a-nano-vfprintf.o)
                0x08009034                _vfprintf_r
                0x08009034                _vfiprintf_r
 .text._printf_common
                0x08009264       0xda C:/ST/STM32CubeIDE_1.17.0/STM32CubeIDE/plugins/com.st.stm32cube.ide.mcu.externaltools.gnu-tools-for-stm32.12.3.rel1.win32_1.1.0.202410251130/tools/bin/../lib/gcc/arm-none-eabi/12.3.1/../../../../arm-none-eabi/lib/thumb/v7e-m+fp/hard\libc_nano.a(libc_a-nano-vfprintf_i.o)
                0x08009264                _printf_common
 *fill*         0x0800933e        0x2 
 .text._printf_i
                0x08009340      0x240 C:/ST/STM32CubeIDE_1.17.0/STM32CubeIDE/plugins/com.st.stm32cube.ide.mcu.externaltools.gnu-tools-for-stm32.12.3.rel1.win32_1.1.0.202410251130/tools/bin/../lib/gcc/arm-none-eabi/12.3.1/../../../../arm-none-eabi/lib/thumb/v7e-m+fp/hard\libc_nano.a(libc_a-nano-vfprintf_i.o)
                0x08009340                _printf_i
 .text.__sflush_r
                0x08009580      0x108 C:/ST/STM32CubeIDE_1.17.0/STM32CubeIDE/plugins/com.st.stm32cube.ide.mcu.externaltools.gnu-tools-for-stm32.12.3.rel1.win32_1.1.0.202410251130/tools/bin/../lib/gcc/arm-none-eabi/12.3.1/../../../../arm-none-eabi/lib/thumb/v7e-m+fp/hard\libc_nano.a(libc_a-fflush.o)
                0x08009580                __sflush_r
 .text._fflush_r
                0x08009688       0x50 C:/ST/STM32CubeIDE_1.17.0/STM32CubeIDE/plugins/com.st.stm32cube.ide.mcu.externaltools.gnu-tools-for-stm32.12.3.rel1.win32_1.1.0.202410251130/tools/bin/../lib/gcc/arm-none-eabi/12.3.1/../../../../arm-none-eabi/lib/thumb/v7e-m+fp/hard\libc_nano.a(libc_a-fflush.o)
                0x08009688                _fflush_r
 .text.__swhatbuf_r
                0x080096d8       0x4c C:/ST/STM32CubeIDE_1.17.0/STM32CubeIDE/plugins/com.st.stm32cube.ide.mcu.externaltools.gnu-tools-for-stm32.12.3.rel1.win32_1.1.0.202410251130/tools/bin/../lib/gcc/arm-none-eabi/12.3.1/../../../../arm-none-eabi/lib/thumb/v7e-m+fp/hard\libc_nano.a(libc_a-makebuf.o)
                0x080096d8                __swhatbuf_r
 .text.__smakebuf_r
                0x08009724       0x78 C:/ST/STM32CubeIDE_1.17.0/STM32CubeIDE/plugins/com.st.stm32cube.ide.mcu.externaltools.gnu-tools-for-stm32.12.3.rel1.win32_1.1.0.202410251130/tools/bin/../lib/gcc/arm-none-eabi/12.3.1/../../../../arm-none-eabi/lib/thumb/v7e-m+fp/hard\libc_nano.a(libc_a-makebuf.o)
                0x08009724                __smakebuf_r
 .text._fstat_r
                0x0800979c       0x24 C:/ST/STM32CubeIDE_1.17.0/STM32CubeIDE/plugins/com.st.stm32cube.ide.mcu.externaltools.gnu-tools-for-stm32.12.3.rel1.win32_1.1.0.202410251130/tools/bin/../lib/gcc/arm-none-eabi/12.3.1/../../../../arm-none-eabi/lib/thumb/v7e-m+fp/hard\libc_nano.a(libc_a-fstatr.o)
                0x0800979c                _fstat_r
 .text._isatty_r
                0x080097c0       0x20 C:/ST/STM32CubeIDE_1.17.0/STM32CubeIDE/plugins/com.st.stm32cube.ide.mcu.externaltools.gnu-tools-for-stm32.12.3.rel1.win32_1.1.0.202410251130/tools/bin/../lib/gcc/arm-none-eabi/12.3.1/../../../../arm-none-eabi/lib/thumb/v7e-m+fp/hard\libc_nano.a(libc_a-isattyr.o)
                0x080097c0                _isatty_r
 .text._sbrk_r  0x080097e0       0x20 C:/ST/STM32CubeIDE_1.17.0/STM32CubeIDE/plugins/com.st.stm32cube.ide.mcu.externaltools.gnu-tools-for-stm32.12.3.rel1.win32_1.1.0.202410251130/tools/bin/../lib/gcc/arm-none-eabi/12.3.1/../../../../arm-none-eabi/lib/thumb/v7e-m+fp/hard\libc_nano.a(libc_a-sbrkr.o)
                0x080097e0                _sbrk_r
 *(.glue_7)
 .glue_7        0x08009800        0x0 linker stubs
 *(.glue_7t)
 .glue_7t       0x08009800        0x0 linker stubs
 *(.eh_frame)
 .eh_frame      0x08009800        0x0 C:/ST/STM32CubeIDE_1.17.0/STM32CubeIDE/plugins/com.st.stm32cube.ide.mcu.externaltools.gnu-tools-for-stm32.12.3.rel1.win32_1.1.0.202410251130/tools/bin/../lib/gcc/arm-none-eabi/12.3.1/thumb/v7e-m+fp/hard/crtbegin.o
 *(.init)
 .init          0x08009800        0x4 C:/ST/STM32CubeIDE_1.17.0/STM32CubeIDE/plugins/com.st.stm32cube.ide.mcu.externaltools.gnu-tools-for-stm32.12.3.rel1.win32_1.1.0.202410251130/tools/bin/../lib/gcc/arm-none-eabi/12.3.1/thumb/v7e-m+fp/hard/crti.o
                0x08009800                _init
 .init          0x08009804        0x8 C:/ST/STM32CubeIDE_1.17.0/STM32CubeIDE/plugins/com.st.stm32cube.ide.mcu.externaltools.gnu-tools-for-stm32.12.3.rel1.win32_1.1.0.202410251130/tools/bin/../lib/gcc/arm-none-eabi/12.3.1/thumb/v7e-m+fp/hard/crtn.o
 *(.fini)
 .fini          0x0800980c        0x4 C:/ST/STM32CubeIDE_1.17.0/STM32CubeIDE/plugins/com.st.stm32cube.ide.mcu.externaltools.gnu-tools-for-stm32.12.3.rel1.win32_1.1.0.202410251130/tools/bin/../lib/gcc/arm-none-eabi/12.3.1/thumb/v7e-m+fp/hard/crti.o
                0x0800980c                _fini
 .fini          0x08009810        0x8 C:/ST/STM32CubeIDE_1.17.0/STM32CubeIDE/plugins/com.st.stm32cube.ide.mcu.externaltools.gnu-tools-for-stm32.12.3.rel1.win32_1.1.0.202410251130/tools/bin/../lib/gcc/arm-none-eabi/12.3.1/thumb/v7e-m+fp/hard/crtn.o
                0x08009818                        . = ALIGN (0x4)
                0x08009818                        _etext = .

.vfp11_veneer   0x08009818        0x0
 .vfp11_veneer  0x08009818        0x0 linker stubs

.v4_bx          0x08009818        0x0
 .v4_bx         0x08009818        0x0 linker stubs

.iplt           0x08009818        0x0
 .iplt          0x08009818        0x0 C:/ST/STM32CubeIDE_1.17.0/STM32CubeIDE/plugins/com.st.stm32cube.ide.mcu.externaltools.gnu-tools-for-stm32.12.3.rel1.win32_1.1.0.202410251130/tools/bin/../lib/gcc/arm-none-eabi/12.3.1/thumb/v7e-m+fp/hard/crtbegin.o

.rodata         0x08009818     0x16f4
                0x08009818                        . = ALIGN (0x4)
 *(.rodata)
 .rodata        0x08009818      0xd76 ./Application/User/Core/main.o
 *fill*         0x0800a58e        0x2 
 .rodata        0x0800a590      0x7c4 ./Application/User/FATFS/Target/user_diskio.o
 .rodata        0x0800ad54       0x44 ./Middlewares/FatFs/ff.o
 *(.rodata*)
 .rodata.log_path.2
                0x0800ad98        0xe ./Application/User/Core/main.o
 *fill*         0x0800ada6        0x2 
 .rodata.csv_header.1
                0x0800ada8       0x83 ./Application/User/Core/main.o
 *fill*         0x0800ae2b        0x1 
 .rodata.hex_digits.0
                0x0800ae2c       0x11 ./Application/User/Core/main.o
 *fill*         0x0800ae3d        0x3 
 .rodata.AHBPrescTable
                0x0800ae40       0x10 ./Drivers/CMSIS/system_stm32f4xx.o
                0x0800ae40                AHBPrescTable
 .rodata.APBPrescTable
                0x0800ae50        0x8 ./Drivers/CMSIS/system_stm32f4xx.o
                0x0800ae50                APBPrescTable
 .rodata.ExCvt  0x0800ae58       0x80 ./Middlewares/FatFs/ff.o
 .rodata._vfprintf_r.str1.1
                0x0800aed8       0x11 C:/ST/STM32CubeIDE_1.17.0/STM32CubeIDE/plugins/com.st.stm32cube.ide.mcu.externaltools.gnu-tools-for-stm32.12.3.rel1.win32_1.1.0.202410251130/tools/bin/../lib/gcc/arm-none-eabi/12.3.1/../../../../arm-none-eabi/lib/thumb/v7e-m+fp/hard\libc_nano.a(libc_a-nano-vfprintf.o)
 .rodata._printf_i.str1.1
                0x0800aee9       0x22 C:/ST/STM32CubeIDE_1.17.0/STM32CubeIDE/plugins/com.st.stm32cube.ide.mcu.externaltools.gnu-tools-for-stm32.12.3.rel1.win32_1.1.0.202410251130/tools/bin/../lib/gcc/arm-none-eabi/12.3.1/../../../../arm-none-eabi/lib/thumb/v7e-m+fp/hard\libc_nano.a(libc_a-nano-vfprintf_i.o)
                0x0800af0c                        . = ALIGN (0x4)
 *fill*         0x0800af0b        0x1 

.ARM.extab      0x0800af0c        0x0
                0x0800af0c                        . = ALIGN (0x4)
 *(.ARM.extab* .gnu.linkonce.armextab.*)
                0x0800af0c                        . = ALIGN (0x4)

.ARM            0x0800af0c        0x8
                0x0800af0c                        . = ALIGN (0x4)
                0x0800af0c                        __exidx_start = .
 *(.ARM.exidx*)
 .ARM.exidx     0x0800af0c        0x8 C:/ST/STM32CubeIDE_1.17.0/STM32CubeIDE/plugins/com.st.stm32cube.ide.mcu.externaltools.gnu-tools-for-stm32.12.3.rel1.win32_1.1.0.202410251130/tools/bin/../lib/gcc/arm-none-eabi/12.3.1/../../../../arm-none-eabi/lib/thumb/v7e-m+fp/hard\libc_nano.a(libc_a-memchr.o)
 .ARM.exidx     0x0800af14        0x0 C:/ST/STM32CubeIDE_1.17.0/STM32CubeIDE/plugins/com.st.stm32cube.ide.mcu.externaltools.gnu-tools-for-stm32.12.3.rel1.win32_1.1.0.202410251130/tools/bin/../lib/gcc/arm-none-eabi/12.3.1/thumb/v7e-m+fp/hard\libgcc.a(_udivmoddi4.o)
                                  0x8 (size before relaxing)
                0x0800af14                        __exidx_end = .
                0x0800af14                        . = ALIGN (0x4)

.preinit_array  0x0800af14        0x0
                0x0800af14                        . = ALIGN (0x4)
                0x0800af14                        PROVIDE (__preinit_array_start = .)
 *(.preinit_array*)
                0x0800af14                        PROVIDE (__preinit_array_end = .)
                0x0800af14                        . = ALIGN (0x4)

.init_array     0x0800af14        0x4
                0x0800af14                        . = ALIGN (0x4)
                0x0800af14                        PROVIDE (__init_array_start = .)
 *(SORT_BY_NAME(.init_array.*))
 *(.init_array*)
 .init_array    0x0800af14        0x4 C:/ST/STM32CubeIDE_1.17.0/STM32CubeIDE/plugins/com.st.stm32cube.ide.mcu.externaltools.gnu-tools-for-stm32.12.3.rel1.win32_1.1.0.202410251130/tools/bin/../lib/gcc/arm-none-eabi/12.3.1/thumb/v7e-m+fp/hard/crtbegin.o
                0x0800af18                        PROVIDE (__init_array_end = .)
                0x0800af18                        . = ALIGN (0x4)

.fini_array     0x0800af18        0x4
                0x0800af18                        . = ALIGN (0x4)
                [!provide]                        PROVIDE (__fini_array_start = .)
 *(SORT_BY_NAME(.fini_array.*))
 *(.fini_array*)
 .fini_array    0x0800af18        0x4 C:/ST/STM32CubeIDE_1.17.0/STM32CubeIDE/plugins/com.st.stm32cube.ide.mcu.externaltools.gnu-tools-for-stm32.12.3.rel1.win32_1.1.0.202410251130/tools/bin/../lib/gcc/arm-none-eabi/12.3.1/thumb/v7e-m+fp/hard/crtbegin.o
                [!provide]                        PROVIDE (__fini_array_end = .)
                0x0800af1c                        . = ALIGN (0x4)
                0x0800af1c                        _sidata = LOADADDR (.data)

.rel.dyn        0x0800af1c        0x0
 .rel.iplt      0x0800af1c        0x0 C:/ST/STM32CubeIDE_1.17.0/STM32CubeIDE/plugins/com.st.stm32cube.ide.mcu.externaltools.gnu-tools-for-stm32.12.3.rel1.win32_1.1.0.202410251130/tools/bin/../lib/gcc/arm-none-eabi/12.3.1/thumb/v7e-m+fp/hard/crtbegin.o

.data           0x20000000       0x80 load address 0x0800af1c
                0x20000000                        . = ALIGN (0x4)
                0x20000000                        _sdata = .
 *(.data)
 *(.data*)
 .data.Stat     0x20000000        0x1 ./Application/User/FATFS/Target/user_diskio.o
 *fill*         0x20000001        0x3 
 .data.USER_Driver
                0x20000004       0x14 ./Application/User/FATFS/Target/user_diskio.o
                0x20000004                USER_Driver
 .data.SystemCoreClock
                0x20000018        0x4 ./Drivers/CMSIS/system_stm32f4xx.o
                0x20000018                SystemCoreClock
 .data.uwTickPrio
                0x2000001c        0x4 ./Drivers/STM32F4xx_HAL_Driver/stm32f4xx_hal.o
                0x2000001c                uwTickPrio
 .data.uwTickFreq
                0x20000020        0x1 ./Drivers/STM32F4xx_HAL_Driver/stm32f4xx_hal.o
                0x20000020                uwTickFreq
 *fill*         0x20000021        0x3 
 .data.__sglue  0x20000024        0xc C:/ST/STM32CubeIDE_1.17.0/STM32CubeIDE/plugins/com.st.stm32cube.ide.mcu.externaltools.gnu-tools-for-stm32.12.3.rel1.win32_1.1.0.202410251130/tools/bin/../lib/gcc/arm-none-eabi/12.3.1/../../../../arm-none-eabi/lib/thumb/v7e-m+fp/hard\libc_nano.a(libc_a-findfp.o)
                0x20000024                __sglue
 .data._impure_ptr
                0x20000030        0x4 C:/ST/STM32CubeIDE_1.17.0/STM32CubeIDE/plugins/com.st.stm32cube.ide.mcu.externaltools.gnu-tools-for-stm32.12.3.rel1.win32_1.1.0.202410251130/tools/bin/../lib/gcc/arm-none-eabi/12.3.1/../../../../arm-none-eabi/lib/thumb/v7e-m+fp/hard\libc_nano.a(libc_a-impure.o)
                0x20000030                _impure_ptr
 .data._impure_data
                0x20000034       0x4c C:/ST/STM32CubeIDE_1.17.0/STM32CubeIDE/plugins/com.st.stm32cube.ide.mcu.externaltools.gnu-tools-for-stm32.12.3.rel1.win32_1.1.0.202410251130/tools/bin/../lib/gcc/arm-none-eabi/12.3.1/../../../../arm-none-eabi/lib/thumb/v7e-m+fp/hard\libc_nano.a(libc_a-impure.o)
                0x20000034                _impure_data
 *(.RamFunc)
 *(.RamFunc*)
                0x20000080                        . = ALIGN (0x4)
                0x20000080                        _edata = .
                0x0800af9c                        _siccmram = LOADADDR (.ccmram)

.igot.plt       0x20000080        0x0 load address 0x0800af9c
 .igot.plt      0x20000080        0x0 C:/ST/STM32CubeIDE_1.17.0/STM32CubeIDE/plugins/com.st.stm32cube.ide.mcu.externaltools.gnu-tools-for-stm32.12.3.rel1.win32_1.1.0.202410251130/tools/bin/../lib/gcc/arm-none-eabi/12.3.1/thumb/v7e-m+fp/hard/crtbegin.o

.ccmram         0x10000000        0x0 load address 0x0800af9c
                0x10000000                        . = ALIGN (0x4)
                0x10000000                        _sccmram = .
 *(.ccmram)
 *(.ccmram*)
                0x10000000                        . = ALIGN (0x4)
                0x10000000                        _eccmram = .
                0x10000000                        . = ALIGN (0x4)

.bss            0x20000080      0x73c
                0x20000080                        _sbss = .
                0x20000080                        __bss_start__ = _sbss
 *(.bss)
 .bss           0x20000080       0x1c C:/ST/STM32CubeIDE_1.17.0/STM32CubeIDE/plugins/com.st.stm32cube.ide.mcu.externaltools.gnu-tools-for-stm32.12.3.rel1.win32_1.1.0.202410251130/tools/bin/../lib/gcc/arm-none-eabi/12.3.1/thumb/v7e-m+fp/hard/crtbegin.o
 *(.bss*)
 .bss.hcan1     0x2000009c       0x28 ./Application/User/Core/main.o
                0x2000009c                hcan1
 .bss.hspi3     0x200000c4       0x58 ./Application/User/Core/main.o
                0x200000c4                hspi3
 .bss.SdTestState
                0x2000011c        0x1 ./Application/User/Core/main.o
 *fill*         0x2000011d        0x3 
 .bss.SdLastTestTick
                0x20000120        0x4 ./Application/User/Core/main.o
 .bss.SdTestAttempted
                0x20000124        0x1 ./Application/User/Core/main.o
 .bss.SdLastFatFsResult
                0x20000125        0x1 ./Application/User/Core/main.o
 *fill*         0x20000126        0x2 
 .bss.SdLastActivityTick
                0x20000128        0x4 ./Application/User/Core/main.o
 .bss.CanLastSdLogTick
                0x2000012c        0x4 ./Application/User/Core/main.o
 .bss.CanLastLoggedRxCount
                0x20000130        0x4 ./Application/User/Core/main.o
 .bss.CanLastDebugPrintTick
                0x20000134        0x4 ./Application/User/Core/main.o
 .bss.CanLastDebugPrintRxCount
                0x20000138        0x4 ./Application/User/Core/main.o
 .bss.CanDebugPrintedOnce
                0x2000013c        0x1 ./Application/User/Core/main.o
 *fill*         0x2000013d        0x3 
 .bss.AppLastDebugPrintTick
                0x20000140        0x4 ./Application/User/Core/main.o
 .bss.AppLoopCount
                0x20000144        0x4 ./Application/User/Core/main.o
 .bss.AppLastDebugRxCount
                0x20000148        0x4 ./Application/User/Core/main.o
 .bss.AppDebugPrintedOnce
                0x2000014c        0x1 ./Application/User/Core/main.o
 *fill*         0x2000014d        0x3 
 .bss.CanLastTxTick
                0x20000150        0x4 ./Application/User/Core/main.o
 .bss.CanTxSequence
                0x20000154        0x4 ./Application/User/Core/main.o
 .bss.CanTxQueuedCount
                0x20000158        0x4 ./Application/User/Core/main.o
 .bss.CanTxCompleteCount
                0x2000015c        0x4 ./Application/User/Core/main.o
 .bss.CanTxAbortCount
                0x20000160        0x4 ./Application/User/Core/main.o
 .bss.CanTxLastCompleteTick
                0x20000164        0x4 ./Application/User/Core/main.o
 .bss.CanReady  0x20000168        0x1 ./Application/User/Core/main.o
 .bss.CanRxIrqPending
                0x20000169        0x1 ./Application/User/Core/main.o
 *fill*         0x2000016a        0x2 
 .bss.CanLastRxIrqTick
                0x2000016c        0x4 ./Application/User/Core/main.o
 .bss.CanRxIrqDrainCount
                0x20000170        0x4 ./Application/User/Core/main.o
 .bss.CanRxFifoOverrunCount
                0x20000174        0x4 ./Application/User/Core/main.o
 .bss.CanRxReadFailCount
                0x20000178        0x4 ./Application/User/Core/main.o
 .bss.CanRxEmptyRaceCount
                0x2000017c        0x4 ./Application/User/Core/main.o
 .bss.CanLatestRx
                0x20000180       0x18 ./Application/User/Core/main.o
 .bss.CanTxEvent
                0x20000198       0x30 ./Application/User/Core/main.o
 .bss.__sbrk_heap_end
                0x200001c8        0x4 ./Application/User/Core/sysmem.o
 .bss.retUSER   0x200001cc        0x1 ./Application/User/FATFS/App/fatfs.o
                0x200001cc                retUSER
 *fill*         0x200001cd        0x3 
 .bss.USERPath  0x200001d0        0x4 ./Application/User/FATFS/App/fatfs.o
                0x200001d0                USERPath
 .bss.USERFatFS
                0x200001d4      0x230 ./Application/User/FATFS/App/fatfs.o
                0x200001d4                USERFatFS
 .bss.USERFile  0x20000404      0x230 ./Application/User/FATFS/App/fatfs.o
                0x20000404                USERFile
 .bss.CardType  0x20000634        0x1 ./Application/User/FATFS/Target/user_diskio.o
 .bss.spi_error_reported.0
                0x20000635        0x1 ./Application/User/FATFS/Target/user_diskio.o
 *fill*         0x20000636        0x2 
 .bss.uwTick    0x20000638        0x4 ./Drivers/STM32F4xx_HAL_Driver/stm32f4xx_hal.o
                0x20000638                uwTick
 .bss.FatFs     0x2000063c        0x4 ./Middlewares/FatFs/ff.o
 .bss.Fsid      0x20000640        0x2 ./Middlewares/FatFs/ff.o
 *fill*         0x20000642        0x2 
 .bss.Files     0x20000644       0x20 ./Middlewares/FatFs/ff.o
 .bss.disk      0x20000664        0xc ./Middlewares/FatFs/ff_gen_drv.o
                0x20000664                disk
 .bss.__sf      0x20000670      0x138 C:/ST/STM32CubeIDE_1.17.0/STM32CubeIDE/plugins/com.st.stm32cube.ide.mcu.externaltools.gnu-tools-for-stm32.12.3.rel1.win32_1.1.0.202410251130/tools/bin/../lib/gcc/arm-none-eabi/12.3.1/../../../../arm-none-eabi/lib/thumb/v7e-m+fp/hard\libc_nano.a(libc_a-findfp.o)
                0x20000670                __sf
 .bss.__stdio_exit_handler
                0x200007a8        0x4 C:/ST/STM32CubeIDE_1.17.0/STM32CubeIDE/plugins/com.st.stm32cube.ide.mcu.externaltools.gnu-tools-for-stm32.12.3.rel1.win32_1.1.0.202410251130/tools/bin/../lib/gcc/arm-none-eabi/12.3.1/../../../../arm-none-eabi/lib/thumb/v7e-m+fp/hard\libc_nano.a(libc_a-findfp.o)
                0x200007a8                __stdio_exit_handler
 .bss.errno     0x200007ac        0x4 C:/ST/STM32CubeIDE_1.17.0/STM32CubeIDE/plugins/com.st.stm32cube.ide.mcu.externaltools.gnu-tools-for-stm32.12.3.rel1.win32_1.1.0.202410251130/tools/bin/../lib/gcc/arm-none-eabi/12.3.1/../../../../arm-none-eabi/lib/thumb/v7e-m+fp/hard\libc_nano.a(libc_a-reent.o)
                0x200007ac                errno
 .bss.__lock___malloc_recursive_mutex
                0x200007b0        0x1 C:/ST/STM32CubeIDE_1.17.0/STM32CubeIDE/plugins/com.st.stm32cube.ide.mcu.externaltools.gnu-tools-for-stm32.12.3.rel1.win32_1.1.0.202410251130/tools/bin/../lib/gcc/arm-none-eabi/12.3.1/../../../../arm-none-eabi/lib/thumb/v7e-m+fp/hard\libc_nano.a(libc_a-lock.o)
                0x200007b0                __lock___malloc_recursive_mutex
 .bss.__lock___sfp_recursive_mutex
                0x200007b1        0x1 C:/ST/STM32CubeIDE_1.17.0/STM32CubeIDE/plugins/com.st.stm32cube.ide.mcu.externaltools.gnu-tools-for-stm32.12.3.rel1.win32_1.1.0.202410251130/tools/bin/../lib/gcc/arm-none-eabi/12.3.1/../../../../arm-none-eabi/lib/thumb/v7e-m+fp/hard\libc_nano.a(libc_a-lock.o)
                0x200007b1                __lock___sfp_recursive_mutex
 *fill*         0x200007b2        0x2 
 .bss.__malloc_sbrk_start
                0x200007b4        0x4 C:/ST/STM32CubeIDE_1.17.0/STM32CubeIDE/plugins/com.st.stm32cube.ide.mcu.externaltools.gnu-tools-for-stm32.12.3.rel1.win32_1.1.0.202410251130/tools/bin/../lib/gcc/arm-none-eabi/12.3.1/../../../../arm-none-eabi/lib/thumb/v7e-m+fp/hard\libc_nano.a(libc_a-mallocr.o)
                0x200007b4                __malloc_sbrk_start
 .bss.__malloc_free_list
                0x200007b8        0x4 C:/ST/STM32CubeIDE_1.17.0/STM32CubeIDE/plugins/com.st.stm32cube.ide.mcu.externaltools.gnu-tools-for-stm32.12.3.rel1.win32_1.1.0.202410251130/tools/bin/../lib/gcc/arm-none-eabi/12.3.1/../../../../arm-none-eabi/lib/thumb/v7e-m+fp/hard\libc_nano.a(libc_a-mallocr.o)
                0x200007b8                __malloc_free_list
 *(COMMON)
                0x200007bc                        . = ALIGN (0x4)
                0x200007bc                        _ebss = .
                0x200007bc                        __bss_end__ = _ebss

._user_heap_stack
                0x200007bc      0x604
                0x200007c0                        . = ALIGN (0x8)
 *fill*         0x200007bc        0x4 
                [!provide]                        PROVIDE (end = .)
                0x200007c0                        PROVIDE (_end = .)
                0x200009c0                        . = (. + _Min_Heap_Size)
 *fill*         0x200007c0      0x200 
                0x20000dc0                        . = (. + _Min_Stack_Size)
 *fill*         0x200009c0      0x400 
                0x20000dc0                        . = ALIGN (0x8)

/DISCARD/
 libc.a(*)
 libm.a(*)
 libgcc.a(*)

.ARM.attributes
                0x00000000       0x30
 *(.ARM.attributes)
 .ARM.attributes
                0x00000000       0x22 C:/ST/STM32CubeIDE_1.17.0/STM32CubeIDE/plugins/com.st.stm32cube.ide.mcu.externaltools.gnu-tools-for-stm32.12.3.rel1.win32_1.1.0.202410251130/tools/bin/../lib/gcc/arm-none-eabi/12.3.1/thumb/v7e-m+fp/hard/crti.o
 .ARM.attributes
                0x00000022       0x34 C:/ST/STM32CubeIDE_1.17.0/STM32CubeIDE/plugins/com.st.stm32cube.ide.mcu.externaltools.gnu-tools-for-stm32.12.3.rel1.win32_1.1.0.202410251130/tools/bin/../lib/gcc/arm-none-eabi/12.3.1/thumb/v7e-m+fp/hard/crtbegin.o
 .ARM.attributes
                0x00000056       0x34 ./Application/User/Core/main.o
 .ARM.attributes
                0x0000008a       0x34 ./Application/User/Core/stm32f4xx_hal_msp.o
 .ARM.attributes
                0x000000be       0x34 ./Application/User/Core/stm32f4xx_it.o
 .ARM.attributes
                0x000000f2       0x34 ./Application/User/Core/syscalls.o
 .ARM.attributes
                0x00000126       0x34 ./Application/User/Core/sysmem.o
 .ARM.attributes
                0x0000015a       0x34 ./Application/User/FATFS/App/fatfs.o
 .ARM.attributes
                0x0000018e       0x34 ./Application/User/FATFS/Target/user_diskio.o
 .ARM.attributes
                0x000001c2       0x21 ./Application/User/Startup/startup_stm32f437vitx.o
 .ARM.attributes
                0x000001e3       0x34 ./Drivers/CMSIS/system_stm32f4xx.o
 .ARM.attributes
                0x00000217       0x34 ./Drivers/STM32F4xx_HAL_Driver/stm32f4xx_hal.o
 .ARM.attributes
                0x0000024b       0x34 ./Drivers/STM32F4xx_HAL_Driver/stm32f4xx_hal_can.o
 .ARM.attributes
                0x0000027f       0x34 ./Drivers/STM32F4xx_HAL_Driver/stm32f4xx_hal_cortex.o
 .ARM.attributes
                0x000002b3       0x34 ./Drivers/STM32F4xx_HAL_Driver/stm32f4xx_hal_dma.o
 .ARM.attributes
                0x000002e7       0x34 ./Drivers/STM32F4xx_HAL_Driver/stm32f4xx_hal_gpio.o
 .ARM.attributes
                0x0000031b       0x34 ./Drivers/STM32F4xx_HAL_Driver/stm32f4xx_hal_rcc.o
 .ARM.attributes
                0x0000034f       0x34 ./Drivers/STM32F4xx_HAL_Driver/stm32f4xx_hal_spi.o
 .ARM.attributes
                0x00000383       0x34 ./Middlewares/FatFs/diskio.o
 .ARM.attributes
                0x000003b7       0x34 ./Middlewares/FatFs/ff.o
 .ARM.attributes
                0x000003eb       0x34 ./Middlewares/FatFs/ff_gen_drv.o
 .ARM.attributes
                0x0000041f       0x34 C:/ST/STM32CubeIDE_1.17.0/STM32CubeIDE/plugins/com.st.stm32cube.ide.mcu.externaltools.gnu-tools-for-stm32.12.3.rel1.win32_1.1.0.202410251130/tools/bin/../lib/gcc/arm-none-eabi/12.3.1/../../../../arm-none-eabi/lib/thumb/v7e-m+fp/hard\libc_nano.a(libc_a-findfp.o)
 .ARM.attributes
                0x00000453       0x34 C:/ST/STM32CubeIDE_1.17.0/STM32CubeIDE/plugins/com.st.stm32cube.ide.mcu.externaltools.gnu-tools-for-stm32.12.3.rel1.win32_1.1.0.202410251130/tools/bin/../lib/gcc/arm-none-eabi/12.3.1/../../../../arm-none-eabi/lib/thumb/v7e-m+fp/hard\libc_nano.a(libc_a-fwalk.o)
 .ARM.attributes
                0x00000487       0x34 C:/ST/STM32CubeIDE_1.17.0/STM32CubeIDE/plugins/com.st.stm32cube.ide.mcu.externaltools.gnu-tools-for-stm32.12.3.rel1.win32_1.1.0.202410251130/tools/bin/../lib/gcc/arm-none-eabi/12.3.1/../../../../arm-none-eabi/lib/thumb/v7e-m+fp/hard\libc_nano.a(libc_a-printf.o)
 .ARM.attributes
                0x000004bb       0x34 C:/ST/STM32CubeIDE_1.17.0/STM32CubeIDE/plugins/com.st.stm32cube.ide.mcu.externaltools.gnu-tools-for-stm32.12.3.rel1.win32_1.1.0.202410251130/tools/bin/../lib/gcc/arm-none-eabi/12.3.1/../../../../arm-none-eabi/lib/thumb/v7e-m+fp/hard\libc_nano.a(libc_a-puts.o)
 .ARM.attributes
                0x000004ef       0x34 C:/ST/STM32CubeIDE_1.17.0/STM32CubeIDE/plugins/com.st.stm32cube.ide.mcu.externaltools.gnu-tools-for-stm32.12.3.rel1.win32_1.1.0.202410251130/tools/bin/../lib/gcc/arm-none-eabi/12.3.1/../../../../arm-none-eabi/lib/thumb/v7e-m+fp/hard\libc_nano.a(libc_a-stdio.o)
 .ARM.attributes
                0x00000523       0x34 C:/ST/STM32CubeIDE_1.17.0/STM32CubeIDE/plugins/com.st.stm32cube.ide.mcu.externaltools.gnu-tools-for-stm32.12.3.rel1.win32_1.1.0.202410251130/tools/bin/../lib/gcc/arm-none-eabi/12.3.1/../../../../arm-none-eabi/lib/thumb/v7e-m+fp/hard\libc_nano.a(libc_a-wbuf.o)
 .ARM.attributes
                0x00000557       0x34 C:/ST/STM32CubeIDE_1.17.0/STM32CubeIDE/plugins/com.st.stm32cube.ide.mcu.externaltools.gnu-tools-for-stm32.12.3.rel1.win32_1.1.0.202410251130/tools/bin/../lib/gcc/arm-none-eabi/12.3.1/../../../../arm-none-eabi/lib/thumb/v7e-m+fp/hard\libc_nano.a(libc_a-wsetup.o)
 .ARM.attributes
                0x0000058b       0x34 C:/ST/STM32CubeIDE_1.17.0/STM32CubeIDE/plugins/com.st.stm32cube.ide.mcu.externaltools.gnu-tools-for-stm32.12.3.rel1.win32_1.1.0.202410251130/tools/bin/../lib/gcc/arm-none-eabi/12.3.1/../../../../arm-none-eabi/lib/thumb/v7e-m+fp/hard\libc_nano.a(libc_a-memset.o)
 .ARM.attributes
                0x000005bf       0x34 C:/ST/STM32CubeIDE_1.17.0/STM32CubeIDE/plugins/com.st.stm32cube.ide.mcu.externaltools.gnu-tools-for-stm32.12.3.rel1.win32_1.1.0.202410251130/tools/bin/../lib/gcc/arm-none-eabi/12.3.1/../../../../arm-none-eabi/lib/thumb/v7e-m+fp/hard\libc_nano.a(libc_a-closer.o)
 .ARM.attributes
                0x000005f3       0x34 C:/ST/STM32CubeIDE_1.17.0/STM32CubeIDE/plugins/com.st.stm32cube.ide.mcu.externaltools.gnu-tools-for-stm32.12.3.rel1.win32_1.1.0.202410251130/tools/bin/../lib/gcc/arm-none-eabi/12.3.1/../../../../arm-none-eabi/lib/thumb/v7e-m+fp/hard\libc_nano.a(libc_a-reent.o)
 .ARM.attributes
                0x00000627       0x34 C:/ST/STM32CubeIDE_1.17.0/STM32CubeIDE/plugins/com.st.stm32cube.ide.mcu.externaltools.gnu-tools-for-stm32.12.3.rel1.win32_1.1.0.202410251130/tools/bin/../lib/gcc/arm-none-eabi/12.3.1/../../../../arm-none-eabi/lib/thumb/v7e-m+fp/hard\libc_nano.a(libc_a-impure.o)
 .ARM.attributes
                0x0000065b       0x34 C:/ST/STM32CubeIDE_1.17.0/STM32CubeIDE/plugins/com.st.stm32cube.ide.mcu.externaltools.gnu-tools-for-stm32.12.3.rel1.win32_1.1.0.202410251130/tools/bin/../lib/gcc/arm-none-eabi/12.3.1/../../../../arm-none-eabi/lib/thumb/v7e-m+fp/hard\libc_nano.a(libc_a-lseekr.o)
 .ARM.attributes
                0x0000068f       0x34 C:/ST/STM32CubeIDE_1.17.0/STM32CubeIDE/plugins/com.st.stm32cube.ide.mcu.externaltools.gnu-tools-for-stm32.12.3.rel1.win32_1.1.0.202410251130/tools/bin/../lib/gcc/arm-none-eabi/12.3.1/../../../../arm-none-eabi/lib/thumb/v7e-m+fp/hard\libc_nano.a(libc_a-readr.o)
 .ARM.attributes
                0x000006c3       0x34 C:/ST/STM32CubeIDE_1.17.0/STM32CubeIDE/plugins/com.st.stm32cube.ide.mcu.externaltools.gnu-tools-for-stm32.12.3.rel1.win32_1.1.0.202410251130/tools/bin/../lib/gcc/arm-none-eabi/12.3.1/../../../../arm-none-eabi/lib/thumb/v7e-m+fp/hard\libc_nano.a(libc_a-writer.o)
 .ARM.attributes
                0x000006f7       0x34 C:/ST/STM32CubeIDE_1.17.0/STM32CubeIDE/plugins/com.st.stm32cube.ide.mcu.externaltools.gnu-tools-for-stm32.12.3.rel1.win32_1.1.0.202410251130/tools/bin/../lib/gcc/arm-none-eabi/12.3.1/../../../../arm-none-eabi/lib/thumb/v7e-m+fp/hard\libc_nano.a(libc_a-errno.o)
 .ARM.attributes
                0x0000072b       0x34 C:/ST/STM32CubeIDE_1.17.0/STM32CubeIDE/plugins/com.st.stm32cube.ide.mcu.externaltools.gnu-tools-for-stm32.12.3.rel1.win32_1.1.0.202410251130/tools/bin/../lib/gcc/arm-none-eabi/12.3.1/../../../../arm-none-eabi/lib/thumb/v7e-m+fp/hard\libc_nano.a(libc_a-init.o)
 .ARM.attributes
                0x0000075f       0x34 C:/ST/STM32CubeIDE_1.17.0/STM32CubeIDE/plugins/com.st.stm32cube.ide.mcu.externaltools.gnu-tools-for-stm32.12.3.rel1.win32_1.1.0.202410251130/tools/bin/../lib/gcc/arm-none-eabi/12.3.1/../../../../arm-none-eabi/lib/thumb/v7e-m+fp/hard\libc_nano.a(libc_a-lock.o)
 .ARM.attributes
                0x00000793       0x34 C:/ST/STM32CubeIDE_1.17.0/STM32CubeIDE/plugins/com.st.stm32cube.ide.mcu.externaltools.gnu-tools-for-stm32.12.3.rel1.win32_1.1.0.202410251130/tools/bin/../lib/gcc/arm-none-eabi/12.3.1/../../../../arm-none-eabi/lib/thumb/v7e-m+fp/hard\libc_nano.a(libc_a-memcpy-stub.o)
 .ARM.attributes
                0x000007c7       0x34 C:/ST/STM32CubeIDE_1.17.0/STM32CubeIDE/plugins/com.st.stm32cube.ide.mcu.externaltools.gnu-tools-for-stm32.12.3.rel1.win32_1.1.0.202410251130/tools/bin/../lib/gcc/arm-none-eabi/12.3.1/../../../../arm-none-eabi/lib/thumb/v7e-m+fp/hard\libc_nano.a(libc_a-freer.o)
 .ARM.attributes
                0x000007fb       0x34 C:/ST/STM32CubeIDE_1.17.0/STM32CubeIDE/plugins/com.st.stm32cube.ide.mcu.externaltools.gnu-tools-for-stm32.12.3.rel1.win32_1.1.0.202410251130/tools/bin/../lib/gcc/arm-none-eabi/12.3.1/../../../../arm-none-eabi/lib/thumb/v7e-m+fp/hard\libc_nano.a(libc_a-mallocr.o)
 .ARM.attributes
                0x0000082f       0x34 C:/ST/STM32CubeIDE_1.17.0/STM32CubeIDE/plugins/com.st.stm32cube.ide.mcu.externaltools.gnu-tools-for-stm32.12.3.rel1.win32_1.1.0.202410251130/tools/bin/../lib/gcc/arm-none-eabi/12.3.1/../../../../arm-none-eabi/lib/thumb/v7e-m+fp/hard\libc_nano.a(libc_a-mlock.o)
 .ARM.attributes
                0x00000863       0x34 C:/ST/STM32CubeIDE_1.17.0/STM32CubeIDE/plugins/com.st.stm32cube.ide.mcu.externaltools.gnu-tools-for-stm32.12.3.rel1.win32_1.1.0.202410251130/tools/bin/../lib/gcc/arm-none-eabi/12.3.1/../../../../arm-none-eabi/lib/thumb/v7e-m+fp/hard\libc_nano.a(libc_a-nano-vfprintf.o)
 .ARM.attributes
                0x00000897       0x34 C:/ST/STM32CubeIDE_1.17.0/STM32CubeIDE/plugins/com.st.stm32cube.ide.mcu.externaltools.gnu-tools-for-stm32.12.3.rel1.win32_1.1.0.202410251130/tools/bin/../lib/gcc/arm-none-eabi/12.3.1/../../../../arm-none-eabi/lib/thumb/v7e-m+fp/hard\libc_nano.a(libc_a-nano-vfprintf_i.o)
 .ARM.attributes
                0x000008cb       0x34 C:/ST/STM32CubeIDE_1.17.0/STM32CubeIDE/plugins/com.st.stm32cube.ide.mcu.externaltools.gnu-tools-for-stm32.12.3.rel1.win32_1.1.0.202410251130/tools/bin/../lib/gcc/arm-none-eabi/12.3.1/../../../../arm-none-eabi/lib/thumb/v7e-m+fp/hard\libc_nano.a(libc_a-fflush.o)
 .ARM.attributes
                0x000008ff       0x34 C:/ST/STM32CubeIDE_1.17.0/STM32CubeIDE/plugins/com.st.stm32cube.ide.mcu.externaltools.gnu-tools-for-stm32.12.3.rel1.win32_1.1.0.202410251130/tools/bin/../lib/gcc/arm-none-eabi/12.3.1/../../../../arm-none-eabi/lib/thumb/v7e-m+fp/hard\libc_nano.a(libc_a-makebuf.o)
 .ARM.attributes
                0x00000933       0x34 C:/ST/STM32CubeIDE_1.17.0/STM32CubeIDE/plugins/com.st.stm32cube.ide.mcu.externaltools.gnu-tools-for-stm32.12.3.rel1.win32_1.1.0.202410251130/tools/bin/../lib/gcc/arm-none-eabi/12.3.1/../../../../arm-none-eabi/lib/thumb/v7e-m+fp/hard\libc_nano.a(libc_a-fstatr.o)
 .ARM.attributes
                0x00000967       0x34 C:/ST/STM32CubeIDE_1.17.0/STM32CubeIDE/plugins/com.st.stm32cube.ide.mcu.externaltools.gnu-tools-for-stm32.12.3.rel1.win32_1.1.0.202410251130/tools/bin/../lib/gcc/arm-none-eabi/12.3.1/../../../../arm-none-eabi/lib/thumb/v7e-m+fp/hard\libc_nano.a(libc_a-isattyr.o)
 .ARM.attributes
                0x0000099b       0x34 C:/ST/STM32CubeIDE_1.17.0/STM32CubeIDE/plugins/com.st.stm32cube.ide.mcu.externaltools.gnu-tools-for-stm32.12.3.rel1.win32_1.1.0.202410251130/tools/bin/../lib/gcc/arm-none-eabi/12.3.1/../../../../arm-none-eabi/lib/thumb/v7e-m+fp/hard\libc_nano.a(libc_a-sbrkr.o)
 .ARM.attributes
                0x000009cf       0x1c C:/ST/STM32CubeIDE_1.17.0/STM32CubeIDE/plugins/com.st.stm32cube.ide.mcu.externaltools.gnu-tools-for-stm32.12.3.rel1.win32_1.1.0.202410251130/tools/bin/../lib/gcc/arm-none-eabi/12.3.1/../../../../arm-none-eabi/lib/thumb/v7e-m+fp/hard\libc_nano.a(libc_a-memchr.o)
 .ARM.attributes
                0x000009eb       0x22 C:/ST/STM32CubeIDE_1.17.0/STM32CubeIDE/plugins/com.st.stm32cube.ide.mcu.externaltools.gnu-tools-for-stm32.12.3.rel1.win32_1.1.0.202410251130/tools/bin/../lib/gcc/arm-none-eabi/12.3.1/thumb/v7e-m+fp/hard\libgcc.a(_aeabi_uldivmod.o)
 .ARM.attributes
                0x00000a0d       0x34 C:/ST/STM32CubeIDE_1.17.0/STM32CubeIDE/plugins/com.st.stm32cube.ide.mcu.externaltools.gnu-tools-for-stm32.12.3.rel1.win32_1.1.0.202410251130/tools/bin/../lib/gcc/arm-none-eabi/12.3.1/thumb/v7e-m+fp/hard\libgcc.a(_udivmoddi4.o)
 .ARM.attributes
                0x00000a41       0x22 C:/ST/STM32CubeIDE_1.17.0/STM32CubeIDE/plugins/com.st.stm32cube.ide.mcu.externaltools.gnu-tools-for-stm32.12.3.rel1.win32_1.1.0.202410251130/tools/bin/../lib/gcc/arm-none-eabi/12.3.1/thumb/v7e-m+fp/hard\libgcc.a(_dvmd_tls.o)
 .ARM.attributes
                0x00000a63       0x22 C:/ST/STM32CubeIDE_1.17.0/STM32CubeIDE/plugins/com.st.stm32cube.ide.mcu.externaltools.gnu-tools-for-stm32.12.3.rel1.win32_1.1.0.202410251130/tools/bin/../lib/gcc/arm-none-eabi/12.3.1/thumb/v7e-m+fp/hard/crtn.o
OUTPUT(SD_Card_test_nd_Can_test.elf elf32-littlearm)
LOAD linker stubs
LOAD C:/ST/STM32CubeIDE_1.17.0/STM32CubeIDE/plugins/com.st.stm32cube.ide.mcu.externaltools.gnu-tools-for-stm32.12.3.rel1.win32_1.1.0.202410251130/tools/bin/../lib/gcc/arm-none-eabi/12.3.1/../../../../arm-none-eabi/lib/thumb/v7e-m+fp/hard\libc.a
LOAD C:/ST/STM32CubeIDE_1.17.0/STM32CubeIDE/plugins/com.st.stm32cube.ide.mcu.externaltools.gnu-tools-for-stm32.12.3.rel1.win32_1.1.0.202410251130/tools/bin/../lib/gcc/arm-none-eabi/12.3.1/../../../../arm-none-eabi/lib/thumb/v7e-m+fp/hard\libm.a
LOAD C:/ST/STM32CubeIDE_1.17.0/STM32CubeIDE/plugins/com.st.stm32cube.ide.mcu.externaltools.gnu-tools-for-stm32.12.3.rel1.win32_1.1.0.202410251130/tools/bin/../lib/gcc/arm-none-eabi/12.3.1/thumb/v7e-m+fp/hard\libgcc.a

.debug_info     0x00000000     0xe3a8
 .debug_info    0x00000000     0x2b11 ./Application/User/Core/main.o
 .debug_info    0x00002b11     0x1049 ./Application/User/Core/stm32f4xx_hal_msp.o
 .debug_info    0x00003b5a      0xa7f ./Application/User/Core/stm32f4xx_it.o
 .debug_info    0x000045d9      0x6a3 ./Application/User/Core/syscalls.o
 .debug_info    0x00004c7c      0x168 ./Application/User/Core/sysmem.o
 .debug_info    0x00004de4      0x4d9 ./Application/User/FATFS/App/fatfs.o
 .debug_info    0x000052bd      0xdde ./Application/User/FATFS/Target/user_diskio.o
 .debug_info    0x0000609b       0x30 ./Application/User/Startup/startup_stm32f437vitx.o
 .debug_info    0x000060cb      0x52e ./Drivers/CMSIS/system_stm32f4xx.o
 .debug_info    0x000065f9      0x9b4 ./Drivers/STM32F4xx_HAL_Driver/stm32f4xx_hal.o
 .debug_info    0x00006fad      0xf42 ./Drivers/STM32F4xx_HAL_Driver/stm32f4xx_hal_can.o
 .debug_info    0x00007eef      0xdbc ./Drivers/STM32F4xx_HAL_Driver/stm32f4xx_hal_cortex.o
 .debug_info    0x00008cab      0x8e7 ./Drivers/STM32F4xx_HAL_Driver/stm32f4xx_hal_dma.o
 .debug_info    0x00009592      0x6db ./Drivers/STM32F4xx_HAL_Driver/stm32f4xx_hal_gpio.o
 .debug_info    0x00009c6d      0x8db ./Drivers/STM32F4xx_HAL_Driver/stm32f4xx_hal_rcc.o
 .debug_info    0x0000a548     0x1525 ./Drivers/STM32F4xx_HAL_Driver/stm32f4xx_hal_spi.o
 .debug_info    0x0000ba6d      0x3df ./Middlewares/FatFs/diskio.o
 .debug_info    0x0000be4c     0x21dd ./Middlewares/FatFs/ff.o
 .debug_info    0x0000e029      0x37f ./Middlewares/FatFs/ff_gen_drv.o

.debug_abbrev   0x00000000     0x26c4
 .debug_abbrev  0x00000000      0x427 ./Application/User/Core/main.o
 .debug_abbrev  0x00000427      0x1fc ./Application/User/Core/stm32f4xx_hal_msp.o
 .debug_abbrev  0x00000623      0x1df ./Application/User/Core/stm32f4xx_it.o
 .debug_abbrev  0x00000802      0x1b6 ./Application/User/Core/syscalls.o
 .debug_abbrev  0x000009b8       0xbc ./Application/User/Core/sysmem.o
 .debug_abbrev  0x00000a74      0x160 ./Application/User/FATFS/App/fatfs.o
 .debug_abbrev  0x00000bd4      0x31c ./Application/User/FATFS/Target/user_diskio.o
 .debug_abbrev  0x00000ef0       0x24 ./Application/User/Startup/startup_stm32f437vitx.o
 .debug_abbrev  0x00000f14      0x11a ./Drivers/CMSIS/system_stm32f4xx.o
 .debug_abbrev  0x0000102e      0x214 ./Drivers/STM32F4xx_HAL_Driver/stm32f4xx_hal.o
 .debug_abbrev  0x00001242      0x25a ./Drivers/STM32F4xx_HAL_Driver/stm32f4xx_hal_can.o
 .debug_abbrev  0x0000149c      0x31d ./Drivers/STM32F4xx_HAL_Driver/stm32f4xx_hal_cortex.o
 .debug_abbrev  0x000017b9      0x264 ./Drivers/STM32F4xx_HAL_Driver/stm32f4xx_hal_dma.o
 .debug_abbrev  0x00001a1d      0x1d4 ./Drivers/STM32F4xx_HAL_Driver/stm32f4xx_hal_gpio.o
 .debug_abbrev  0x00001bf1      0x2b7 ./Drivers/STM32F4xx_HAL_Driver/stm32f4xx_hal_rcc.o
 .debug_abbrev  0x00001ea8      0x27a ./Drivers/STM32F4xx_HAL_Driver/stm32f4xx_hal_spi.o
 .debug_abbrev  0x00002122      0x181 ./Middlewares/FatFs/diskio.o
 .debug_abbrev  0x000022a3      0x282 ./Middlewares/FatFs/ff.o
 .debug_abbrev  0x00002525      0x19f ./Middlewares/FatFs/ff_gen_drv.o

.debug_aranges  0x00000000      0xd58
 .debug_aranges
                0x00000000      0x180 ./Application/User/Core/main.o
 .debug_aranges
                0x00000180       0x40 ./Application/User/Core/stm32f4xx_hal_msp.o
 .debug_aranges
                0x000001c0       0x80 ./Application/User/Core/stm32f4xx_it.o
 .debug_aranges
                0x00000240       0xa8 ./Application/User/Core/syscalls.o
 .debug_aranges
                0x000002e8       0x20 ./Application/User/Core/sysmem.o
 .debug_aranges
                0x00000308       0x28 ./Application/User/FATFS/App/fatfs.o
 .debug_aranges
                0x00000330       0xa0 ./Application/User/FATFS/Target/user_diskio.o
 .debug_aranges
                0x000003d0       0x28 ./Application/User/Startup/startup_stm32f437vitx.o
 .debug_aranges
                0x000003f8       0x28 ./Drivers/CMSIS/system_stm32f4xx.o
 .debug_aranges
                0x00000420      0x100 ./Drivers/STM32F4xx_HAL_Driver/stm32f4xx_hal.o
 .debug_aranges
                0x00000520      0x138 ./Drivers/STM32F4xx_HAL_Driver/stm32f4xx_hal_can.o
 .debug_aranges
                0x00000658      0x130 ./Drivers/STM32F4xx_HAL_Driver/stm32f4xx_hal_cortex.o
 .debug_aranges
                0x00000788       0x90 ./Drivers/STM32F4xx_HAL_Driver/stm32f4xx_hal_dma.o
 .debug_aranges
                0x00000818       0x58 ./Drivers/STM32F4xx_HAL_Driver/stm32f4xx_hal_gpio.o
 .debug_aranges
                0x00000870       0x88 ./Drivers/STM32F4xx_HAL_Driver/stm32f4xx_hal_rcc.o
 .debug_aranges
                0x000008f8      0x1d0 ./Drivers/STM32F4xx_HAL_Driver/stm32f4xx_hal_spi.o
 .debug_aranges
                0x00000ac8       0x48 ./Middlewares/FatFs/diskio.o
 .debug_aranges
                0x00000b10      0x208 ./Middlewares/FatFs/ff.o
 .debug_aranges
                0x00000d18       0x40 ./Middlewares/FatFs/ff_gen_drv.o

.debug_rnglists
                0x00000000      0xa22
 .debug_rnglists
                0x00000000      0x13c ./Application/User/Core/main.o
 .debug_rnglists
                0x0000013c       0x2d ./Application/User/Core/stm32f4xx_hal_msp.o
 .debug_rnglists
                0x00000169       0x5b ./Application/User/Core/stm32f4xx_it.o
 .debug_rnglists
                0x000001c4       0x79 ./Application/User/Core/syscalls.o
 .debug_rnglists
                0x0000023d       0x13 ./Application/User/Core/sysmem.o
 .debug_rnglists
                0x00000250       0x19 ./Application/User/FATFS/App/fatfs.o
 .debug_rnglists
                0x00000269       0x7a ./Application/User/FATFS/Target/user_diskio.o
 .debug_rnglists
                0x000002e3       0x19 ./Application/User/Startup/startup_stm32f437vitx.o
 .debug_rnglists
                0x000002fc       0x1a ./Drivers/CMSIS/system_stm32f4xx.o
 .debug_rnglists
                0x00000316       0xbb ./Drivers/STM32F4xx_HAL_Driver/stm32f4xx_hal.o
 .debug_rnglists
                0x000003d1       0xee ./Drivers/STM32F4xx_HAL_Driver/stm32f4xx_hal_can.o
 .debug_rnglists
                0x000004bf       0xe0 ./Drivers/STM32F4xx_HAL_Driver/stm32f4xx_hal_cortex.o
 .debug_rnglists
                0x0000059f       0x70 ./Drivers/STM32F4xx_HAL_Driver/stm32f4xx_hal_dma.o
 .debug_rnglists
                0x0000060f       0x3f ./Drivers/STM32F4xx_HAL_Driver/stm32f4xx_hal_gpio.o
 .debug_rnglists
                0x0000064e       0x66 ./Drivers/STM32F4xx_HAL_Driver/stm32f4xx_hal_rcc.o
 .debug_rnglists
                0x000006b4      0x16f ./Drivers/STM32F4xx_HAL_Driver/stm32f4xx_hal_spi.o
 .debug_rnglists
                0x00000823       0x31 ./Middlewares/FatFs/diskio.o
 .debug_rnglists
                0x00000854      0x1a2 ./Middlewares/FatFs/ff.o
 .debug_rnglists
                0x000009f6       0x2c ./Middlewares/FatFs/ff_gen_drv.o

.debug_macro    0x00000000    0x25826
 .debug_macro   0x00000000      0x428 ./Application/User/Core/main.o
 .debug_macro   0x00000428      0xab4 ./Application/User/Core/main.o
 .debug_macro   0x00000edc      0x29b ./Application/User/Core/main.o
 .debug_macro   0x00001177       0x2e ./Application/User/Core/main.o
 .debug_macro   0x000011a5       0x28 ./Application/User/Core/main.o
 .debug_macro   0x000011cd       0x22 ./Application/User/Core/main.o
 .debug_macro   0x000011ef       0x8e ./Application/User/Core/main.o
 .debug_macro   0x0000127d       0x51 ./Application/User/Core/main.o
 .debug_macro   0x000012ce      0x103 ./Application/User/Core/main.o