C:/Users/aweso/Downloads/sunseeker_projects_workspace/Programming/Stm32_code/RTC_testing/Core/Src/main.c:111:13:SWV_SendChar	24	static
C:/Users/aweso/Downloads/sunseeker_projects_workspace/Programming/Stm32_code/RTC_testing/Core/Src/main.c:135:5:_write	32	static
C:/Users/aweso/Downloads/sunseeker_projects_workspace/Programming/Stm32_code/RTC_testing/Core/Src/main.c:148:16:RTC_BcdToBinary	16	static
C:/Users/aweso/Downloads/sunseeker_projects_workspace/Programming/Stm32_code/RTC_testing/Core/Src/main.c:153:13:RTC_RecordI2CState	16	static
C:/Users/aweso/Downloads/sunseeker_projects_workspace/Programming/Stm32_code/RTC_testing/Core/Src/main.c:163:13:RTC_I2CRecoverBus	40	static
C:/Users/aweso/Downloads/sunseeker_projects_workspace/Programming/Stm32_code/RTC_testing/Core/Src/main.c:206:13:RTC_TestUpdate	48	static
C:/Users/aweso/Downloads/sunseeker_projects_workspace/Programming/Stm32_code/RTC_testing/Core/Src/main.c:294:13:RTC_SWVPrintStatus	72	static
C:/Users/aweso/Downloads/sunseeker_projects_workspace/Programming/Stm32_code/RTC_testing/Core/Src/main.c:333:5:main	8	static
C:/Users/aweso/Downloads/sunseeker_projects_workspace/Programming/Stm32_code/RTC_testing/Core/Src/main.c:398:6:SystemClock_Config	88	static
C:/Users/aweso/Downloads/sunseeker_projects_workspace/Programming/Stm32_code/RTC_testing/Core/Src/main.c:450:13:MX_I2C1_Init	8	static
C:/Users/aweso/Downloads/sunseeker_projects_workspace/Programming/Stm32_code/RTC_testing/Core/Src/main.c:498:13:MX_GPIO_Init	48	static
C:/Users/aweso/Downloads/sunseeker_projects_workspace/Programming/Stm32_code/RTC_testing/Core/Src/main.c:545:6:Error_Handler	4	static,ignoring_inline_asm
