C:/Users/aweso/Downloads/sunseeker_projects_workspace/Programming/Stm32_code/RTC_testing/Core/Src/main.c:111:13:SWV_SendChar	7
C:/Users/aweso/Downloads/sunseeker_projects_workspace/Programming/Stm32_code/RTC_testing/Core/Src/main.c:135:5:_write	2
C:/Users/aweso/Downloads/sunseeker_projects_workspace/Programming/Stm32_code/RTC_testing/Core/Src/main.c:148:16:RTC_BcdToBinary	1
C:/Users/aweso/Downloads/sunseeker_projects_workspace/Programming/Stm32_code/RTC_testing/Core/Src/main.c:153:13:RTC_RecordI2CState	3
C:/Users/aweso/Downloads/sunseeker_projects_workspace/Programming/Stm32_code/RTC_testing/Core/Src/main.c:163:13:RTC_I2CRecoverBus	3
C:/Users/aweso/Downloads/sunseeker_projects_workspace/Programming/Stm32_code/RTC_testing/Core/Src/main.c:206:13:RTC_TestUpdate	10
C:/Users/aweso/Downloads/sunseeker_projects_workspace/Programming/Stm32_code/RTC_testing/Core/Src/main.c:294:13:RTC_SWVPrintStatus	2
C:/Users/aweso/Downloads/sunseeker_projects_workspace/Programming/Stm32_code/RTC_testing/Core/Src/main.c:333:5:main	4
C:/Users/aweso/Downloads/sunseeker_projects_workspace/Programming/Stm32_code/RTC_testing/Core/Src/main.c:398:6:SystemClock_Config	3
C:/Users/aweso/Downloads/sunseeker_projects_workspace/Programming/Stm32_code/RTC_testing/Core/Src/main.c:450:13:MX_I2C1_Init	4
C:/Users/aweso/Downloads/sunseeker_projects_workspace/Programming/Stm32_code/RTC_testing/Core/Src/main.c:498:13:MX_GPIO_Init	1
C:/Users/aweso/Downloads/sunseeker_projects_workspace/Programming/Stm32_code/RTC_testing/Core/Src/main.c:545:6:Error_Handler	1
