C:/Users/aweso/Downloads/sunseeker_projects_workspace/Programming/Stm32_code/Telemetry_Reference/Core/Src/main.c:416:13:Print_StartupSummary	16	static
C:/Users/aweso/Downloads/sunseeker_projects_workspace/Programming/Stm32_code/Telemetry_Reference/Core/Src/main.c:443:20:FatFs_ErrorString	16	static
C:/Users/aweso/Downloads/sunseeker_projects_workspace/Programming/Stm32_code/Telemetry_Reference/Core/Src/main.c:474:15:stm32_bmi2_i2c_read	48	static
C:/Users/aweso/Downloads/sunseeker_projects_workspace/Programming/Stm32_code/Telemetry_Reference/Core/Src/main.c:495:15:stm32_bmi2_i2c_write	48	static
C:/Users/aweso/Downloads/sunseeker_projects_workspace/Programming/Stm32_code/Telemetry_Reference/Core/Src/main.c:516:13:stm32_bmi2_delay_us	24	static
C:/Users/aweso/Downloads/sunseeker_projects_workspace/Programming/Stm32_code/Telemetry_Reference/Core/Src/main.c:530:15:BMI270_API_Init	120	static
C:/Users/aweso/Downloads/sunseeker_projects_workspace/Programming/Stm32_code/Telemetry_Reference/Core/Src/main.c:594:13:BMI270_InitGravityEstimate	48	static
C:/Users/aweso/Downloads/sunseeker_projects_workspace/Programming/Stm32_code/Telemetry_Reference/Core/Src/main.c:620:13:BMI270_PrintInternalStatus	32	static
C:/Users/aweso/Downloads/sunseeker_projects_workspace/Programming/Stm32_code/Telemetry_Reference/Core/Src/main.c:635:13:LED_AllOff	8	static
C:/Users/aweso/Downloads/sunseeker_projects_workspace/Programming/Stm32_code/Telemetry_Reference/Core/Src/main.c:641:16:raw_acc_to_mg	16	static
C:/Users/aweso/Downloads/sunseeker_projects_workspace/Programming/Stm32_code/Telemetry_Reference/Core/Src/main.c:650:16:abs_i32	16	static
C:/Users/aweso/Downloads/sunseeker_projects_workspace/Programming/Stm32_code/Telemetry_Reference/Core/Src/main.c:655:16:raw_gyro_to_mdps	56	static
C:/Users/aweso/Downloads/sunseeker_projects_workspace/Programming/Stm32_code/Telemetry_Reference/Core/Src/main.c:664:13:BMI270_UpdateVelocityAndPrint	128	static
C:/Users/aweso/Downloads/sunseeker_projects_workspace/Programming/Stm32_code/Telemetry_Reference/Core/Src/main.c:776:13:GPS_Select	8	static
C:/Users/aweso/Downloads/sunseeker_projects_workspace/Programming/Stm32_code/Telemetry_Reference/Core/Src/main.c:781:13:GPS_Deselect	8	static
C:/Users/aweso/Downloads/sunseeker_projects_workspace/Programming/Stm32_code/Telemetry_Reference/Core/Src/main.c:786:13:GPS_InitPins	8	static
C:/Users/aweso/Downloads/sunseeker_projects_workspace/Programming/Stm32_code/Telemetry_Reference/Core/Src/main.c:799:13:GPS_ProcessByte	16	static
C:/Users/aweso/Downloads/sunseeker_projects_workspace/Programming/Stm32_code/Telemetry_Reference/Core/Src/main.c:873:13:GPS_PollSPI	152	static
C:/Users/aweso/Downloads/sunseeker_projects_workspace/Programming/Stm32_code/Telemetry_Reference/Core/Src/main.c:899:13:SD_LogInit	32	static
C:/Users/aweso/Downloads/sunseeker_projects_workspace/Programming/Stm32_code/Telemetry_Reference/Core/Src/main.c:942:13:SD_LogIMUAndGPS	680	static
C:/Users/aweso/Downloads/sunseeker_projects_workspace/Programming/Stm32_code/Telemetry_Reference/Core/Src/main.c:973:12:Telemetry_BuildCSVLine	304	static,ignoring_inline_asm
C:/Users/aweso/Downloads/sunseeker_projects_workspace/Programming/Stm32_code/Telemetry_Reference/Core/Src/main.c:1060:13:ESP32_Select	8	static
C:/Users/aweso/Downloads/sunseeker_projects_workspace/Programming/Stm32_code/Telemetry_Reference/Core/Src/main.c:1065:13:ESP32_Deselect	8	static
C:/Users/aweso/Downloads/sunseeker_projects_workspace/Programming/Stm32_code/Telemetry_Reference/Core/Src/main.c:1070:16:ESP32_IsReady	8	static
C:/Users/aweso/Downloads/sunseeker_projects_workspace/Programming/Stm32_code/Telemetry_Reference/Core/Src/main.c:1075:13:ESP32_SendTelemetry	672	static
C:/Users/aweso/Downloads/sunseeker_projects_workspace/Programming/Stm32_code/Telemetry_Reference/Core/Src/main.c:1123:16:bcd_to_bin	16	static
C:/Users/aweso/Downloads/sunseeker_projects_workspace/Programming/Stm32_code/Telemetry_Reference/Core/Src/main.c:1128:16:bin_to_bcd	16	static
C:/Users/aweso/Downloads/sunseeker_projects_workspace/Programming/Stm32_code/Telemetry_Reference/Core/Src/main.c:1133:13:DateTime_ToString	56	static
C:/Users/aweso/Downloads/sunseeker_projects_workspace/Programming/Stm32_code/Telemetry_Reference/Core/Src/main.c:1168:26:ADALOGGER_RTC_ReadRegs	32	static
C:/Users/aweso/Downloads/sunseeker_projects_workspace/Programming/Stm32_code/Telemetry_Reference/Core/Src/main.c:1181:26:ADALOGGER_RTC_WriteRegs	32	static
C:/Users/aweso/Downloads/sunseeker_projects_workspace/Programming/Stm32_code/Telemetry_Reference/Core/Src/main.c:1194:26:ADALOGGER_RTC_WriteReg	16	static
C:/Users/aweso/Downloads/sunseeker_projects_workspace/Programming/Stm32_code/Telemetry_Reference/Core/Src/main.c:1199:16:ADALOGGER_RTC_Init	8	static
C:/Users/aweso/Downloads/sunseeker_projects_workspace/Programming/Stm32_code/Telemetry_Reference/Core/Src/main.c:1221:16:ADALOGGER_RTC_Read	24	static
C:/Users/aweso/Downloads/sunseeker_projects_workspace/Programming/Stm32_code/Telemetry_Reference/Core/Src/main.c:1255:16:ADALOGGER_RTC_Set	24	static
C:/Users/aweso/Downloads/sunseeker_projects_workspace/Programming/Stm32_code/Telemetry_Reference/Core/Src/main.c:1282:13:ADALOGGER_RTC_Print	64	static
C:/Users/aweso/Downloads/sunseeker_projects_workspace/Programming/Stm32_code/Telemetry_Reference/Core/Src/main.c:1298:13:BME280_Select	8	static
C:/Users/aweso/Downloads/sunseeker_projects_workspace/Programming/Stm32_code/Telemetry_Reference/Core/Src/main.c:1303:13:BME280_Deselect	8	static
C:/Users/aweso/Downloads/sunseeker_projects_workspace/Programming/Stm32_code/Telemetry_Reference/Core/Src/main.c:1308:15:BME280_SPI_Read	32	static
C:/Users/aweso/Downloads/sunseeker_projects_workspace/Programming/Stm32_code/Telemetry_Reference/Core/Src/main.c:1335:15:BME280_SPI_Write	32	static
C:/Users/aweso/Downloads/sunseeker_projects_workspace/Programming/Stm32_code/Telemetry_Reference/Core/Src/main.c:1362:13:BME280_DelayUs	24	static
C:/Users/aweso/Downloads/sunseeker_projects_workspace/Programming/Stm32_code/Telemetry_Reference/Core/Src/main.c:1375:16:BME280_InitSensor	16	static
C:/Users/aweso/Downloads/sunseeker_projects_workspace/Programming/Stm32_code/Telemetry_Reference/Core/Src/main.c:1433:16:BME280_ReadAndPrint	72	static
C:/Users/aweso/Downloads/sunseeker_projects_workspace/Programming/Stm32_code/Telemetry_Reference/Core/Src/main.c:1463:16:STM32_CAN_ListenAllInit	48	static
C:/Users/aweso/Downloads/sunseeker_projects_workspace/Programming/Stm32_code/Telemetry_Reference/Core/Src/main.c:1552:6:HAL_CAN_RxFifo0MsgPendingCallback	16	static
C:/Users/aweso/Downloads/sunseeker_projects_workspace/Programming/Stm32_code/Telemetry_Reference/Core/Src/main.c:1562:13:CAN_DataToHex	40	static
C:/Users/aweso/Downloads/sunseeker_projects_workspace/Programming/Stm32_code/Telemetry_Reference/Core/Src/main.c:1592:13:STM32_CAN_PrintLatest	56	static
C:/Users/aweso/Downloads/sunseeker_projects_workspace/Programming/Stm32_code/Telemetry_Reference/Core/Src/main.c:1616:17:CAN_MakeU32_LE	16	static
C:/Users/aweso/Downloads/sunseeker_projects_workspace/Programming/Stm32_code/Telemetry_Reference/Core/Src/main.c:1624:13:SunRaw_UpdateFromCAN	32	static
C:/Users/aweso/Downloads/sunseeker_projects_workspace/Programming/Stm32_code/Telemetry_Reference/Core/Src/main.c:1649:12:SunRaw_BuildBlock	168	static,ignoring_inline_asm
C:/Users/aweso/Downloads/sunseeker_projects_workspace/Programming/Stm32_code/Telemetry_Reference/Core/Src/main.c:1780:13:RS232_SendString	24	static
C:/Users/aweso/Downloads/sunseeker_projects_workspace/Programming/Stm32_code/Telemetry_Reference/Core/Src/main.c:1803:13:RS232_SendSunRawBlock	16	static
C:/Users/aweso/Downloads/sunseeker_projects_workspace/Programming/Stm32_code/Telemetry_Reference/Core/Src/main.c:1813:13:StatusLed_InitState	16	static
C:/Users/aweso/Downloads/sunseeker_projects_workspace/Programming/Stm32_code/Telemetry_Reference/Core/Src/main.c:1831:13:StatusLed_RequestPulse	16	static
C:/Users/aweso/Downloads/sunseeker_projects_workspace/Programming/Stm32_code/Telemetry_Reference/Core/Src/main.c:1843:13:StatusLed_SetError	4	static
C:/Users/aweso/Downloads/sunseeker_projects_workspace/Programming/Stm32_code/Telemetry_Reference/Core/Src/main.c:1848:13:StatusLed_Task	16	static
C:/Users/aweso/Downloads/sunseeker_projects_workspace/Programming/Stm32_code/Telemetry_Reference/Core/Src/main.c:1907:13:StatusLed_BootSequence	16	static
C:/Users/aweso/Downloads/sunseeker_projects_workspace/Programming/Stm32_code/Telemetry_Reference/Core/Src/main.c:1927:13:STM32_CAN_StoreRxFrame	24	static
C:/Users/aweso/Downloads/sunseeker_projects_workspace/Programming/Stm32_code/Telemetry_Reference/Core/Src/main.c:1957:13:STM32_CAN_PollRx	48	static
C:/Users/aweso/Downloads/sunseeker_projects_workspace/Programming/Stm32_code/Telemetry_Reference/Core/Src/main.c:1971:13:STM32_CAN_DebugPrint	64	static
C:/Users/aweso/Downloads/sunseeker_projects_workspace/Programming/Stm32_code/Telemetry_Reference/Core/Src/main.c:1987:16:STM32_CAN_SendTestFrame	64	static
C:/Users/aweso/Downloads/sunseeker_projects_workspace/Programming/Stm32_code/Telemetry_Reference/Core/Src/main.c:2032:5:main	168	static
C:/Users/aweso/Downloads/sunseeker_projects_workspace/Programming/Stm32_code/Telemetry_Reference/Core/Src/main.c:2304:6:SystemClock_Config	88	static
C:/Users/aweso/Downloads/sunseeker_projects_workspace/Programming/Stm32_code/Telemetry_Reference/Core/Src/main.c:2350:13:MX_CAN1_Init	8	static
C:/Users/aweso/Downloads/sunseeker_projects_workspace/Programming/Stm32_code/Telemetry_Reference/Core/Src/main.c:2387:13:MX_I2C1_Init	8	static
C:/Users/aweso/Downloads/sunseeker_projects_workspace/Programming/Stm32_code/Telemetry_Reference/Core/Src/main.c:2435:13:MX_I2C2_Init	8	static
C:/Users/aweso/Downloads/sunseeker_projects_workspace/Programming/Stm32_code/Telemetry_Reference/Core/Src/main.c:2483:13:MX_SPI1_Init	8	static
C:/Users/aweso/Downloads/sunseeker_projects_workspace/Programming/Stm32_code/Telemetry_Reference/Core/Src/main.c:2521:13:MX_SPI2_Init	8	static
C:/Users/aweso/Downloads/sunseeker_projects_workspace/Programming/Stm32_code/Telemetry_Reference/Core/Src/main.c:2559:13:MX_SPI3_Init	8	static
C:/Users/aweso/Downloads/sunseeker_projects_workspace/Programming/Stm32_code/Telemetry_Reference/Core/Src/main.c:2597:13:MX_SPI5_Init	8	static
C:/Users/aweso/Downloads/sunseeker_projects_workspace/Programming/Stm32_code/Telemetry_Reference/Core/Src/main.c:2635:13:MX_USART1_UART_Init	8	static
C:/Users/aweso/Downloads/sunseeker_projects_workspace/Programming/Stm32_code/Telemetry_Reference/Core/Src/main.c:2668:13:MX_GPIO_Init	56	static
C:/Users/aweso/Downloads/sunseeker_projects_workspace/Programming/Stm32_code/Telemetry_Reference/Core/Src/main.c:2754:6:Error_Handler	4	static,ignoring_inline_asm
