C:/Users/aweso/Downloads/sunseeker_projects_workspace/Programming/Stm32_code/Telemetry_Reference/Core/Src/main.c:626:13:SWV_SendChar	24	static
C:/Users/aweso/Downloads/sunseeker_projects_workspace/Programming/Stm32_code/Telemetry_Reference/Core/Src/main.c:656:5:_write	32	static
C:/Users/aweso/Downloads/sunseeker_projects_workspace/Programming/Stm32_code/Telemetry_Reference/Core/Src/main.c:668:6:HAL_SPI_TxRxCpltCallback	16	static
C:/Users/aweso/Downloads/sunseeker_projects_workspace/Programming/Stm32_code/Telemetry_Reference/Core/Src/main.c:691:6:HAL_SPI_TxCpltCallback	16	static
C:/Users/aweso/Downloads/sunseeker_projects_workspace/Programming/Stm32_code/Telemetry_Reference/Core/Src/main.c:700:6:HAL_SPI_RxCpltCallback	16	static
C:/Users/aweso/Downloads/sunseeker_projects_workspace/Programming/Stm32_code/Telemetry_Reference/Core/Src/main.c:709:6:HAL_SPI_ErrorCallback	16	static
C:/Users/aweso/Downloads/sunseeker_projects_workspace/Programming/Stm32_code/Telemetry_Reference/Core/Src/main.c:732:13:Print_StartupSummary	16	static
C:/Users/aweso/Downloads/sunseeker_projects_workspace/Programming/Stm32_code/Telemetry_Reference/Core/Src/main.c:759:20:FatFs_ErrorString	16	static
C:/Users/aweso/Downloads/sunseeker_projects_workspace/Programming/Stm32_code/Telemetry_Reference/Core/Src/main.c:790:15:stm32_bmi2_i2c_read	48	static
C:/Users/aweso/Downloads/sunseeker_projects_workspace/Programming/Stm32_code/Telemetry_Reference/Core/Src/main.c:811:15:stm32_bmi2_i2c_write	48	static
C:/Users/aweso/Downloads/sunseeker_projects_workspace/Programming/Stm32_code/Telemetry_Reference/Core/Src/main.c:832:13:stm32_bmi2_delay_us	24	static
C:/Users/aweso/Downloads/sunseeker_projects_workspace/Programming/Stm32_code/Telemetry_Reference/Core/Src/main.c:846:15:BMI270_API_Init	120	static
C:/Users/aweso/Downloads/sunseeker_projects_workspace/Programming/Stm32_code/Telemetry_Reference/Core/Src/main.c:910:13:BMI270_InitGravityEstimate	48	static
C:/Users/aweso/Downloads/sunseeker_projects_workspace/Programming/Stm32_code/Telemetry_Reference/Core/Src/main.c:936:13:BMI270_PrintInternalStatus	32	static
C:/Users/aweso/Downloads/sunseeker_projects_workspace/Programming/Stm32_code/Telemetry_Reference/Core/Src/main.c:951:13:LED_AllOff	8	static
C:/Users/aweso/Downloads/sunseeker_projects_workspace/Programming/Stm32_code/Telemetry_Reference/Core/Src/main.c:957:16:raw_acc_to_mg	16	static
C:/Users/aweso/Downloads/sunseeker_projects_workspace/Programming/Stm32_code/Telemetry_Reference/Core/Src/main.c:966:16:abs_i32	16	static
C:/Users/aweso/Downloads/sunseeker_projects_workspace/Programming/Stm32_code/Telemetry_Reference/Core/Src/main.c:971:16:raw_gyro_to_mdps	56	static
C:/Users/aweso/Downloads/sunseeker_projects_workspace/Programming/Stm32_code/Telemetry_Reference/Core/Src/main.c:980:13:BMI270_UpdateVelocityAndPrint	176	static
C:/Users/aweso/Downloads/sunseeker_projects_workspace/Programming/Stm32_code/Telemetry_Reference/Core/Src/main.c:1157:13:GPS_Select	8	static
C:/Users/aweso/Downloads/sunseeker_projects_workspace/Programming/Stm32_code/Telemetry_Reference/Core/Src/main.c:1162:13:GPS_Deselect	8	static
C:/Users/aweso/Downloads/sunseeker_projects_workspace/Programming/Stm32_code/Telemetry_Reference/Core/Src/main.c:1167:13:GPS_InitPins	8	static
C:/Users/aweso/Downloads/sunseeker_projects_workspace/Programming/Stm32_code/Telemetry_Reference/Core/Src/main.c:1180:13:GPS_BufferPush	16	static
C:/Users/aweso/Downloads/sunseeker_projects_workspace/Programming/Stm32_code/Telemetry_Reference/Core/Src/main.c:1201:16:GPS_BufferPop	16	static
C:/Users/aweso/Downloads/sunseeker_projects_workspace/Programming/Stm32_code/Telemetry_Reference/Core/Src/main.c:1216:13:GPS_BufferRxBlock	24	static
C:/Users/aweso/Downloads/sunseeker_projects_workspace/Programming/Stm32_code/Telemetry_Reference/Core/Src/main.c:1233:13:GPS_ProcessBufferedBytes	24	static
C:/Users/aweso/Downloads/sunseeker_projects_workspace/Programming/Stm32_code/Telemetry_Reference/Core/Src/main.c:1249:13:GPS_ProcessByte	16	static
C:/Users/aweso/Downloads/sunseeker_projects_workspace/Programming/Stm32_code/Telemetry_Reference/Core/Src/main.c:1330:16:GPS_GetField	40	static
C:/Users/aweso/Downloads/sunseeker_projects_workspace/Programming/Stm32_code/Telemetry_Reference/Core/Src/main.c:1390:16:GPS_IsNavSentence	16	static
C:/Users/aweso/Downloads/sunseeker_projects_workspace/Programming/Stm32_code/Telemetry_Reference/Core/Src/main.c:1409:16:GPS_ParseCoordDeg	40	static
C:/Users/aweso/Downloads/sunseeker_projects_workspace/Programming/Stm32_code/Telemetry_Reference/Core/Src/main.c:1445:16:GPS_ParseSpeedMph	40	static
C:/Users/aweso/Downloads/sunseeker_projects_workspace/Programming/Stm32_code/Telemetry_Reference/Core/Src/main.c:1491:13:GPS_UpdateNavFromSentence	136	static
C:/Users/aweso/Downloads/sunseeker_projects_workspace/Programming/Stm32_code/Telemetry_Reference/Core/Src/main.c:1568:13:VehicleSpeed_UpdateFromSources	8	static
C:/Users/aweso/Downloads/sunseeker_projects_workspace/Programming/Stm32_code/Telemetry_Reference/Core/Src/main.c:1620:13:GPS_PollSPI	8	static
C:/Users/aweso/Downloads/sunseeker_projects_workspace/Programming/Stm32_code/Telemetry_Reference/Core/Src/main.c:1652:13:GPS_ServiceSPI	16	static
C:/Users/aweso/Downloads/sunseeker_projects_workspace/Programming/Stm32_code/Telemetry_Reference/Core/Src/main.c:1688:13:SD_LogInit	64	static
C:/Users/aweso/Downloads/sunseeker_projects_workspace/Programming/Stm32_code/Telemetry_Reference/Core/Src/main.c:1791:13:SD_LogIMUAndGPS	680	static
C:/Users/aweso/Downloads/sunseeker_projects_workspace/Programming/Stm32_code/Telemetry_Reference/Core/Src/main.c:1827:13:SD_LogStart	8	static
C:/Users/aweso/Downloads/sunseeker_projects_workspace/Programming/Stm32_code/Telemetry_Reference/Core/Src/main.c:1845:13:SD_LogStop	8	static
C:/Users/aweso/Downloads/sunseeker_projects_workspace/Programming/Stm32_code/Telemetry_Reference/Core/Src/main.c:1857:12:Telemetry_BuildCSVLine	432	static,ignoring_inline_asm
C:/Users/aweso/Downloads/sunseeker_projects_workspace/Programming/Stm32_code/Telemetry_Reference/Core/Src/main.c:1969:13:ESP32_Select	8	static
C:/Users/aweso/Downloads/sunseeker_projects_workspace/Programming/Stm32_code/Telemetry_Reference/Core/Src/main.c:1974:13:ESP32_Deselect	8	static
C:/Users/aweso/Downloads/sunseeker_projects_workspace/Programming/Stm32_code/Telemetry_Reference/Core/Src/main.c:1979:16:ESP32_IsReady	8	static
C:/Users/aweso/Downloads/sunseeker_projects_workspace/Programming/Stm32_code/Telemetry_Reference/Core/Src/main.c:1984:13:ESP32_SendTelemetry	680	static
C:/Users/aweso/Downloads/sunseeker_projects_workspace/Programming/Stm32_code/Telemetry_Reference/Core/Src/main.c:2082:13:ESP32_ServiceSPI	16	static
C:/Users/aweso/Downloads/sunseeker_projects_workspace/Programming/Stm32_code/Telemetry_Reference/Core/Src/main.c:2121:13:ESP32_QueueResponse	32	static
C:/Users/aweso/Downloads/sunseeker_projects_workspace/Programming/Stm32_code/Telemetry_Reference/Core/Src/main.c:2150:16:DateTime_IsValid	16	static
C:/Users/aweso/Downloads/sunseeker_projects_workspace/Programming/Stm32_code/Telemetry_Reference/Core/Src/main.c:2170:16:DateTime_CalcWeekday	16	static
C:/Users/aweso/Downloads/sunseeker_projects_workspace/Programming/Stm32_code/Telemetry_Reference/Core/Src/main.c:2183:13:ESP32_ProcessRxFrame	192	static
C:/Users/aweso/Downloads/sunseeker_projects_workspace/Programming/Stm32_code/Telemetry_Reference/Core/Src/main.c:2240:13:ESP32_HandleCommand	232	static
C:/Users/aweso/Downloads/sunseeker_projects_workspace/Programming/Stm32_code/Telemetry_Reference/Core/Src/main.c:2387:13:ESP32_ExecuteCommand	80	static
C:/Users/aweso/Downloads/sunseeker_projects_workspace/Programming/Stm32_code/Telemetry_Reference/Core/Src/main.c:2493:16:bcd_to_bin	16	static
C:/Users/aweso/Downloads/sunseeker_projects_workspace/Programming/Stm32_code/Telemetry_Reference/Core/Src/main.c:2498:16:bin_to_bcd	16	static
C:/Users/aweso/Downloads/sunseeker_projects_workspace/Programming/Stm32_code/Telemetry_Reference/Core/Src/main.c:2503:13:DateTime_ToString	56	static
C:/Users/aweso/Downloads/sunseeker_projects_workspace/Programming/Stm32_code/Telemetry_Reference/Core/Src/main.c:2538:13:ADALOGGER_RTC_RecoverI2CBus	56	static
C:/Users/aweso/Downloads/sunseeker_projects_workspace/Programming/Stm32_code/Telemetry_Reference/Core/Src/main.c:2585:26:ADALOGGER_RTC_ReadRegs	48	static
C:/Users/aweso/Downloads/sunseeker_projects_workspace/Programming/Stm32_code/Telemetry_Reference/Core/Src/main.c:2618:26:ADALOGGER_RTC_WriteRegs	48	static
C:/Users/aweso/Downloads/sunseeker_projects_workspace/Programming/Stm32_code/Telemetry_Reference/Core/Src/main.c:2651:26:ADALOGGER_RTC_WriteReg	16	static
C:/Users/aweso/Downloads/sunseeker_projects_workspace/Programming/Stm32_code/Telemetry_Reference/Core/Src/main.c:2656:16:ADALOGGER_RTC_Init	24	static
C:/Users/aweso/Downloads/sunseeker_projects_workspace/Programming/Stm32_code/Telemetry_Reference/Core/Src/main.c:2700:16:ADALOGGER_RTC_Read	24	static
C:/Users/aweso/Downloads/sunseeker_projects_workspace/Programming/Stm32_code/Telemetry_Reference/Core/Src/main.c:2734:16:ADALOGGER_RTC_Set	24	static
C:/Users/aweso/Downloads/sunseeker_projects_workspace/Programming/Stm32_code/Telemetry_Reference/Core/Src/main.c:2761:13:ADALOGGER_RTC_Print	64	static
C:/Users/aweso/Downloads/sunseeker_projects_workspace/Programming/Stm32_code/Telemetry_Reference/Core/Src/main.c:2777:26:BME280_WaitForSPI5IT	24	static
C:/Users/aweso/Downloads/sunseeker_projects_workspace/Programming/Stm32_code/Telemetry_Reference/Core/Src/main.c:2799:26:BME280_TransmitIT	24	static
C:/Users/aweso/Downloads/sunseeker_projects_workspace/Programming/Stm32_code/Telemetry_Reference/Core/Src/main.c:2814:26:BME280_ReceiveIT	24	static
C:/Users/aweso/Downloads/sunseeker_projects_workspace/Programming/Stm32_code/Telemetry_Reference/Core/Src/main.c:2829:13:BME280_Select	8	static
C:/Users/aweso/Downloads/sunseeker_projects_workspace/Programming/Stm32_code/Telemetry_Reference/Core/Src/main.c:2834:13:BME280_Deselect	8	static
C:/Users/aweso/Downloads/sunseeker_projects_workspace/Programming/Stm32_code/Telemetry_Reference/Core/Src/main.c:2839:15:BME280_SPI_Read	32	static
C:/Users/aweso/Downloads/sunseeker_projects_workspace/Programming/Stm32_code/Telemetry_Reference/Core/Src/main.c:2866:15:BME280_SPI_Write	32	static
C:/Users/aweso/Downloads/sunseeker_projects_workspace/Programming/Stm32_code/Telemetry_Reference/Core/Src/main.c:2893:13:BME280_DelayUs	24	static
C:/Users/aweso/Downloads/sunseeker_projects_workspace/Programming/Stm32_code/Telemetry_Reference/Core/Src/main.c:2906:16:BME280_InitSensor	16	static
C:/Users/aweso/Downloads/sunseeker_projects_workspace/Programming/Stm32_code/Telemetry_Reference/Core/Src/main.c:2964:16:BME280_ReadAndPrint	72	static
C:/Users/aweso/Downloads/sunseeker_projects_workspace/Programming/Stm32_code/Telemetry_Reference/Core/Src/main.c:2994:16:STM32_CAN_ListenAllInit	48	static
C:/Users/aweso/Downloads/sunseeker_projects_workspace/Programming/Stm32_code/Telemetry_Reference/Core/Src/main.c:3040:6:HAL_CAN_RxFifo0MsgPendingCallback	16	static
C:/Users/aweso/Downloads/sunseeker_projects_workspace/Programming/Stm32_code/Telemetry_Reference/Core/Src/main.c:3050:13:CAN_DataToHex	40	static
C:/Users/aweso/Downloads/sunseeker_projects_workspace/Programming/Stm32_code/Telemetry_Reference/Core/Src/main.c:3080:13:STM32_CAN_PrintLatest	56	static
C:/Users/aweso/Downloads/sunseeker_projects_workspace/Programming/Stm32_code/Telemetry_Reference/Core/Src/main.c:3104:17:CAN_MakeU32_LE	16	static
C:/Users/aweso/Downloads/sunseeker_projects_workspace/Programming/Stm32_code/Telemetry_Reference/Core/Src/main.c:3112:14:CAN_U32ToFloat	24	static
C:/Users/aweso/Downloads/sunseeker_projects_workspace/Programming/Stm32_code/Telemetry_Reference/Core/Src/main.c:3125:13:VehicleSpeed_UpdateFromCANVelocity	24	static
C:/Users/aweso/Downloads/sunseeker_projects_workspace/Programming/Stm32_code/Telemetry_Reference/Core/Src/main.c:3156:13:SunRaw_UpdateFromCAN	32	static
C:/Users/aweso/Downloads/sunseeker_projects_workspace/Programming/Stm32_code/Telemetry_Reference/Core/Src/main.c:3193:12:SunRaw_BuildBlock	216	static,ignoring_inline_asm
C:/Users/aweso/Downloads/sunseeker_projects_workspace/Programming/Stm32_code/Telemetry_Reference/Core/Src/main.c:3337:13:RS232_SendString	24	static
C:/Users/aweso/Downloads/sunseeker_projects_workspace/Programming/Stm32_code/Telemetry_Reference/Core/Src/main.c:3360:13:RS232_SendSunRawBlock	16	static
C:/Users/aweso/Downloads/sunseeker_projects_workspace/Programming/Stm32_code/Telemetry_Reference/Core/Src/main.c:3370:13:StatusLed_InitState	16	static
C:/Users/aweso/Downloads/sunseeker_projects_workspace/Programming/Stm32_code/Telemetry_Reference/Core/Src/main.c:3388:13:StatusLed_RequestPulse	16	static
C:/Users/aweso/Downloads/sunseeker_projects_workspace/Programming/Stm32_code/Telemetry_Reference/Core/Src/main.c:3400:13:StatusLed_SetError	4	static
C:/Users/aweso/Downloads/sunseeker_projects_workspace/Programming/Stm32_code/Telemetry_Reference/Core/Src/main.c:3405:13:StatusLed_Task	16	static
C:/Users/aweso/Downloads/sunseeker_projects_workspace/Programming/Stm32_code/Telemetry_Reference/Core/Src/main.c:3464:13:StatusLed_BootSequence	16	static
C:/Users/aweso/Downloads/sunseeker_projects_workspace/Programming/Stm32_code/Telemetry_Reference/Core/Src/main.c:3484:13:STM32_CAN_StoreRxFrame	24	static
C:/Users/aweso/Downloads/sunseeker_projects_workspace/Programming/Stm32_code/Telemetry_Reference/Core/Src/main.c:3514:13:STM32_CAN_PollRx	48	static
C:/Users/aweso/Downloads/sunseeker_projects_workspace/Programming/Stm32_code/Telemetry_Reference/Core/Src/main.c:3528:13:STM32_CAN_DebugPrint	64	static
C:/Users/aweso/Downloads/sunseeker_projects_workspace/Programming/Stm32_code/Telemetry_Reference/Core/Src/main.c:3544:16:STM32_CAN_SendTestFrame	64	static
C:/Users/aweso/Downloads/sunseeker_projects_workspace/Programming/Stm32_code/Telemetry_Reference/Core/Src/main.c:3589:5:main	160	static
C:/Users/aweso/Downloads/sunseeker_projects_workspace/Programming/Stm32_code/Telemetry_Reference/Core/Src/main.c:3902:6:SystemClock_Config	88	static
C:/Users/aweso/Downloads/sunseeker_projects_workspace/Programming/Stm32_code/Telemetry_Reference/Core/Src/main.c:3948:13:MX_CAN1_Init	8	static
C:/Users/aweso/Downloads/sunseeker_projects_workspace/Programming/Stm32_code/Telemetry_Reference/Core/Src/main.c:3985:13:MX_I2C1_Init	8	static
C:/Users/aweso/Downloads/sunseeker_projects_workspace/Programming/Stm32_code/Telemetry_Reference/Core/Src/main.c:4033:13:MX_I2C2_Init	8	static
C:/Users/aweso/Downloads/sunseeker_projects_workspace/Programming/Stm32_code/Telemetry_Reference/Core/Src/main.c:4081:13:MX_SPI1_Init	8	static
C:/Users/aweso/Downloads/sunseeker_projects_workspace/Programming/Stm32_code/Telemetry_Reference/Core/Src/main.c:4119:13:MX_SPI2_Init	8	static
C:/Users/aweso/Downloads/sunseeker_projects_workspace/Programming/Stm32_code/Telemetry_Reference/Core/Src/main.c:4157:13:MX_SPI3_Init	8	static
C:/Users/aweso/Downloads/sunseeker_projects_workspace/Programming/Stm32_code/Telemetry_Reference/Core/Src/main.c:4195:13:MX_SPI5_Init	8	static
C:/Users/aweso/Downloads/sunseeker_projects_workspace/Programming/Stm32_code/Telemetry_Reference/Core/Src/main.c:4233:13:MX_USART1_UART_Init	8	static
C:/Users/aweso/Downloads/sunseeker_projects_workspace/Programming/Stm32_code/Telemetry_Reference/Core/Src/main.c:4266:13:MX_GPIO_Init	56	static
C:/Users/aweso/Downloads/sunseeker_projects_workspace/Programming/Stm32_code/Telemetry_Reference/Core/Src/main.c:4358:6:Error_Handler	4	static,ignoring_inline_asm
