E:/Programming_Folder/Stm32/Telemetry_Board/Telemetry_Reference/Core/Src/main.c:476:13:SWV_SendChar	24	static
E:/Programming_Folder/Stm32/Telemetry_Board/Telemetry_Reference/Core/Src/main.c:506:5:_write	32	static
E:/Programming_Folder/Stm32/Telemetry_Board/Telemetry_Reference/Core/Src/main.c:518:6:HAL_SPI_TxRxCpltCallback	16	static
E:/Programming_Folder/Stm32/Telemetry_Board/Telemetry_Reference/Core/Src/main.c:541:6:HAL_SPI_TxCpltCallback	16	static
E:/Programming_Folder/Stm32/Telemetry_Board/Telemetry_Reference/Core/Src/main.c:550:6:HAL_SPI_RxCpltCallback	16	static
E:/Programming_Folder/Stm32/Telemetry_Board/Telemetry_Reference/Core/Src/main.c:559:6:HAL_SPI_ErrorCallback	16	static
E:/Programming_Folder/Stm32/Telemetry_Board/Telemetry_Reference/Core/Src/main.c:582:13:Print_StartupSummary	16	static
E:/Programming_Folder/Stm32/Telemetry_Board/Telemetry_Reference/Core/Src/main.c:609:20:FatFs_ErrorString	16	static
E:/Programming_Folder/Stm32/Telemetry_Board/Telemetry_Reference/Core/Src/main.c:640:15:stm32_bmi2_i2c_read	48	static
E:/Programming_Folder/Stm32/Telemetry_Board/Telemetry_Reference/Core/Src/main.c:661:15:stm32_bmi2_i2c_write	48	static
E:/Programming_Folder/Stm32/Telemetry_Board/Telemetry_Reference/Core/Src/main.c:682:13:stm32_bmi2_delay_us	24	static
E:/Programming_Folder/Stm32/Telemetry_Board/Telemetry_Reference/Core/Src/main.c:696:15:BMI270_API_Init	120	static
E:/Programming_Folder/Stm32/Telemetry_Board/Telemetry_Reference/Core/Src/main.c:760:13:BMI270_InitGravityEstimate	48	static
E:/Programming_Folder/Stm32/Telemetry_Board/Telemetry_Reference/Core/Src/main.c:786:13:BMI270_PrintInternalStatus	32	static
E:/Programming_Folder/Stm32/Telemetry_Board/Telemetry_Reference/Core/Src/main.c:801:13:LED_AllOff	8	static
E:/Programming_Folder/Stm32/Telemetry_Board/Telemetry_Reference/Core/Src/main.c:807:16:raw_acc_to_mg	16	static
E:/Programming_Folder/Stm32/Telemetry_Board/Telemetry_Reference/Core/Src/main.c:816:16:abs_i32	16	static
E:/Programming_Folder/Stm32/Telemetry_Board/Telemetry_Reference/Core/Src/main.c:821:16:raw_gyro_to_mdps	56	static
E:/Programming_Folder/Stm32/Telemetry_Board/Telemetry_Reference/Core/Src/main.c:830:13:BMI270_UpdateVelocityAndPrint	152	static
E:/Programming_Folder/Stm32/Telemetry_Board/Telemetry_Reference/Core/Src/main.c:945:13:GPS_Select	8	static
E:/Programming_Folder/Stm32/Telemetry_Board/Telemetry_Reference/Core/Src/main.c:950:13:GPS_Deselect	8	static
E:/Programming_Folder/Stm32/Telemetry_Board/Telemetry_Reference/Core/Src/main.c:955:13:GPS_InitPins	8	static
E:/Programming_Folder/Stm32/Telemetry_Board/Telemetry_Reference/Core/Src/main.c:968:13:GPS_ProcessByte	16	static
E:/Programming_Folder/Stm32/Telemetry_Board/Telemetry_Reference/Core/Src/main.c:1043:16:GPS_GetField	40	static
E:/Programming_Folder/Stm32/Telemetry_Board/Telemetry_Reference/Core/Src/main.c:1098:16:GPS_ParseSpeedMph	40	static
E:/Programming_Folder/Stm32/Telemetry_Board/Telemetry_Reference/Core/Src/main.c:1140:13:GPS_UpdateSpeedFromSentence	24	static
E:/Programming_Folder/Stm32/Telemetry_Board/Telemetry_Reference/Core/Src/main.c:1155:13:VehicleSpeed_UpdateFromSources	8	static
E:/Programming_Folder/Stm32/Telemetry_Board/Telemetry_Reference/Core/Src/main.c:1181:13:GPS_PollSPI	8	static
E:/Programming_Folder/Stm32/Telemetry_Board/Telemetry_Reference/Core/Src/main.c:1213:13:GPS_ServiceSPI	16	static
E:/Programming_Folder/Stm32/Telemetry_Board/Telemetry_Reference/Core/Src/main.c:1250:13:SD_LogInit	32	static
E:/Programming_Folder/Stm32/Telemetry_Board/Telemetry_Reference/Core/Src/main.c:1294:13:SD_LogIMUAndGPS	680	static
E:/Programming_Folder/Stm32/Telemetry_Board/Telemetry_Reference/Core/Src/main.c:1325:13:SD_LogStart	8	static
E:/Programming_Folder/Stm32/Telemetry_Board/Telemetry_Reference/Core/Src/main.c:1343:13:SD_LogStop	8	static
E:/Programming_Folder/Stm32/Telemetry_Board/Telemetry_Reference/Core/Src/main.c:1355:12:Telemetry_BuildCSVLine	360	static,ignoring_inline_asm
E:/Programming_Folder/Stm32/Telemetry_Board/Telemetry_Reference/Core/Src/main.c:1448:13:ESP32_Select	8	static
E:/Programming_Folder/Stm32/Telemetry_Board/Telemetry_Reference/Core/Src/main.c:1453:13:ESP32_Deselect	8	static
E:/Programming_Folder/Stm32/Telemetry_Board/Telemetry_Reference/Core/Src/main.c:1458:16:ESP32_IsReady	8	static
E:/Programming_Folder/Stm32/Telemetry_Board/Telemetry_Reference/Core/Src/main.c:1463:13:ESP32_SendTelemetry	680	static
E:/Programming_Folder/Stm32/Telemetry_Board/Telemetry_Reference/Core/Src/main.c:1542:13:ESP32_ServiceSPI	16	static
E:/Programming_Folder/Stm32/Telemetry_Board/Telemetry_Reference/Core/Src/main.c:1581:13:ESP32_QueueResponse	32	static
E:/Programming_Folder/Stm32/Telemetry_Board/Telemetry_Reference/Core/Src/main.c:1610:16:DateTime_IsValid	16	static
E:/Programming_Folder/Stm32/Telemetry_Board/Telemetry_Reference/Core/Src/main.c:1630:16:DateTime_CalcWeekday	16	static
E:/Programming_Folder/Stm32/Telemetry_Board/Telemetry_Reference/Core/Src/main.c:1643:13:ESP32_ProcessRxFrame	192	static
E:/Programming_Folder/Stm32/Telemetry_Board/Telemetry_Reference/Core/Src/main.c:1696:13:ESP32_HandleCommand	232	static
E:/Programming_Folder/Stm32/Telemetry_Board/Telemetry_Reference/Core/Src/main.c:1839:13:ESP32_ExecuteCommand	80	static
E:/Programming_Folder/Stm32/Telemetry_Board/Telemetry_Reference/Core/Src/main.c:1940:16:bcd_to_bin	16	static
E:/Programming_Folder/Stm32/Telemetry_Board/Telemetry_Reference/Core/Src/main.c:1945:16:bin_to_bcd	16	static
E:/Programming_Folder/Stm32/Telemetry_Board/Telemetry_Reference/Core/Src/main.c:1950:13:DateTime_ToString	56	static
E:/Programming_Folder/Stm32/Telemetry_Board/Telemetry_Reference/Core/Src/main.c:1985:13:ADALOGGER_RTC_RecoverI2CBus	56	static
E:/Programming_Folder/Stm32/Telemetry_Board/Telemetry_Reference/Core/Src/main.c:2032:26:ADALOGGER_RTC_ReadRegs	48	static
E:/Programming_Folder/Stm32/Telemetry_Board/Telemetry_Reference/Core/Src/main.c:2065:26:ADALOGGER_RTC_WriteRegs	48	static
E:/Programming_Folder/Stm32/Telemetry_Board/Telemetry_Reference/Core/Src/main.c:2098:26:ADALOGGER_RTC_WriteReg	16	static
E:/Programming_Folder/Stm32/Telemetry_Board/Telemetry_Reference/Core/Src/main.c:2103:16:ADALOGGER_RTC_Init	24	static
E:/Programming_Folder/Stm32/Telemetry_Board/Telemetry_Reference/Core/Src/main.c:2147:16:ADALOGGER_RTC_Read	24	static
E:/Programming_Folder/Stm32/Telemetry_Board/Telemetry_Reference/Core/Src/main.c:2181:16:ADALOGGER_RTC_Set	24	static
E:/Programming_Folder/Stm32/Telemetry_Board/Telemetry_Reference/Core/Src/main.c:2208:13:ADALOGGER_RTC_Print	64	static
E:/Programming_Folder/Stm32/Telemetry_Board/Telemetry_Reference/Core/Src/main.c:2224:26:BME280_WaitForSPI5IT	24	static
E:/Programming_Folder/Stm32/Telemetry_Board/Telemetry_Reference/Core/Src/main.c:2246:26:BME280_TransmitIT	24	static
E:/Programming_Folder/Stm32/Telemetry_Board/Telemetry_Reference/Core/Src/main.c:2261:26:BME280_ReceiveIT	24	static
E:/Programming_Folder/Stm32/Telemetry_Board/Telemetry_Reference/Core/Src/main.c:2276:13:BME280_Select	8	static
E:/Programming_Folder/Stm32/Telemetry_Board/Telemetry_Reference/Core/Src/main.c:2281:13:BME280_Deselect	8	static
E:/Programming_Folder/Stm32/Telemetry_Board/Telemetry_Reference/Core/Src/main.c:2286:15:BME280_SPI_Read	32	static
E:/Programming_Folder/Stm32/Telemetry_Board/Telemetry_Reference/Core/Src/main.c:2313:15:BME280_SPI_Write	32	static
E:/Programming_Folder/Stm32/Telemetry_Board/Telemetry_Reference/Core/Src/main.c:2340:13:BME280_DelayUs	24	static
E:/Programming_Folder/Stm32/Telemetry_Board/Telemetry_Reference/Core/Src/main.c:2353:16:BME280_InitSensor	16	static
E:/Programming_Folder/Stm32/Telemetry_Board/Telemetry_Reference/Core/Src/main.c:2411:16:BME280_ReadAndPrint	72	static
E:/Programming_Folder/Stm32/Telemetry_Board/Telemetry_Reference/Core/Src/main.c:2441:16:STM32_CAN_ListenAllInit	48	static
E:/Programming_Folder/Stm32/Telemetry_Board/Telemetry_Reference/Core/Src/main.c:2530:6:HAL_CAN_RxFifo0MsgPendingCallback	16	static
E:/Programming_Folder/Stm32/Telemetry_Board/Telemetry_Reference/Core/Src/main.c:2540:13:CAN_DataToHex	40	static
E:/Programming_Folder/Stm32/Telemetry_Board/Telemetry_Reference/Core/Src/main.c:2570:13:STM32_CAN_PrintLatest	56	static
E:/Programming_Folder/Stm32/Telemetry_Board/Telemetry_Reference/Core/Src/main.c:2594:17:CAN_MakeU32_LE	16	static
E:/Programming_Folder/Stm32/Telemetry_Board/Telemetry_Reference/Core/Src/main.c:2602:13:SunRaw_UpdateFromCAN	32	static
E:/Programming_Folder/Stm32/Telemetry_Board/Telemetry_Reference/Core/Src/main.c:2627:12:SunRaw_BuildBlock	208	static,ignoring_inline_asm
E:/Programming_Folder/Stm32/Telemetry_Board/Telemetry_Reference/Core/Src/main.c:2786:13:RS232_SendString	24	static
E:/Programming_Folder/Stm32/Telemetry_Board/Telemetry_Reference/Core/Src/main.c:2809:13:RS232_SendSunRawBlock	16	static
E:/Programming_Folder/Stm32/Telemetry_Board/Telemetry_Reference/Core/Src/main.c:2819:13:StatusLed_InitState	16	static
E:/Programming_Folder/Stm32/Telemetry_Board/Telemetry_Reference/Core/Src/main.c:2837:13:StatusLed_RequestPulse	16	static
E:/Programming_Folder/Stm32/Telemetry_Board/Telemetry_Reference/Core/Src/main.c:2849:13:StatusLed_SetError	4	static
E:/Programming_Folder/Stm32/Telemetry_Board/Telemetry_Reference/Core/Src/main.c:2854:13:StatusLed_Task	16	static
E:/Programming_Folder/Stm32/Telemetry_Board/Telemetry_Reference/Core/Src/main.c:2913:13:StatusLed_BootSequence	16	static
E:/Programming_Folder/Stm32/Telemetry_Board/Telemetry_Reference/Core/Src/main.c:2933:13:STM32_CAN_StoreRxFrame	24	static
E:/Programming_Folder/Stm32/Telemetry_Board/Telemetry_Reference/Core/Src/main.c:2963:13:STM32_CAN_PollRx	48	static
E:/Programming_Folder/Stm32/Telemetry_Board/Telemetry_Reference/Core/Src/main.c:2977:13:STM32_CAN_DebugPrint	64	static
E:/Programming_Folder/Stm32/Telemetry_Board/Telemetry_Reference/Core/Src/main.c:2993:16:STM32_CAN_SendTestFrame	64	static
E:/Programming_Folder/Stm32/Telemetry_Board/Telemetry_Reference/Core/Src/main.c:3038:5:main	152	static
E:/Programming_Folder/Stm32/Telemetry_Board/Telemetry_Reference/Core/Src/main.c:3313:6:SystemClock_Config	88	static
E:/Programming_Folder/Stm32/Telemetry_Board/Telemetry_Reference/Core/Src/main.c:3359:13:MX_CAN1_Init	8	static
E:/Programming_Folder/Stm32/Telemetry_Board/Telemetry_Reference/Core/Src/main.c:3396:13:MX_I2C1_Init	8	static
E:/Programming_Folder/Stm32/Telemetry_Board/Telemetry_Reference/Core/Src/main.c:3444:13:MX_I2C2_Init	8	static
E:/Programming_Folder/Stm32/Telemetry_Board/Telemetry_Reference/Core/Src/main.c:3492:13:MX_SPI1_Init	8	static
E:/Programming_Folder/Stm32/Telemetry_Board/Telemetry_Reference/Core/Src/main.c:3530:13:MX_SPI2_Init	8	static
E:/Programming_Folder/Stm32/Telemetry_Board/Telemetry_Reference/Core/Src/main.c:3568:13:MX_SPI3_Init	8	static
E:/Programming_Folder/Stm32/Telemetry_Board/Telemetry_Reference/Core/Src/main.c:3606:13:MX_SPI5_Init	8	static
E:/Programming_Folder/Stm32/Telemetry_Board/Telemetry_Reference/Core/Src/main.c:3644:13:MX_USART1_UART_Init	8	static
E:/Programming_Folder/Stm32/Telemetry_Board/Telemetry_Reference/Core/Src/main.c:3677:13:MX_GPIO_Init	56	static
E:/Programming_Folder/Stm32/Telemetry_Board/Telemetry_Reference/Core/Src/main.c:3763:6:Error_Handler	4	static,ignoring_inline_asm
