E:/Programming_Folder/Stm32/Telemetry_Board/Telemetry_Reference/Core/Src/main.c:440:13:SWV_SendChar	24	static
E:/Programming_Folder/Stm32/Telemetry_Board/Telemetry_Reference/Core/Src/main.c:470:5:_write	32	static
E:/Programming_Folder/Stm32/Telemetry_Board/Telemetry_Reference/Core/Src/main.c:482:13:Print_StartupSummary	16	static
E:/Programming_Folder/Stm32/Telemetry_Board/Telemetry_Reference/Core/Src/main.c:509:20:FatFs_ErrorString	16	static
E:/Programming_Folder/Stm32/Telemetry_Board/Telemetry_Reference/Core/Src/main.c:540:15:stm32_bmi2_i2c_read	48	static
E:/Programming_Folder/Stm32/Telemetry_Board/Telemetry_Reference/Core/Src/main.c:561:15:stm32_bmi2_i2c_write	48	static
E:/Programming_Folder/Stm32/Telemetry_Board/Telemetry_Reference/Core/Src/main.c:582:13:stm32_bmi2_delay_us	24	static
E:/Programming_Folder/Stm32/Telemetry_Board/Telemetry_Reference/Core/Src/main.c:596:15:BMI270_API_Init	120	static
E:/Programming_Folder/Stm32/Telemetry_Board/Telemetry_Reference/Core/Src/main.c:660:13:BMI270_InitGravityEstimate	48	static
E:/Programming_Folder/Stm32/Telemetry_Board/Telemetry_Reference/Core/Src/main.c:686:13:BMI270_PrintInternalStatus	32	static
E:/Programming_Folder/Stm32/Telemetry_Board/Telemetry_Reference/Core/Src/main.c:701:13:LED_AllOff	8	static
E:/Programming_Folder/Stm32/Telemetry_Board/Telemetry_Reference/Core/Src/main.c:707:16:raw_acc_to_mg	16	static
E:/Programming_Folder/Stm32/Telemetry_Board/Telemetry_Reference/Core/Src/main.c:716:16:abs_i32	16	static
E:/Programming_Folder/Stm32/Telemetry_Board/Telemetry_Reference/Core/Src/main.c:721:16:raw_gyro_to_mdps	56	static
E:/Programming_Folder/Stm32/Telemetry_Board/Telemetry_Reference/Core/Src/main.c:730:13:BMI270_UpdateVelocityAndPrint	128	static
E:/Programming_Folder/Stm32/Telemetry_Board/Telemetry_Reference/Core/Src/main.c:842:13:GPS_Select	8	static
E:/Programming_Folder/Stm32/Telemetry_Board/Telemetry_Reference/Core/Src/main.c:847:13:GPS_Deselect	8	static
E:/Programming_Folder/Stm32/Telemetry_Board/Telemetry_Reference/Core/Src/main.c:852:13:GPS_InitPins	8	static
E:/Programming_Folder/Stm32/Telemetry_Board/Telemetry_Reference/Core/Src/main.c:865:13:GPS_ProcessByte	16	static
E:/Programming_Folder/Stm32/Telemetry_Board/Telemetry_Reference/Core/Src/main.c:939:13:GPS_PollSPI	152	static
E:/Programming_Folder/Stm32/Telemetry_Board/Telemetry_Reference/Core/Src/main.c:965:13:SD_LogInit	32	static
E:/Programming_Folder/Stm32/Telemetry_Board/Telemetry_Reference/Core/Src/main.c:1008:13:SD_LogIMUAndGPS	680	static
E:/Programming_Folder/Stm32/Telemetry_Board/Telemetry_Reference/Core/Src/main.c:1039:13:SD_LogStart	8	static
E:/Programming_Folder/Stm32/Telemetry_Board/Telemetry_Reference/Core/Src/main.c:1057:13:SD_LogStop	8	static
E:/Programming_Folder/Stm32/Telemetry_Board/Telemetry_Reference/Core/Src/main.c:1069:12:Telemetry_BuildCSVLine	304	static,ignoring_inline_asm
E:/Programming_Folder/Stm32/Telemetry_Board/Telemetry_Reference/Core/Src/main.c:1156:13:ESP32_Select	8	static
E:/Programming_Folder/Stm32/Telemetry_Board/Telemetry_Reference/Core/Src/main.c:1161:13:ESP32_Deselect	8	static
E:/Programming_Folder/Stm32/Telemetry_Board/Telemetry_Reference/Core/Src/main.c:1166:16:ESP32_IsReady	8	static
E:/Programming_Folder/Stm32/Telemetry_Board/Telemetry_Reference/Core/Src/main.c:1171:13:ESP32_SendTelemetry	672	static
E:/Programming_Folder/Stm32/Telemetry_Board/Telemetry_Reference/Core/Src/main.c:1238:13:ESP32_QueueResponse	32	static
E:/Programming_Folder/Stm32/Telemetry_Board/Telemetry_Reference/Core/Src/main.c:1267:16:DateTime_IsValid	16	static
E:/Programming_Folder/Stm32/Telemetry_Board/Telemetry_Reference/Core/Src/main.c:1287:16:DateTime_CalcWeekday	16	static
E:/Programming_Folder/Stm32/Telemetry_Board/Telemetry_Reference/Core/Src/main.c:1300:13:ESP32_ProcessRxFrame	192	static
E:/Programming_Folder/Stm32/Telemetry_Board/Telemetry_Reference/Core/Src/main.c:1353:13:ESP32_HandleCommand	232	static
E:/Programming_Folder/Stm32/Telemetry_Board/Telemetry_Reference/Core/Src/main.c:1496:13:ESP32_ExecuteCommand	80	static
E:/Programming_Folder/Stm32/Telemetry_Board/Telemetry_Reference/Core/Src/main.c:1597:16:bcd_to_bin	16	static
E:/Programming_Folder/Stm32/Telemetry_Board/Telemetry_Reference/Core/Src/main.c:1602:16:bin_to_bcd	16	static
E:/Programming_Folder/Stm32/Telemetry_Board/Telemetry_Reference/Core/Src/main.c:1607:13:DateTime_ToString	56	static
E:/Programming_Folder/Stm32/Telemetry_Board/Telemetry_Reference/Core/Src/main.c:1642:26:ADALOGGER_RTC_ReadRegs	32	static
E:/Programming_Folder/Stm32/Telemetry_Board/Telemetry_Reference/Core/Src/main.c:1655:26:ADALOGGER_RTC_WriteRegs	32	static
E:/Programming_Folder/Stm32/Telemetry_Board/Telemetry_Reference/Core/Src/main.c:1668:26:ADALOGGER_RTC_WriteReg	16	static
E:/Programming_Folder/Stm32/Telemetry_Board/Telemetry_Reference/Core/Src/main.c:1673:16:ADALOGGER_RTC_Init	8	static
E:/Programming_Folder/Stm32/Telemetry_Board/Telemetry_Reference/Core/Src/main.c:1695:16:ADALOGGER_RTC_Read	24	static
E:/Programming_Folder/Stm32/Telemetry_Board/Telemetry_Reference/Core/Src/main.c:1729:16:ADALOGGER_RTC_Set	24	static
E:/Programming_Folder/Stm32/Telemetry_Board/Telemetry_Reference/Core/Src/main.c:1756:13:ADALOGGER_RTC_Print	64	static
E:/Programming_Folder/Stm32/Telemetry_Board/Telemetry_Reference/Core/Src/main.c:1772:13:BME280_Select	8	static
E:/Programming_Folder/Stm32/Telemetry_Board/Telemetry_Reference/Core/Src/main.c:1777:13:BME280_Deselect	8	static
E:/Programming_Folder/Stm32/Telemetry_Board/Telemetry_Reference/Core/Src/main.c:1782:15:BME280_SPI_Read	32	static
E:/Programming_Folder/Stm32/Telemetry_Board/Telemetry_Reference/Core/Src/main.c:1809:15:BME280_SPI_Write	32	static
E:/Programming_Folder/Stm32/Telemetry_Board/Telemetry_Reference/Core/Src/main.c:1836:13:BME280_DelayUs	24	static
E:/Programming_Folder/Stm32/Telemetry_Board/Telemetry_Reference/Core/Src/main.c:1849:16:BME280_InitSensor	16	static
E:/Programming_Folder/Stm32/Telemetry_Board/Telemetry_Reference/Core/Src/main.c:1907:16:BME280_ReadAndPrint	72	static
E:/Programming_Folder/Stm32/Telemetry_Board/Telemetry_Reference/Core/Src/main.c:1937:16:STM32_CAN_ListenAllInit	48	static
E:/Programming_Folder/Stm32/Telemetry_Board/Telemetry_Reference/Core/Src/main.c:2026:6:HAL_CAN_RxFifo0MsgPendingCallback	16	static
E:/Programming_Folder/Stm32/Telemetry_Board/Telemetry_Reference/Core/Src/main.c:2036:13:CAN_DataToHex	40	static
E:/Programming_Folder/Stm32/Telemetry_Board/Telemetry_Reference/Core/Src/main.c:2066:13:STM32_CAN_PrintLatest	56	static
E:/Programming_Folder/Stm32/Telemetry_Board/Telemetry_Reference/Core/Src/main.c:2090:17:CAN_MakeU32_LE	16	static
E:/Programming_Folder/Stm32/Telemetry_Board/Telemetry_Reference/Core/Src/main.c:2098:13:SunRaw_UpdateFromCAN	32	static
E:/Programming_Folder/Stm32/Telemetry_Board/Telemetry_Reference/Core/Src/main.c:2123:12:SunRaw_BuildBlock	192	static,ignoring_inline_asm
E:/Programming_Folder/Stm32/Telemetry_Board/Telemetry_Reference/Core/Src/main.c:2271:13:RS232_SendString	24	static
E:/Programming_Folder/Stm32/Telemetry_Board/Telemetry_Reference/Core/Src/main.c:2294:13:RS232_SendSunRawBlock	16	static
E:/Programming_Folder/Stm32/Telemetry_Board/Telemetry_Reference/Core/Src/main.c:2304:13:StatusLed_InitState	16	static
E:/Programming_Folder/Stm32/Telemetry_Board/Telemetry_Reference/Core/Src/main.c:2322:13:StatusLed_RequestPulse	16	static
E:/Programming_Folder/Stm32/Telemetry_Board/Telemetry_Reference/Core/Src/main.c:2334:13:StatusLed_SetError	4	static
E:/Programming_Folder/Stm32/Telemetry_Board/Telemetry_Reference/Core/Src/main.c:2339:13:StatusLed_Task	16	static
E:/Programming_Folder/Stm32/Telemetry_Board/Telemetry_Reference/Core/Src/main.c:2398:13:StatusLed_BootSequence	16	static
E:/Programming_Folder/Stm32/Telemetry_Board/Telemetry_Reference/Core/Src/main.c:2418:13:STM32_CAN_StoreRxFrame	24	static
E:/Programming_Folder/Stm32/Telemetry_Board/Telemetry_Reference/Core/Src/main.c:2448:13:STM32_CAN_PollRx	48	static
E:/Programming_Folder/Stm32/Telemetry_Board/Telemetry_Reference/Core/Src/main.c:2462:13:STM32_CAN_DebugPrint	64	static
E:/Programming_Folder/Stm32/Telemetry_Board/Telemetry_Reference/Core/Src/main.c:2478:16:STM32_CAN_SendTestFrame	64	static
E:/Programming_Folder/Stm32/Telemetry_Board/Telemetry_Reference/Core/Src/main.c:2523:5:main	152	static
E:/Programming_Folder/Stm32/Telemetry_Board/Telemetry_Reference/Core/Src/main.c:2795:6:SystemClock_Config	88	static
E:/Programming_Folder/Stm32/Telemetry_Board/Telemetry_Reference/Core/Src/main.c:2841:13:MX_CAN1_Init	8	static
E:/Programming_Folder/Stm32/Telemetry_Board/Telemetry_Reference/Core/Src/main.c:2878:13:MX_I2C1_Init	8	static
E:/Programming_Folder/Stm32/Telemetry_Board/Telemetry_Reference/Core/Src/main.c:2926:13:MX_I2C2_Init	8	static
E:/Programming_Folder/Stm32/Telemetry_Board/Telemetry_Reference/Core/Src/main.c:2974:13:MX_SPI1_Init	8	static
E:/Programming_Folder/Stm32/Telemetry_Board/Telemetry_Reference/Core/Src/main.c:3012:13:MX_SPI2_Init	8	static
E:/Programming_Folder/Stm32/Telemetry_Board/Telemetry_Reference/Core/Src/main.c:3050:13:MX_SPI3_Init	8	static
E:/Programming_Folder/Stm32/Telemetry_Board/Telemetry_Reference/Core/Src/main.c:3088:13:MX_SPI5_Init	8	static
E:/Programming_Folder/Stm32/Telemetry_Board/Telemetry_Reference/Core/Src/main.c:3126:13:MX_USART1_UART_Init	8	static
E:/Programming_Folder/Stm32/Telemetry_Board/Telemetry_Reference/Core/Src/main.c:3159:13:MX_GPIO_Init	56	static
E:/Programming_Folder/Stm32/Telemetry_Board/Telemetry_Reference/Core/Src/main.c:3245:6:Error_Handler	4	static,ignoring_inline_asm
