E:/Programming_Folder/Stm32/Telemetry_Board/Telemetry_Reference/Core/Src/main.c:461:13:SWV_SendChar	24	static
E:/Programming_Folder/Stm32/Telemetry_Board/Telemetry_Reference/Core/Src/main.c:491:5:_write	32	static
E:/Programming_Folder/Stm32/Telemetry_Board/Telemetry_Reference/Core/Src/main.c:503:6:HAL_SPI_TxRxCpltCallback	16	static
E:/Programming_Folder/Stm32/Telemetry_Board/Telemetry_Reference/Core/Src/main.c:526:6:HAL_SPI_TxCpltCallback	16	static
E:/Programming_Folder/Stm32/Telemetry_Board/Telemetry_Reference/Core/Src/main.c:535:6:HAL_SPI_RxCpltCallback	16	static
E:/Programming_Folder/Stm32/Telemetry_Board/Telemetry_Reference/Core/Src/main.c:544:6:HAL_SPI_ErrorCallback	16	static
E:/Programming_Folder/Stm32/Telemetry_Board/Telemetry_Reference/Core/Src/main.c:567:13:Print_StartupSummary	16	static
E:/Programming_Folder/Stm32/Telemetry_Board/Telemetry_Reference/Core/Src/main.c:594:20:FatFs_ErrorString	16	static
E:/Programming_Folder/Stm32/Telemetry_Board/Telemetry_Reference/Core/Src/main.c:625:15:stm32_bmi2_i2c_read	48	static
E:/Programming_Folder/Stm32/Telemetry_Board/Telemetry_Reference/Core/Src/main.c:646:15:stm32_bmi2_i2c_write	48	static
E:/Programming_Folder/Stm32/Telemetry_Board/Telemetry_Reference/Core/Src/main.c:667:13:stm32_bmi2_delay_us	24	static
E:/Programming_Folder/Stm32/Telemetry_Board/Telemetry_Reference/Core/Src/main.c:681:15:BMI270_API_Init	120	static
E:/Programming_Folder/Stm32/Telemetry_Board/Telemetry_Reference/Core/Src/main.c:745:13:BMI270_InitGravityEstimate	48	static
E:/Programming_Folder/Stm32/Telemetry_Board/Telemetry_Reference/Core/Src/main.c:771:13:BMI270_PrintInternalStatus	32	static
E:/Programming_Folder/Stm32/Telemetry_Board/Telemetry_Reference/Core/Src/main.c:786:13:LED_AllOff	8	static
E:/Programming_Folder/Stm32/Telemetry_Board/Telemetry_Reference/Core/Src/main.c:792:16:raw_acc_to_mg	16	static
E:/Programming_Folder/Stm32/Telemetry_Board/Telemetry_Reference/Core/Src/main.c:801:16:abs_i32	16	static
E:/Programming_Folder/Stm32/Telemetry_Board/Telemetry_Reference/Core/Src/main.c:806:16:raw_gyro_to_mdps	56	static
E:/Programming_Folder/Stm32/Telemetry_Board/Telemetry_Reference/Core/Src/main.c:815:13:BMI270_UpdateVelocityAndPrint	128	static
E:/Programming_Folder/Stm32/Telemetry_Board/Telemetry_Reference/Core/Src/main.c:927:13:GPS_Select	8	static
E:/Programming_Folder/Stm32/Telemetry_Board/Telemetry_Reference/Core/Src/main.c:932:13:GPS_Deselect	8	static
E:/Programming_Folder/Stm32/Telemetry_Board/Telemetry_Reference/Core/Src/main.c:937:13:GPS_InitPins	8	static
E:/Programming_Folder/Stm32/Telemetry_Board/Telemetry_Reference/Core/Src/main.c:950:13:GPS_ProcessByte	16	static
E:/Programming_Folder/Stm32/Telemetry_Board/Telemetry_Reference/Core/Src/main.c:1024:13:GPS_PollSPI	8	static
E:/Programming_Folder/Stm32/Telemetry_Board/Telemetry_Reference/Core/Src/main.c:1056:13:GPS_ServiceSPI	16	static
E:/Programming_Folder/Stm32/Telemetry_Board/Telemetry_Reference/Core/Src/main.c:1093:13:SD_LogInit	32	static
E:/Programming_Folder/Stm32/Telemetry_Board/Telemetry_Reference/Core/Src/main.c:1136:13:SD_LogIMUAndGPS	680	static
E:/Programming_Folder/Stm32/Telemetry_Board/Telemetry_Reference/Core/Src/main.c:1167:13:SD_LogStart	8	static
E:/Programming_Folder/Stm32/Telemetry_Board/Telemetry_Reference/Core/Src/main.c:1185:13:SD_LogStop	8	static
E:/Programming_Folder/Stm32/Telemetry_Board/Telemetry_Reference/Core/Src/main.c:1197:12:Telemetry_BuildCSVLine	304	static,ignoring_inline_asm
E:/Programming_Folder/Stm32/Telemetry_Board/Telemetry_Reference/Core/Src/main.c:1284:13:ESP32_Select	8	static
E:/Programming_Folder/Stm32/Telemetry_Board/Telemetry_Reference/Core/Src/main.c:1289:13:ESP32_Deselect	8	static
E:/Programming_Folder/Stm32/Telemetry_Board/Telemetry_Reference/Core/Src/main.c:1294:16:ESP32_IsReady	8	static
E:/Programming_Folder/Stm32/Telemetry_Board/Telemetry_Reference/Core/Src/main.c:1299:13:ESP32_SendTelemetry	680	static
E:/Programming_Folder/Stm32/Telemetry_Board/Telemetry_Reference/Core/Src/main.c:1378:13:ESP32_ServiceSPI	16	static
E:/Programming_Folder/Stm32/Telemetry_Board/Telemetry_Reference/Core/Src/main.c:1417:13:ESP32_QueueResponse	32	static
E:/Programming_Folder/Stm32/Telemetry_Board/Telemetry_Reference/Core/Src/main.c:1446:16:DateTime_IsValid	16	static
E:/Programming_Folder/Stm32/Telemetry_Board/Telemetry_Reference/Core/Src/main.c:1466:16:DateTime_CalcWeekday	16	static
E:/Programming_Folder/Stm32/Telemetry_Board/Telemetry_Reference/Core/Src/main.c:1479:13:ESP32_ProcessRxFrame	192	static
E:/Programming_Folder/Stm32/Telemetry_Board/Telemetry_Reference/Core/Src/main.c:1532:13:ESP32_HandleCommand	232	static
E:/Programming_Folder/Stm32/Telemetry_Board/Telemetry_Reference/Core/Src/main.c:1675:13:ESP32_ExecuteCommand	80	static
E:/Programming_Folder/Stm32/Telemetry_Board/Telemetry_Reference/Core/Src/main.c:1776:16:bcd_to_bin	16	static
E:/Programming_Folder/Stm32/Telemetry_Board/Telemetry_Reference/Core/Src/main.c:1781:16:bin_to_bcd	16	static
E:/Programming_Folder/Stm32/Telemetry_Board/Telemetry_Reference/Core/Src/main.c:1786:13:DateTime_ToString	56	static
E:/Programming_Folder/Stm32/Telemetry_Board/Telemetry_Reference/Core/Src/main.c:1821:13:ADALOGGER_RTC_RecoverI2CBus	56	static
E:/Programming_Folder/Stm32/Telemetry_Board/Telemetry_Reference/Core/Src/main.c:1868:26:ADALOGGER_RTC_ReadRegs	48	static
E:/Programming_Folder/Stm32/Telemetry_Board/Telemetry_Reference/Core/Src/main.c:1901:26:ADALOGGER_RTC_WriteRegs	48	static
E:/Programming_Folder/Stm32/Telemetry_Board/Telemetry_Reference/Core/Src/main.c:1934:26:ADALOGGER_RTC_WriteReg	16	static
E:/Programming_Folder/Stm32/Telemetry_Board/Telemetry_Reference/Core/Src/main.c:1939:16:ADALOGGER_RTC_Init	24	static
E:/Programming_Folder/Stm32/Telemetry_Board/Telemetry_Reference/Core/Src/main.c:1983:16:ADALOGGER_RTC_Read	24	static
E:/Programming_Folder/Stm32/Telemetry_Board/Telemetry_Reference/Core/Src/main.c:2017:16:ADALOGGER_RTC_Set	24	static
E:/Programming_Folder/Stm32/Telemetry_Board/Telemetry_Reference/Core/Src/main.c:2044:13:ADALOGGER_RTC_Print	64	static
E:/Programming_Folder/Stm32/Telemetry_Board/Telemetry_Reference/Core/Src/main.c:2060:26:BME280_WaitForSPI5IT	24	static
E:/Programming_Folder/Stm32/Telemetry_Board/Telemetry_Reference/Core/Src/main.c:2082:26:BME280_TransmitIT	24	static
E:/Programming_Folder/Stm32/Telemetry_Board/Telemetry_Reference/Core/Src/main.c:2097:26:BME280_ReceiveIT	24	static
E:/Programming_Folder/Stm32/Telemetry_Board/Telemetry_Reference/Core/Src/main.c:2112:13:BME280_Select	8	static
E:/Programming_Folder/Stm32/Telemetry_Board/Telemetry_Reference/Core/Src/main.c:2117:13:BME280_Deselect	8	static
E:/Programming_Folder/Stm32/Telemetry_Board/Telemetry_Reference/Core/Src/main.c:2122:15:BME280_SPI_Read	32	static
E:/Programming_Folder/Stm32/Telemetry_Board/Telemetry_Reference/Core/Src/main.c:2149:15:BME280_SPI_Write	32	static
E:/Programming_Folder/Stm32/Telemetry_Board/Telemetry_Reference/Core/Src/main.c:2176:13:BME280_DelayUs	24	static
E:/Programming_Folder/Stm32/Telemetry_Board/Telemetry_Reference/Core/Src/main.c:2189:16:BME280_InitSensor	16	static
E:/Programming_Folder/Stm32/Telemetry_Board/Telemetry_Reference/Core/Src/main.c:2247:16:BME280_ReadAndPrint	72	static
E:/Programming_Folder/Stm32/Telemetry_Board/Telemetry_Reference/Core/Src/main.c:2277:16:STM32_CAN_ListenAllInit	48	static
E:/Programming_Folder/Stm32/Telemetry_Board/Telemetry_Reference/Core/Src/main.c:2366:6:HAL_CAN_RxFifo0MsgPendingCallback	16	static
E:/Programming_Folder/Stm32/Telemetry_Board/Telemetry_Reference/Core/Src/main.c:2376:13:CAN_DataToHex	40	static
E:/Programming_Folder/Stm32/Telemetry_Board/Telemetry_Reference/Core/Src/main.c:2406:13:STM32_CAN_PrintLatest	56	static
E:/Programming_Folder/Stm32/Telemetry_Board/Telemetry_Reference/Core/Src/main.c:2430:17:CAN_MakeU32_LE	16	static
E:/Programming_Folder/Stm32/Telemetry_Board/Telemetry_Reference/Core/Src/main.c:2438:13:SunRaw_UpdateFromCAN	32	static
E:/Programming_Folder/Stm32/Telemetry_Board/Telemetry_Reference/Core/Src/main.c:2463:12:SunRaw_BuildBlock	192	static,ignoring_inline_asm
E:/Programming_Folder/Stm32/Telemetry_Board/Telemetry_Reference/Core/Src/main.c:2611:13:RS232_SendString	24	static
E:/Programming_Folder/Stm32/Telemetry_Board/Telemetry_Reference/Core/Src/main.c:2634:13:RS232_SendSunRawBlock	16	static
E:/Programming_Folder/Stm32/Telemetry_Board/Telemetry_Reference/Core/Src/main.c:2644:13:StatusLed_InitState	16	static
E:/Programming_Folder/Stm32/Telemetry_Board/Telemetry_Reference/Core/Src/main.c:2662:13:StatusLed_RequestPulse	16	static
E:/Programming_Folder/Stm32/Telemetry_Board/Telemetry_Reference/Core/Src/main.c:2674:13:StatusLed_SetError	4	static
E:/Programming_Folder/Stm32/Telemetry_Board/Telemetry_Reference/Core/Src/main.c:2679:13:StatusLed_Task	16	static
E:/Programming_Folder/Stm32/Telemetry_Board/Telemetry_Reference/Core/Src/main.c:2738:13:StatusLed_BootSequence	16	static
E:/Programming_Folder/Stm32/Telemetry_Board/Telemetry_Reference/Core/Src/main.c:2758:13:STM32_CAN_StoreRxFrame	24	static
E:/Programming_Folder/Stm32/Telemetry_Board/Telemetry_Reference/Core/Src/main.c:2788:13:STM32_CAN_PollRx	48	static
E:/Programming_Folder/Stm32/Telemetry_Board/Telemetry_Reference/Core/Src/main.c:2802:13:STM32_CAN_DebugPrint	64	static
E:/Programming_Folder/Stm32/Telemetry_Board/Telemetry_Reference/Core/Src/main.c:2818:16:STM32_CAN_SendTestFrame	64	static
E:/Programming_Folder/Stm32/Telemetry_Board/Telemetry_Reference/Core/Src/main.c:2863:5:main	152	static
E:/Programming_Folder/Stm32/Telemetry_Board/Telemetry_Reference/Core/Src/main.c:3138:6:SystemClock_Config	88	static
E:/Programming_Folder/Stm32/Telemetry_Board/Telemetry_Reference/Core/Src/main.c:3184:13:MX_CAN1_Init	8	static
E:/Programming_Folder/Stm32/Telemetry_Board/Telemetry_Reference/Core/Src/main.c:3221:13:MX_I2C1_Init	8	static
E:/Programming_Folder/Stm32/Telemetry_Board/Telemetry_Reference/Core/Src/main.c:3269:13:MX_I2C2_Init	8	static
E:/Programming_Folder/Stm32/Telemetry_Board/Telemetry_Reference/Core/Src/main.c:3317:13:MX_SPI1_Init	8	static
E:/Programming_Folder/Stm32/Telemetry_Board/Telemetry_Reference/Core/Src/main.c:3355:13:MX_SPI2_Init	8	static
E:/Programming_Folder/Stm32/Telemetry_Board/Telemetry_Reference/Core/Src/main.c:3393:13:MX_SPI3_Init	8	static
E:/Programming_Folder/Stm32/Telemetry_Board/Telemetry_Reference/Core/Src/main.c:3431:13:MX_SPI5_Init	8	static
E:/Programming_Folder/Stm32/Telemetry_Board/Telemetry_Reference/Core/Src/main.c:3469:13:MX_USART1_UART_Init	8	static
E:/Programming_Folder/Stm32/Telemetry_Board/Telemetry_Reference/Core/Src/main.c:3502:13:MX_GPIO_Init	56	static
E:/Programming_Folder/Stm32/Telemetry_Board/Telemetry_Reference/Core/Src/main.c:3588:6:Error_Handler	4	static,ignoring_inline_asm
