E:/Programming_Folder/Stm32/Telemetry_Board/Telemetry_Reference/Core/Src/main.c:440:13:SWV_SendChar	7
E:/Programming_Folder/Stm32/Telemetry_Board/Telemetry_Reference/Core/Src/main.c:470:5:_write	2
E:/Programming_Folder/Stm32/Telemetry_Board/Telemetry_Reference/Core/Src/main.c:482:13:Print_StartupSummary	5
E:/Programming_Folder/Stm32/Telemetry_Board/Telemetry_Reference/Core/Src/main.c:509:20:FatFs_ErrorString	21
E:/Programming_Folder/Stm32/Telemetry_Board/Telemetry_Reference/Core/Src/main.c:540:15:stm32_bmi2_i2c_read	2
E:/Programming_Folder/Stm32/Telemetry_Board/Telemetry_Reference/Core/Src/main.c:561:15:stm32_bmi2_i2c_write	2
E:/Programming_Folder/Stm32/Telemetry_Board/Telemetry_Reference/Core/Src/main.c:582:13:stm32_bmi2_delay_us	2
E:/Programming_Folder/Stm32/Telemetry_Board/Telemetry_Reference/Core/Src/main.c:596:15:BMI270_API_Init	4
E:/Programming_Folder/Stm32/Telemetry_Board/Telemetry_Reference/Core/Src/main.c:660:13:BMI270_InitGravityEstimate	2
E:/Programming_Folder/Stm32/Telemetry_Board/Telemetry_Reference/Core/Src/main.c:686:13:BMI270_PrintInternalStatus	1
E:/Programming_Folder/Stm32/Telemetry_Board/Telemetry_Reference/Core/Src/main.c:701:13:LED_AllOff	1
E:/Programming_Folder/Stm32/Telemetry_Board/Telemetry_Reference/Core/Src/main.c:707:16:raw_acc_to_mg	2
E:/Programming_Folder/Stm32/Telemetry_Board/Telemetry_Reference/Core/Src/main.c:716:16:abs_i32	1
E:/Programming_Folder/Stm32/Telemetry_Board/Telemetry_Reference/Core/Src/main.c:721:16:raw_gyro_to_mdps	2
E:/Programming_Folder/Stm32/Telemetry_Board/Telemetry_Reference/Core/Src/main.c:730:13:BMI270_UpdateVelocityAndPrint	11
E:/Programming_Folder/Stm32/Telemetry_Board/Telemetry_Reference/Core/Src/main.c:842:13:GPS_Select	1
E:/Programming_Folder/Stm32/Telemetry_Board/Telemetry_Reference/Core/Src/main.c:847:13:GPS_Deselect	1
E:/Programming_Folder/Stm32/Telemetry_Board/Telemetry_Reference/Core/Src/main.c:852:13:GPS_InitPins	1
E:/Programming_Folder/Stm32/Telemetry_Board/Telemetry_Reference/Core/Src/main.c:865:13:GPS_ProcessByte	9
E:/Programming_Folder/Stm32/Telemetry_Board/Telemetry_Reference/Core/Src/main.c:939:13:GPS_PollSPI	3
E:/Programming_Folder/Stm32/Telemetry_Board/Telemetry_Reference/Core/Src/main.c:965:13:SD_LogInit	4
E:/Programming_Folder/Stm32/Telemetry_Board/Telemetry_Reference/Core/Src/main.c:1008:13:SD_LogIMUAndGPS	7
E:/Programming_Folder/Stm32/Telemetry_Board/Telemetry_Reference/Core/Src/main.c:1039:13:SD_LogStart	3
E:/Programming_Folder/Stm32/Telemetry_Board/Telemetry_Reference/Core/Src/main.c:1057:13:SD_LogStop	2
E:/Programming_Folder/Stm32/Telemetry_Board/Telemetry_Reference/Core/Src/main.c:1069:12:Telemetry_BuildCSVLine	9
E:/Programming_Folder/Stm32/Telemetry_Board/Telemetry_Reference/Core/Src/main.c:1156:13:ESP32_Select	1
E:/Programming_Folder/Stm32/Telemetry_Board/Telemetry_Reference/Core/Src/main.c:1161:13:ESP32_Deselect	1
E:/Programming_Folder/Stm32/Telemetry_Board/Telemetry_Reference/Core/Src/main.c:1166:16:ESP32_IsReady	1
E:/Programming_Folder/Stm32/Telemetry_Board/Telemetry_Reference/Core/Src/main.c:1171:13:ESP32_SendTelemetry	5
E:/Programming_Folder/Stm32/Telemetry_Board/Telemetry_Reference/Core/Src/main.c:1238:13:ESP32_QueueResponse	4
E:/Programming_Folder/Stm32/Telemetry_Board/Telemetry_Reference/Core/Src/main.c:1267:16:DateTime_IsValid	11
E:/Programming_Folder/Stm32/Telemetry_Board/Telemetry_Reference/Core/Src/main.c:1287:16:DateTime_CalcWeekday	2
E:/Programming_Folder/Stm32/Telemetry_Board/Telemetry_Reference/Core/Src/main.c:1300:13:ESP32_ProcessRxFrame	12
E:/Programming_Folder/Stm32/Telemetry_Board/Telemetry_Reference/Core/Src/main.c:1353:13:ESP32_HandleCommand	21
E:/Programming_Folder/Stm32/Telemetry_Board/Telemetry_Reference/Core/Src/main.c:1496:13:ESP32_ExecuteCommand	12
E:/Programming_Folder/Stm32/Telemetry_Board/Telemetry_Reference/Core/Src/main.c:1597:16:bcd_to_bin	1
E:/Programming_Folder/Stm32/Telemetry_Board/Telemetry_Reference/Core/Src/main.c:1602:16:bin_to_bcd	1
E:/Programming_Folder/Stm32/Telemetry_Board/Telemetry_Reference/Core/Src/main.c:1607:13:DateTime_ToString	5
E:/Programming_Folder/Stm32/Telemetry_Board/Telemetry_Reference/Core/Src/main.c:1642:26:ADALOGGER_RTC_ReadRegs	1
E:/Programming_Folder/Stm32/Telemetry_Board/Telemetry_Reference/Core/Src/main.c:1655:26:ADALOGGER_RTC_WriteRegs	1
E:/Programming_Folder/Stm32/Telemetry_Board/Telemetry_Reference/Core/Src/main.c:1668:26:ADALOGGER_RTC_WriteReg	1
E:/Programming_Folder/Stm32/Telemetry_Board/Telemetry_Reference/Core/Src/main.c:1673:16:ADALOGGER_RTC_Init	3
E:/Programming_Folder/Stm32/Telemetry_Board/Telemetry_Reference/Core/Src/main.c:1695:16:ADALOGGER_RTC_Read	3
E:/Programming_Folder/Stm32/Telemetry_Board/Telemetry_Reference/Core/Src/main.c:1729:16:ADALOGGER_RTC_Set	3
E:/Programming_Folder/Stm32/Telemetry_Board/Telemetry_Reference/Core/Src/main.c:1756:13:ADALOGGER_RTC_Print	2
E:/Programming_Folder/Stm32/Telemetry_Board/Telemetry_Reference/Core/Src/main.c:1772:13:BME280_Select	1
E:/Programming_Folder/Stm32/Telemetry_Board/Telemetry_Reference/Core/Src/main.c:1777:13:BME280_Deselect	1
E:/Programming_Folder/Stm32/Telemetry_Board/Telemetry_Reference/Core/Src/main.c:1782:15:BME280_SPI_Read	3
E:/Programming_Folder/Stm32/Telemetry_Board/Telemetry_Reference/Core/Src/main.c:1809:15:BME280_SPI_Write	3
E:/Programming_Folder/Stm32/Telemetry_Board/Telemetry_Reference/Core/Src/main.c:1836:13:BME280_DelayUs	2
E:/Programming_Folder/Stm32/Telemetry_Board/Telemetry_Reference/Core/Src/main.c:1849:16:BME280_InitSensor	4
E:/Programming_Folder/Stm32/Telemetry_Board/Telemetry_Reference/Core/Src/main.c:1907:16:BME280_ReadAndPrint	3
E:/Programming_Folder/Stm32/Telemetry_Board/Telemetry_Reference/Core/Src/main.c:1937:16:STM32_CAN_ListenAllInit	4
E:/Programming_Folder/Stm32/Telemetry_Board/Telemetry_Reference/Core/Src/main.c:2026:6:HAL_CAN_RxFifo0MsgPendingCallback	2
E:/Programming_Folder/Stm32/Telemetry_Board/Telemetry_Reference/Core/Src/main.c:2036:13:CAN_DataToHex	9
E:/Programming_Folder/Stm32/Telemetry_Board/Telemetry_Reference/Core/Src/main.c:2066:13:STM32_CAN_PrintLatest	3
E:/Programming_Folder/Stm32/Telemetry_Board/Telemetry_Reference/Core/Src/main.c:2090:17:CAN_MakeU32_LE	1
E:/Programming_Folder/Stm32/Telemetry_Board/Telemetry_Reference/Core/Src/main.c:2098:13:SunRaw_UpdateFromCAN	5
E:/Programming_Folder/Stm32/Telemetry_Board/Telemetry_Reference/Core/Src/main.c:2123:12:SunRaw_BuildBlock	17
E:/Programming_Folder/Stm32/Telemetry_Board/Telemetry_Reference/Core/Src/main.c:2271:13:RS232_SendString	3
E:/Programming_Folder/Stm32/Telemetry_Board/Telemetry_Reference/Core/Src/main.c:2294:13:RS232_SendSunRawBlock	2
E:/Programming_Folder/Stm32/Telemetry_Board/Telemetry_Reference/Core/Src/main.c:2304:13:StatusLed_InitState	2
E:/Programming_Folder/Stm32/Telemetry_Board/Telemetry_Reference/Core/Src/main.c:2322:13:StatusLed_RequestPulse	2
E:/Programming_Folder/Stm32/Telemetry_Board/Telemetry_Reference/Core/Src/main.c:2334:13:StatusLed_SetError	1
E:/Programming_Folder/Stm32/Telemetry_Board/Telemetry_Reference/Core/Src/main.c:2339:13:StatusLed_Task	6
E:/Programming_Folder/Stm32/Telemetry_Board/Telemetry_Reference/Core/Src/main.c:2398:13:StatusLed_BootSequence	2
E:/Programming_Folder/Stm32/Telemetry_Board/Telemetry_Reference/Core/Src/main.c:2418:13:STM32_CAN_StoreRxFrame	3
E:/Programming_Folder/Stm32/Telemetry_Board/Telemetry_Reference/Core/Src/main.c:2448:13:STM32_CAN_PollRx	3
E:/Programming_Folder/Stm32/Telemetry_Board/Telemetry_Reference/Core/Src/main.c:2462:13:STM32_CAN_DebugPrint	1
E:/Programming_Folder/Stm32/Telemetry_Board/Telemetry_Reference/Core/Src/main.c:2478:16:STM32_CAN_SendTestFrame	4
E:/Programming_Folder/Stm32/Telemetry_Board/Telemetry_Reference/Core/Src/main.c:2523:5:main	13
E:/Programming_Folder/Stm32/Telemetry_Board/Telemetry_Reference/Core/Src/main.c:2795:6:SystemClock_Config	3
E:/Programming_Folder/Stm32/Telemetry_Board/Telemetry_Reference/Core/Src/main.c:2841:13:MX_CAN1_Init	2
E:/Programming_Folder/Stm32/Telemetry_Board/Telemetry_Reference/Core/Src/main.c:2878:13:MX_I2C1_Init	4
E:/Programming_Folder/Stm32/Telemetry_Board/Telemetry_Reference/Core/Src/main.c:2926:13:MX_I2C2_Init	4
E:/Programming_Folder/Stm32/Telemetry_Board/Telemetry_Reference/Core/Src/main.c:2974:13:MX_SPI1_Init	2
E:/Programming_Folder/Stm32/Telemetry_Board/Telemetry_Reference/Core/Src/main.c:3012:13:MX_SPI2_Init	2
E:/Programming_Folder/Stm32/Telemetry_Board/Telemetry_Reference/Core/Src/main.c:3050:13:MX_SPI3_Init	2
E:/Programming_Folder/Stm32/Telemetry_Board/Telemetry_Reference/Core/Src/main.c:3088:13:MX_SPI5_Init	2
E:/Programming_Folder/Stm32/Telemetry_Board/Telemetry_Reference/Core/Src/main.c:3126:13:MX_USART1_UART_Init	2
E:/Programming_Folder/Stm32/Telemetry_Board/Telemetry_Reference/Core/Src/main.c:3159:13:MX_GPIO_Init	1
E:/Programming_Folder/Stm32/Telemetry_Board/Telemetry_Reference/Core/Src/main.c:3245:6:Error_Handler	1
