C:/Users/aweso/Downloads/sunseeker_projects_workspace/Programming/Stm32_code/Telemetry_Reference/FATFS/Target/user_diskio.c:66:13:SD_Select	8	static
C:/Users/aweso/Downloads/sunseeker_projects_workspace/Programming/Stm32_code/Telemetry_Reference/FATFS/Target/user_diskio.c:71:13:SD_Deselect	16	static
C:/Users/aweso/Downloads/sunseeker_projects_workspace/Programming/Stm32_code/Telemetry_Reference/FATFS/Target/user_diskio.c:79:16:SD_SPI_TxRx	32	static
C:/Users/aweso/Downloads/sunseeker_projects_workspace/Programming/Stm32_code/Telemetry_Reference/FATFS/Target/user_diskio.c:86:13:SD_SPI_RxBuf	24	static
C:/Users/aweso/Downloads/sunseeker_projects_workspace/Programming/Stm32_code/Telemetry_Reference/FATFS/Target/user_diskio.c:94:13:SD_SPI_TxBuf	16	static
C:/Users/aweso/Downloads/sunseeker_projects_workspace/Programming/Stm32_code/Telemetry_Reference/FATFS/Target/user_diskio.c:102:16:SD_WaitReady	16	static
C:/Users/aweso/Downloads/sunseeker_projects_workspace/Programming/Stm32_code/Telemetry_Reference/FATFS/Target/user_diskio.c:119:16:SD_SendCmd	24	static
C:/Users/aweso/Downloads/sunseeker_projects_workspace/Programming/Stm32_code/Telemetry_Reference/FATFS/Target/user_diskio.c:176:16:SD_RxDataBlock	24	static
C:/Users/aweso/Downloads/sunseeker_projects_workspace/Programming/Stm32_code/Telemetry_Reference/FATFS/Target/user_diskio.c:203:16:SD_TxDataBlock	24	static
C:/Users/aweso/Downloads/sunseeker_projects_workspace/Programming/Stm32_code/Telemetry_Reference/FATFS/Target/user_diskio.c:232:14:SD_GetSectorCount	40	static
C:/Users/aweso/Downloads/sunseeker_projects_workspace/Programming/Stm32_code/Telemetry_Reference/FATFS/Target/user_diskio.c:300:9:USER_initialize	40	static
C:/Users/aweso/Downloads/sunseeker_projects_workspace/Programming/Stm32_code/Telemetry_Reference/FATFS/Target/user_diskio.c:410:9:USER_status	16	static
C:/Users/aweso/Downloads/sunseeker_projects_workspace/Programming/Stm32_code/Telemetry_Reference/FATFS/Target/user_diskio.c:432:9:USER_read	24	static
C:/Users/aweso/Downloads/sunseeker_projects_workspace/Programming/Stm32_code/Telemetry_Reference/FATFS/Target/user_diskio.c:496:9:USER_write	24	static
C:/Users/aweso/Downloads/sunseeker_projects_workspace/Programming/Stm32_code/Telemetry_Reference/FATFS/Target/user_diskio.c:569:9:USER_ioctl	24	static
