../../Drivers/CMSIS/Include/core_cm4.h:2064:26:ITM_SendChar	16	static,ignoring_inline_asm
C:/Users/aweso/Downloads/sunseeker_projects_workspace/Programming/Stm32_code/IMU_BME_Testing/Core/Src/main.c:124:5:__io_putchar	16	static
C:/Users/aweso/Downloads/sunseeker_projects_workspace/Programming/Stm32_code/IMU_BME_Testing/Core/Src/main.c:130:13:BMI270_DelayUs	24	static
C:/Users/aweso/Downloads/sunseeker_projects_workspace/Programming/Stm32_code/IMU_BME_Testing/Core/Src/main.c:143:13:BMI270_SaveBusState	16	static
C:/Users/aweso/Downloads/sunseeker_projects_workspace/Programming/Stm32_code/IMU_BME_Testing/Core/Src/main.c:164:30:BMI270_BusRead	40	static
C:/Users/aweso/Downloads/sunseeker_projects_workspace/Programming/Stm32_code/IMU_BME_Testing/Core/Src/main.c:194:30:BMI270_BusWrite	40	static
C:/Users/aweso/Downloads/sunseeker_projects_workspace/Programming/Stm32_code/IMU_BME_Testing/Core/Src/main.c:223:26:BMI270_RawRead	40	static
C:/Users/aweso/Downloads/sunseeker_projects_workspace/Programming/Stm32_code/IMU_BME_Testing/Core/Src/main.c:247:13:BMI270_PrintBusState	72	static
C:/Users/aweso/Downloads/sunseeker_projects_workspace/Programming/Stm32_code/IMU_BME_Testing/Core/Src/main.c:264:13:BMI270_PrintRegisters	96	static
C:/Users/aweso/Downloads/sunseeker_projects_workspace/Programming/Stm32_code/IMU_BME_Testing/Core/Src/main.c:311:16:BMI270_RawPreflight	24	static
C:/Users/aweso/Downloads/sunseeker_projects_workspace/Programming/Stm32_code/IMU_BME_Testing/Core/Src/main.c:355:15:BMI270_WriteReadbackTest	40	static
C:/Users/aweso/Downloads/sunseeker_projects_workspace/Programming/Stm32_code/IMU_BME_Testing/Core/Src/main.c:409:15:BMI270_StartActive	128	static
C:/Users/aweso/Downloads/sunseeker_projects_workspace/Programming/Stm32_code/IMU_BME_Testing/Core/Src/main.c:493:13:BMI270_ReadSample	272	static
C:/Users/aweso/Downloads/sunseeker_projects_workspace/Programming/Stm32_code/IMU_BME_Testing/Core/Src/main.c:567:5:main	32	static
C:/Users/aweso/Downloads/sunseeker_projects_workspace/Programming/Stm32_code/IMU_BME_Testing/Core/Src/main.c:687:6:SystemClock_Config	88	static
C:/Users/aweso/Downloads/sunseeker_projects_workspace/Programming/Stm32_code/IMU_BME_Testing/Core/Src/main.c:739:13:MX_SPI1_Init	8	static
C:/Users/aweso/Downloads/sunseeker_projects_workspace/Programming/Stm32_code/IMU_BME_Testing/Core/Src/main.c:777:13:MX_GPIO_Init	48	static
C:/Users/aweso/Downloads/sunseeker_projects_workspace/Programming/Stm32_code/IMU_BME_Testing/Core/Src/main.c:837:6:Error_Handler	4	static,ignoring_inline_asm
