../../Drivers/CMSIS/Include/core_cm4.h:2064:26:ITM_SendChar	4
C:/Users/aweso/Downloads/sunseeker_projects_workspace/Programming/Stm32_code/IMU_BME_Testing/Core/Src/main.c:124:5:__io_putchar	1
C:/Users/aweso/Downloads/sunseeker_projects_workspace/Programming/Stm32_code/IMU_BME_Testing/Core/Src/main.c:130:13:BMI270_DelayUs	2
C:/Users/aweso/Downloads/sunseeker_projects_workspace/Programming/Stm32_code/IMU_BME_Testing/Core/Src/main.c:143:13:BMI270_SaveBusState	2
C:/Users/aweso/Downloads/sunseeker_projects_workspace/Programming/Stm32_code/IMU_BME_Testing/Core/Src/main.c:164:30:BMI270_BusRead	7
C:/Users/aweso/Downloads/sunseeker_projects_workspace/Programming/Stm32_code/IMU_BME_Testing/Core/Src/main.c:194:30:BMI270_BusWrite	7
C:/Users/aweso/Downloads/sunseeker_projects_workspace/Programming/Stm32_code/IMU_BME_Testing/Core/Src/main.c:223:26:BMI270_RawRead	5
C:/Users/aweso/Downloads/sunseeker_projects_workspace/Programming/Stm32_code/IMU_BME_Testing/Core/Src/main.c:247:13:BMI270_PrintBusState	2
C:/Users/aweso/Downloads/sunseeker_projects_workspace/Programming/Stm32_code/IMU_BME_Testing/Core/Src/main.c:264:13:BMI270_PrintRegisters	9
C:/Users/aweso/Downloads/sunseeker_projects_workspace/Programming/Stm32_code/IMU_BME_Testing/Core/Src/main.c:311:16:BMI270_RawPreflight	6
C:/Users/aweso/Downloads/sunseeker_projects_workspace/Programming/Stm32_code/IMU_BME_Testing/Core/Src/main.c:355:15:BMI270_WriteReadbackTest	12
C:/Users/aweso/Downloads/sunseeker_projects_workspace/Programming/Stm32_code/IMU_BME_Testing/Core/Src/main.c:409:15:BMI270_StartActive	5
C:/Users/aweso/Downloads/sunseeker_projects_workspace/Programming/Stm32_code/IMU_BME_Testing/Core/Src/main.c:493:13:BMI270_ReadSample	9
C:/Users/aweso/Downloads/sunseeker_projects_workspace/Programming/Stm32_code/IMU_BME_Testing/Core/Src/main.c:567:5:main	10
C:/Users/aweso/Downloads/sunseeker_projects_workspace/Programming/Stm32_code/IMU_BME_Testing/Core/Src/main.c:687:6:SystemClock_Config	3
C:/Users/aweso/Downloads/sunseeker_projects_workspace/Programming/Stm32_code/IMU_BME_Testing/Core/Src/main.c:739:13:MX_SPI1_Init	2
C:/Users/aweso/Downloads/sunseeker_projects_workspace/Programming/Stm32_code/IMU_BME_Testing/Core/Src/main.c:777:13:MX_GPIO_Init	1
C:/Users/aweso/Downloads/sunseeker_projects_workspace/Programming/Stm32_code/IMU_BME_Testing/Core/Src/main.c:837:6:Error_Handler	1
