../../Drivers/CMSIS/Include/core_cm4.h:2064:26:ITM_SendChar	16	static,ignoring_inline_asm
C:/Users/aweso/Downloads/sunseeker_projects_workspace/Programming/Stm32_code/IMU_BME_Testing/Core/Src/main.c:79:5:__io_putchar	16	static
C:/Users/aweso/Downloads/sunseeker_projects_workspace/Programming/Stm32_code/IMU_BME_Testing/Core/Src/main.c:85:26:BMI270_ReadChipId	32	static
C:/Users/aweso/Downloads/sunseeker_projects_workspace/Programming/Stm32_code/IMU_BME_Testing/Core/Src/main.c:110:13:BMI270_CheckCommunication	24	static
C:/Users/aweso/Downloads/sunseeker_projects_workspace/Programming/Stm32_code/IMU_BME_Testing/Core/Src/main.c:147:5:main	24	static
C:/Users/aweso/Downloads/sunseeker_projects_workspace/Programming/Stm32_code/IMU_BME_Testing/Core/Src/main.c:222:6:SystemClock_Config	88	static
C:/Users/aweso/Downloads/sunseeker_projects_workspace/Programming/Stm32_code/IMU_BME_Testing/Core/Src/main.c:274:13:MX_SPI1_Init	8	static
C:/Users/aweso/Downloads/sunseeker_projects_workspace/Programming/Stm32_code/IMU_BME_Testing/Core/Src/main.c:312:13:MX_GPIO_Init	48	static
C:/Users/aweso/Downloads/sunseeker_projects_workspace/Programming/Stm32_code/IMU_BME_Testing/Core/Src/main.c:372:6:Error_Handler	4	static,ignoring_inline_asm
