../../Drivers/CMSIS/Include/core_cm4.h:2064:26:ITM_SendChar	4
C:/Users/aweso/Downloads/sunseeker_projects_workspace/Programming/Stm32_code/IMU_BME_Testing/Core/Src/main.c:79:5:__io_putchar	1
C:/Users/aweso/Downloads/sunseeker_projects_workspace/Programming/Stm32_code/IMU_BME_Testing/Core/Src/main.c:85:26:BMI270_ReadChipId	2
C:/Users/aweso/Downloads/sunseeker_projects_workspace/Programming/Stm32_code/IMU_BME_Testing/Core/Src/main.c:110:13:BMI270_CheckCommunication	3
C:/Users/aweso/Downloads/sunseeker_projects_workspace/Programming/Stm32_code/IMU_BME_Testing/Core/Src/main.c:147:5:main	3
C:/Users/aweso/Downloads/sunseeker_projects_workspace/Programming/Stm32_code/IMU_BME_Testing/Core/Src/main.c:222:6:SystemClock_Config	3
C:/Users/aweso/Downloads/sunseeker_projects_workspace/Programming/Stm32_code/IMU_BME_Testing/Core/Src/main.c:274:13:MX_SPI1_Init	2
C:/Users/aweso/Downloads/sunseeker_projects_workspace/Programming/Stm32_code/IMU_BME_Testing/Core/Src/main.c:312:13:MX_GPIO_Init	1
C:/Users/aweso/Downloads/sunseeker_projects_workspace/Programming/Stm32_code/IMU_BME_Testing/Core/Src/main.c:372:6:Error_Handler	1
