C:/Users/aweso/Downloads/sunseeker_projects_workspace/Programming/Stm32_code/telemetry_adv_v1/FATFS/Target/user_diskio.c:95:13:SD_Select	8	static
C:/Users/aweso/Downloads/sunseeker_projects_workspace/Programming/Stm32_code/telemetry_adv_v1/FATFS/Target/user_diskio.c:101:13:SD_Deselect	8	static
C:/Users/aweso/Downloads/sunseeker_projects_workspace/Programming/Stm32_code/telemetry_adv_v1/FATFS/Target/user_diskio.c:107:16:SD_SPI_Transfer	32	static
C:/Users/aweso/Downloads/sunseeker_projects_workspace/Programming/Stm32_code/telemetry_adv_v1/FATFS/Target/user_diskio.c:126:13:SD_SPI_SetSpeed	16	static
C:/Users/aweso/Downloads/sunseeker_projects_workspace/Programming/Stm32_code/telemetry_adv_v1/FATFS/Target/user_diskio.c:133:16:SD_WaitReady	24	static
C:/Users/aweso/Downloads/sunseeker_projects_workspace/Programming/Stm32_code/telemetry_adv_v1/FATFS/Target/user_diskio.c:151:16:SD_SendCommand	24	static
C:/Users/aweso/Downloads/sunseeker_projects_workspace/Programming/Stm32_code/telemetry_adv_v1/FATFS/Target/user_diskio.c:174:16:SD_SendCommandRaw	24	static
C:/Users/aweso/Downloads/sunseeker_projects_workspace/Programming/Stm32_code/telemetry_adv_v1/FATFS/Target/user_diskio.c:225:16:SD_ReceiveDataBlock	32	static
C:/Users/aweso/Downloads/sunseeker_projects_workspace/Programming/Stm32_code/telemetry_adv_v1/FATFS/Target/user_diskio.c:256:16:SD_TransmitDataBlock	24	static
C:/Users/aweso/Downloads/sunseeker_projects_workspace/Programming/Stm32_code/telemetry_adv_v1/FATFS/Target/user_diskio.c:290:16:SD_ReadCsd	24	static
C:/Users/aweso/Downloads/sunseeker_projects_workspace/Programming/Stm32_code/telemetry_adv_v1/FATFS/Target/user_diskio.c:304:16:SD_GetSectorCount	40	static
C:/Users/aweso/Downloads/sunseeker_projects_workspace/Programming/Stm32_code/telemetry_adv_v1/FATFS/Target/user_diskio.c:336:20:SD_CardTypeName	16	static
C:/Users/aweso/Downloads/sunseeker_projects_workspace/Programming/Stm32_code/telemetry_adv_v1/FATFS/Target/user_diskio.c:394:9:USER_initialize	56	static
C:/Users/aweso/Downloads/sunseeker_projects_workspace/Programming/Stm32_code/telemetry_adv_v1/FATFS/Target/user_diskio.c:552:9:USER_status	16	static
C:/Users/aweso/Downloads/sunseeker_projects_workspace/Programming/Stm32_code/telemetry_adv_v1/FATFS/Target/user_diskio.c:574:9:USER_read	24	static
C:/Users/aweso/Downloads/sunseeker_projects_workspace/Programming/Stm32_code/telemetry_adv_v1/FATFS/Target/user_diskio.c:654:9:USER_write	24	static
C:/Users/aweso/Downloads/sunseeker_projects_workspace/Programming/Stm32_code/telemetry_adv_v1/FATFS/Target/user_diskio.c:749:9:USER_ioctl	24	static
