C:/Users/aweso/Downloads/sunseeker_projects_workspace/Programming/Stm32_code/SD_Card_test_nd_Can_test/Core/Src/main.c:198:5:__io_putchar	6
C:/Users/aweso/Downloads/sunseeker_projects_workspace/Programming/Stm32_code/SD_Card_test_nd_Can_test/Core/Src/main.c:226:5:main	3
C:/Users/aweso/Downloads/sunseeker_projects_workspace/Programming/Stm32_code/SD_Card_test_nd_Can_test/Core/Src/main.c:316:6:SystemClock_Config	3
C:/Users/aweso/Downloads/sunseeker_projects_workspace/Programming/Stm32_code/SD_Card_test_nd_Can_test/Core/Src/main.c:370:13:MX_CAN1_Init	2
C:/Users/aweso/Downloads/sunseeker_projects_workspace/Programming/Stm32_code/SD_Card_test_nd_Can_test/Core/Src/main.c:407:13:MX_SPI3_Init	2
C:/Users/aweso/Downloads/sunseeker_projects_workspace/Programming/Stm32_code/SD_Card_test_nd_Can_test/Core/Src/main.c:445:13:MX_GPIO_Init	1
C:/Users/aweso/Downloads/sunseeker_projects_workspace/Programming/Stm32_code/SD_Card_test_nd_Can_test/Core/Src/main.c:516:13:Heartbeat_Task	1
C:/Users/aweso/Downloads/sunseeker_projects_workspace/Programming/Stm32_code/SD_Card_test_nd_Can_test/Core/Src/main.c:524:13:App_DebugPrint_Task	3
C:/Users/aweso/Downloads/sunseeker_projects_workspace/Programming/Stm32_code/SD_Card_test_nd_Can_test/Core/Src/main.c:572:26:CAN1_ListenAllStart	3
C:/Users/aweso/Downloads/sunseeker_projects_workspace/Programming/Stm32_code/SD_Card_test_nd_Can_test/Core/Src/main.c:612:13:CAN_PollRx_Task	2
C:/Users/aweso/Downloads/sunseeker_projects_workspace/Programming/Stm32_code/SD_Card_test_nd_Can_test/Core/Src/main.c:624:17:CAN_DrainRxFifo	15
C:/Users/aweso/Downloads/sunseeker_projects_workspace/Programming/Stm32_code/SD_Card_test_nd_Can_test/Core/Src/main.c:695:13:CAN_RecordRxFrame	4
C:/Users/aweso/Downloads/sunseeker_projects_workspace/Programming/Stm32_code/SD_Card_test_nd_Can_test/Core/Src/main.c:706:6:HAL_CAN_RxFifo0FullCallback	2
C:/Users/aweso/Downloads/sunseeker_projects_workspace/Programming/Stm32_code/SD_Card_test_nd_Can_test/Core/Src/main.c:716:13:CAN_TxSimple_Task	7
C:/Users/aweso/Downloads/sunseeker_projects_workspace/Programming/Stm32_code/SD_Card_test_nd_Can_test/Core/Src/main.c:801:13:CAN_TxEventLog_Task	3
C:/Users/aweso/Downloads/sunseeker_projects_workspace/Programming/Stm32_code/SD_Card_test_nd_Can_test/Core/Src/main.c:868:13:CAN_RecordTxEvent	1
C:/Users/aweso/Downloads/sunseeker_projects_workspace/Programming/Stm32_code/SD_Card_test_nd_Can_test/Core/Src/main.c:884:6:HAL_CAN_RxFifo0MsgPendingCallback	2
C:/Users/aweso/Downloads/sunseeker_projects_workspace/Programming/Stm32_code/SD_Card_test_nd_Can_test/Core/Src/main.c:894:6:HAL_CAN_TxMailbox0CompleteCallback	2
C:/Users/aweso/Downloads/sunseeker_projects_workspace/Programming/Stm32_code/SD_Card_test_nd_Can_test/Core/Src/main.c:904:6:HAL_CAN_TxMailbox1CompleteCallback	2
C:/Users/aweso/Downloads/sunseeker_projects_workspace/Programming/Stm32_code/SD_Card_test_nd_Can_test/Core/Src/main.c:914:6:HAL_CAN_TxMailbox2CompleteCallback	2
C:/Users/aweso/Downloads/sunseeker_projects_workspace/Programming/Stm32_code/SD_Card_test_nd_Can_test/Core/Src/main.c:924:6:HAL_CAN_TxMailbox0AbortCallback	2
C:/Users/aweso/Downloads/sunseeker_projects_workspace/Programming/Stm32_code/SD_Card_test_nd_Can_test/Core/Src/main.c:933:6:HAL_CAN_TxMailbox1AbortCallback	2
C:/Users/aweso/Downloads/sunseeker_projects_workspace/Programming/Stm32_code/SD_Card_test_nd_Can_test/Core/Src/main.c:942:6:HAL_CAN_TxMailbox2AbortCallback	2
C:/Users/aweso/Downloads/sunseeker_projects_workspace/Programming/Stm32_code/SD_Card_test_nd_Can_test/Core/Src/main.c:951:6:HAL_CAN_ErrorCallback	2
C:/Users/aweso/Downloads/sunseeker_projects_workspace/Programming/Stm32_code/SD_Card_test_nd_Can_test/Core/Src/main.c:960:13:CAN_DebugPrint_Task	6
C:/Users/aweso/Downloads/sunseeker_projects_workspace/Programming/Stm32_code/SD_Card_test_nd_Can_test/Core/Src/main.c:1038:13:CAN_PrintErrorFlags	25
C:/Users/aweso/Downloads/sunseeker_projects_workspace/Programming/Stm32_code/SD_Card_test_nd_Can_test/Core/Src/main.c:1100:20:CAN_TxEventName	5
C:/Users/aweso/Downloads/sunseeker_projects_workspace/Programming/Stm32_code/SD_Card_test_nd_Can_test/Core/Src/main.c:1116:20:CAN_ModeName	7
C:/Users/aweso/Downloads/sunseeker_projects_workspace/Programming/Stm32_code/SD_Card_test_nd_Can_test/Core/Src/main.c:1133:20:CAN_LecName	9
C:/Users/aweso/Downloads/sunseeker_projects_workspace/Programming/Stm32_code/SD_Card_test_nd_Can_test/Core/Src/main.c:1158:13:CanStatusLed_Task	6
C:/Users/aweso/Downloads/sunseeker_projects_workspace/Programming/Stm32_code/SD_Card_test_nd_Can_test/Core/Src/main.c:1186:26:CAN_QueueSimpleFrame	1
C:/Users/aweso/Downloads/sunseeker_projects_workspace/Programming/Stm32_code/SD_Card_test_nd_Can_test/Core/Src/main.c:1212:13:SdCardStatus_Task	9
C:/Users/aweso/Downloads/sunseeker_projects_workspace/Programming/Stm32_code/SD_Card_test_nd_Can_test/Core/Src/main.c:1266:13:CAN_SDLog_Task	4
C:/Users/aweso/Downloads/sunseeker_projects_workspace/Programming/Stm32_code/SD_Card_test_nd_Can_test/Core/Src/main.c:1298:16:SdCard_RunCsvWriteTest	2
C:/Users/aweso/Downloads/sunseeker_projects_workspace/Programming/Stm32_code/SD_Card_test_nd_Can_test/Core/Src/main.c:1310:16:SdCard_AppendCsvRow	15
C:/Users/aweso/Downloads/sunseeker_projects_workspace/Programming/Stm32_code/SD_Card_test_nd_Can_test/Core/Src/main.c:1431:13:FormatCanDataHex	5
C:/Users/aweso/Downloads/sunseeker_projects_workspace/Programming/Stm32_code/SD_Card_test_nd_Can_test/Core/Src/main.c:1455:20:SdTestStateName	5
C:/Users/aweso/Downloads/sunseeker_projects_workspace/Programming/Stm32_code/SD_Card_test_nd_Can_test/Core/Src/main.c:1470:20:FatFsResultName	21
C:/Users/aweso/Downloads/sunseeker_projects_workspace/Programming/Stm32_code/SD_Card_test_nd_Can_test/Core/Src/main.c:1519:16:IsSdCardDetected	2
C:/Users/aweso/Downloads/sunseeker_projects_workspace/Programming/Stm32_code/SD_Card_test_nd_Can_test/Core/Src/main.c:1524:20:GpioPinStateName	2
C:/Users/aweso/Downloads/sunseeker_projects_workspace/Programming/Stm32_code/SD_Card_test_nd_Can_test/Core/Src/main.c:1529:13:SetLed	1
C:/Users/aweso/Downloads/sunseeker_projects_workspace/Programming/Stm32_code/SD_Card_test_nd_Can_test/Core/Src/main.c:1536:13:SetErrorLed	1
C:/Users/aweso/Downloads/sunseeker_projects_workspace/Programming/Stm32_code/SD_Card_test_nd_Can_test/Core/Src/main.c:1541:13:SetSdStatusLed	1
C:/Users/aweso/Downloads/sunseeker_projects_workspace/Programming/Stm32_code/SD_Card_test_nd_Can_test/Core/Src/main.c:1546:13:SetCanStatusLed	1
C:/Users/aweso/Downloads/sunseeker_projects_workspace/Programming/Stm32_code/SD_Card_test_nd_Can_test/Core/Src/main.c:1557:6:Error_Handler	1
