C:/Users/aweso/Downloads/sunseeker_projects_workspace/Programming/Stm32_code/SD_Card_test_nd_Can_test/Core/Src/main.c:198:5:__io_putchar	24	static
C:/Users/aweso/Downloads/sunseeker_projects_workspace/Programming/Stm32_code/SD_Card_test_nd_Can_test/Core/Src/main.c:226:5:main	48	static
C:/Users/aweso/Downloads/sunseeker_projects_workspace/Programming/Stm32_code/SD_Card_test_nd_Can_test/Core/Src/main.c:316:6:SystemClock_Config	88	static
C:/Users/aweso/Downloads/sunseeker_projects_workspace/Programming/Stm32_code/SD_Card_test_nd_Can_test/Core/Src/main.c:370:13:MX_CAN1_Init	8	static
C:/Users/aweso/Downloads/sunseeker_projects_workspace/Programming/Stm32_code/SD_Card_test_nd_Can_test/Core/Src/main.c:407:13:MX_SPI3_Init	8	static
C:/Users/aweso/Downloads/sunseeker_projects_workspace/Programming/Stm32_code/SD_Card_test_nd_Can_test/Core/Src/main.c:445:13:MX_GPIO_Init	48	static
C:/Users/aweso/Downloads/sunseeker_projects_workspace/Programming/Stm32_code/SD_Card_test_nd_Can_test/Core/Src/main.c:516:13:Heartbeat_Task	16	static
C:/Users/aweso/Downloads/sunseeker_projects_workspace/Programming/Stm32_code/SD_Card_test_nd_Can_test/Core/Src/main.c:524:13:App_DebugPrint_Task	160	static
C:/Users/aweso/Downloads/sunseeker_projects_workspace/Programming/Stm32_code/SD_Card_test_nd_Can_test/Core/Src/main.c:572:26:CAN1_ListenAllStart	56	static
C:/Users/aweso/Downloads/sunseeker_projects_workspace/Programming/Stm32_code/SD_Card_test_nd_Can_test/Core/Src/main.c:612:13:CAN_PollRx_Task	8	static
C:/Users/aweso/Downloads/sunseeker_projects_workspace/Programming/Stm32_code/SD_Card_test_nd_Can_test/Core/Src/main.c:624:17:CAN_DrainRxFifo	96	static
C:/Users/aweso/Downloads/sunseeker_projects_workspace/Programming/Stm32_code/SD_Card_test_nd_Can_test/Core/Src/main.c:695:13:CAN_RecordRxFrame	16	static
C:/Users/aweso/Downloads/sunseeker_projects_workspace/Programming/Stm32_code/SD_Card_test_nd_Can_test/Core/Src/main.c:706:6:HAL_CAN_RxFifo0FullCallback	16	static
C:/Users/aweso/Downloads/sunseeker_projects_workspace/Programming/Stm32_code/SD_Card_test_nd_Can_test/Core/Src/main.c:716:13:CAN_TxSimple_Task	80	static
C:/Users/aweso/Downloads/sunseeker_projects_workspace/Programming/Stm32_code/SD_Card_test_nd_Can_test/Core/Src/main.c:801:13:CAN_TxEventLog_Task	128	static
C:/Users/aweso/Downloads/sunseeker_projects_workspace/Programming/Stm32_code/SD_Card_test_nd_Can_test/Core/Src/main.c:868:13:CAN_RecordTxEvent	16	static
C:/Users/aweso/Downloads/sunseeker_projects_workspace/Programming/Stm32_code/SD_Card_test_nd_Can_test/Core/Src/main.c:884:6:HAL_CAN_RxFifo0MsgPendingCallback	16	static
C:/Users/aweso/Downloads/sunseeker_projects_workspace/Programming/Stm32_code/SD_Card_test_nd_Can_test/Core/Src/main.c:894:6:HAL_CAN_TxMailbox0CompleteCallback	16	static
C:/Users/aweso/Downloads/sunseeker_projects_workspace/Programming/Stm32_code/SD_Card_test_nd_Can_test/Core/Src/main.c:904:6:HAL_CAN_TxMailbox1CompleteCallback	16	static
C:/Users/aweso/Downloads/sunseeker_projects_workspace/Programming/Stm32_code/SD_Card_test_nd_Can_test/Core/Src/main.c:914:6:HAL_CAN_TxMailbox2CompleteCallback	16	static
C:/Users/aweso/Downloads/sunseeker_projects_workspace/Programming/Stm32_code/SD_Card_test_nd_Can_test/Core/Src/main.c:924:6:HAL_CAN_TxMailbox0AbortCallback	16	static
C:/Users/aweso/Downloads/sunseeker_projects_workspace/Programming/Stm32_code/SD_Card_test_nd_Can_test/Core/Src/main.c:933:6:HAL_CAN_TxMailbox1AbortCallback	16	static
C:/Users/aweso/Downloads/sunseeker_projects_workspace/Programming/Stm32_code/SD_Card_test_nd_Can_test/Core/Src/main.c:942:6:HAL_CAN_TxMailbox2AbortCallback	16	static
C:/Users/aweso/Downloads/sunseeker_projects_workspace/Programming/Stm32_code/SD_Card_test_nd_Can_test/Core/Src/main.c:951:6:HAL_CAN_ErrorCallback	16	static
C:/Users/aweso/Downloads/sunseeker_projects_workspace/Programming/Stm32_code/SD_Card_test_nd_Can_test/Core/Src/main.c:960:13:CAN_DebugPrint_Task	208	static
C:/Users/aweso/Downloads/sunseeker_projects_workspace/Programming/Stm32_code/SD_Card_test_nd_Can_test/Core/Src/main.c:1038:13:CAN_PrintErrorFlags	208	static
C:/Users/aweso/Downloads/sunseeker_projects_workspace/Programming/Stm32_code/SD_Card_test_nd_Can_test/Core/Src/main.c:1100:20:CAN_TxEventName	16	static
C:/Users/aweso/Downloads/sunseeker_projects_workspace/Programming/Stm32_code/SD_Card_test_nd_Can_test/Core/Src/main.c:1116:20:CAN_ModeName	16	static
C:/Users/aweso/Downloads/sunseeker_projects_workspace/Programming/Stm32_code/SD_Card_test_nd_Can_test/Core/Src/main.c:1133:20:CAN_LecName	16	static
C:/Users/aweso/Downloads/sunseeker_projects_workspace/Programming/Stm32_code/SD_Card_test_nd_Can_test/Core/Src/main.c:1158:13:CanStatusLed_Task	16	static
C:/Users/aweso/Downloads/sunseeker_projects_workspace/Programming/Stm32_code/SD_Card_test_nd_Can_test/Core/Src/main.c:1186:26:CAN_QueueSimpleFrame	48	static
C:/Users/aweso/Downloads/sunseeker_projects_workspace/Programming/Stm32_code/SD_Card_test_nd_Can_test/Core/Src/main.c:1212:13:SdCardStatus_Task	24	static
C:/Users/aweso/Downloads/sunseeker_projects_workspace/Programming/Stm32_code/SD_Card_test_nd_Can_test/Core/Src/main.c:1266:13:CAN_SDLog_Task	16	static
C:/Users/aweso/Downloads/sunseeker_projects_workspace/Programming/Stm32_code/SD_Card_test_nd_Can_test/Core/Src/main.c:1298:16:SdCard_RunCsvWriteTest	16	static
C:/Users/aweso/Downloads/sunseeker_projects_workspace/Programming/Stm32_code/SD_Card_test_nd_Can_test/Core/Src/main.c:1310:16:SdCard_AppendCsvRow	120	static
C:/Users/aweso/Downloads/sunseeker_projects_workspace/Programming/Stm32_code/SD_Card_test_nd_Can_test/Core/Src/main.c:1431:13:FormatCanDataHex	32	static
C:/Users/aweso/Downloads/sunseeker_projects_workspace/Programming/Stm32_code/SD_Card_test_nd_Can_test/Core/Src/main.c:1455:20:SdTestStateName	16	static
C:/Users/aweso/Downloads/sunseeker_projects_workspace/Programming/Stm32_code/SD_Card_test_nd_Can_test/Core/Src/main.c:1470:20:FatFsResultName	16	static
C:/Users/aweso/Downloads/sunseeker_projects_workspace/Programming/Stm32_code/SD_Card_test_nd_Can_test/Core/Src/main.c:1519:16:IsSdCardDetected	8	static
C:/Users/aweso/Downloads/sunseeker_projects_workspace/Programming/Stm32_code/SD_Card_test_nd_Can_test/Core/Src/main.c:1524:20:GpioPinStateName	16	static
C:/Users/aweso/Downloads/sunseeker_projects_workspace/Programming/Stm32_code/SD_Card_test_nd_Can_test/Core/Src/main.c:1529:13:SetLed	16	static
C:/Users/aweso/Downloads/sunseeker_projects_workspace/Programming/Stm32_code/SD_Card_test_nd_Can_test/Core/Src/main.c:1536:13:SetErrorLed	16	static
C:/Users/aweso/Downloads/sunseeker_projects_workspace/Programming/Stm32_code/SD_Card_test_nd_Can_test/Core/Src/main.c:1541:13:SetSdStatusLed	16	static
C:/Users/aweso/Downloads/sunseeker_projects_workspace/Programming/Stm32_code/SD_Card_test_nd_Can_test/Core/Src/main.c:1546:13:SetCanStatusLed	16	static
C:/Users/aweso/Downloads/sunseeker_projects_workspace/Programming/Stm32_code/SD_Card_test_nd_Can_test/Core/Src/main.c:1557:6:Error_Handler	8	static,ignoring_inline_asm
