Archive member included to satisfy reference by file (symbol)

C:/ST/STM32CubeIDE_1.17.0/STM32CubeIDE/plugins/com.st.stm32cube.ide.mcu.externaltools.gnu-tools-for-stm32.12.3.rel1.win32_1.1.0.202410251130/tools/bin/../lib/gcc/arm-none-eabi/12.3.1/../../../../arm-none-eabi/lib/thumb/v7e-m+fp/hard\libc_nano.a(libc_a-exit.o)
                              C:/ST/STM32CubeIDE_1.17.0/STM32CubeIDE/plugins/com.st.stm32cube.ide.mcu.externaltools.gnu-tools-for-stm32.12.3.rel1.win32_1.1.0.202410251130/tools/bin/../lib/gcc/arm-none-eabi/12.3.1/../../../../arm-none-eabi/lib/thumb/v7e-m+fp/hard/crt0.o (exit)
C:/ST/STM32CubeIDE_1.17.0/STM32CubeIDE/plugins/com.st.stm32cube.ide.mcu.externaltools.gnu-tools-for-stm32.12.3.rel1.win32_1.1.0.202410251130/tools/bin/../lib/gcc/arm-none-eabi/12.3.1/../../../../arm-none-eabi/lib/thumb/v7e-m+fp/hard\libc_nano.a(libc_a-findfp.o)
                              C:/ST/STM32CubeIDE_1.17.0/STM32CubeIDE/plugins/com.st.stm32cube.ide.mcu.externaltools.gnu-tools-for-stm32.12.3.rel1.win32_1.1.0.202410251130/tools/bin/../lib/gcc/arm-none-eabi/12.3.1/../../../../arm-none-eabi/lib/thumb/v7e-m+fp/hard\libc_nano.a(libc_a-exit.o) (__stdio_exit_handler)
C:/ST/STM32CubeIDE_1.17.0/STM32CubeIDE/plugins/com.st.stm32cube.ide.mcu.externaltools.gnu-tools-for-stm32.12.3.rel1.win32_1.1.0.202410251130/tools/bin/../lib/gcc/arm-none-eabi/12.3.1/../../../../arm-none-eabi/lib/thumb/v7e-m+fp/hard\libc_nano.a(libc_a-fwalk.o)
                              C:/ST/STM32CubeIDE_1.17.0/STM32CubeIDE/plugins/com.st.stm32cube.ide.mcu.externaltools.gnu-tools-for-stm32.12.3.rel1.win32_1.1.0.202410251130/tools/bin/../lib/gcc/arm-none-eabi/12.3.1/../../../../arm-none-eabi/lib/thumb/v7e-m+fp/hard\libc_nano.a(libc_a-findfp.o) (_fwalk_sglue)
C:/ST/STM32CubeIDE_1.17.0/STM32CubeIDE/plugins/com.st.stm32cube.ide.mcu.externaltools.gnu-tools-for-stm32.12.3.rel1.win32_1.1.0.202410251130/tools/bin/../lib/gcc/arm-none-eabi/12.3.1/../../../../arm-none-eabi/lib/thumb/v7e-m+fp/hard\libc_nano.a(libc_a-printf.o)
                              ./Application/User/Core/main.o (printf)
C:/ST/STM32CubeIDE_1.17.0/STM32CubeIDE/plugins/com.st.stm32cube.ide.mcu.externaltools.gnu-tools-for-stm32.12.3.rel1.win32_1.1.0.202410251130/tools/bin/../lib/gcc/arm-none-eabi/12.3.1/../../../../arm-none-eabi/lib/thumb/v7e-m+fp/hard\libc_nano.a(libc_a-puts.o)
                              ./Application/User/Core/main.o (puts)
C:/ST/STM32CubeIDE_1.17.0/STM32CubeIDE/plugins/com.st.stm32cube.ide.mcu.externaltools.gnu-tools-for-stm32.12.3.rel1.win32_1.1.0.202410251130/tools/bin/../lib/gcc/arm-none-eabi/12.3.1/../../../../arm-none-eabi/lib/thumb/v7e-m+fp/hard\libc_nano.a(libc_a-setvbuf.o)
                              ./Application/User/Core/main.o (setvbuf)
C:/ST/STM32CubeIDE_1.17.0/STM32CubeIDE/plugins/com.st.stm32cube.ide.mcu.externaltools.gnu-tools-for-stm32.12.3.rel1.win32_1.1.0.202410251130/tools/bin/../lib/gcc/arm-none-eabi/12.3.1/../../../../arm-none-eabi/lib/thumb/v7e-m+fp/hard\libc_nano.a(libc_a-snprintf.o)
                              ./Application/User/Core/main.o (snprintf)
C:/ST/STM32CubeIDE_1.17.0/STM32CubeIDE/plugins/com.st.stm32cube.ide.mcu.externaltools.gnu-tools-for-stm32.12.3.rel1.win32_1.1.0.202410251130/tools/bin/../lib/gcc/arm-none-eabi/12.3.1/../../../../arm-none-eabi/lib/thumb/v7e-m+fp/hard\libc_nano.a(libc_a-stdio.o)
                              C:/ST/STM32CubeIDE_1.17.0/STM32CubeIDE/plugins/com.st.stm32cube.ide.mcu.externaltools.gnu-tools-for-stm32.12.3.rel1.win32_1.1.0.202410251130/tools/bin/../lib/gcc/arm-none-eabi/12.3.1/../../../../arm-none-eabi/lib/thumb/v7e-m+fp/hard\libc_nano.a(libc_a-findfp.o) (__sread)
C:/ST/STM32CubeIDE_1.17.0/STM32CubeIDE/plugins/com.st.stm32cube.ide.mcu.externaltools.gnu-tools-for-stm32.12.3.rel1.win32_1.1.0.202410251130/tools/bin/../lib/gcc/arm-none-eabi/12.3.1/../../../../arm-none-eabi/lib/thumb/v7e-m+fp/hard\libc_nano.a(libc_a-wbuf.o)
                              C:/ST/STM32CubeIDE_1.17.0/STM32CubeIDE/plugins/com.st.stm32cube.ide.mcu.externaltools.gnu-tools-for-stm32.12.3.rel1.win32_1.1.0.202410251130/tools/bin/../lib/gcc/arm-none-eabi/12.3.1/../../../../arm-none-eabi/lib/thumb/v7e-m+fp/hard\libc_nano.a(libc_a-puts.o) (__swbuf_r)
C:/ST/STM32CubeIDE_1.17.0/STM32CubeIDE/plugins/com.st.stm32cube.ide.mcu.externaltools.gnu-tools-for-stm32.12.3.rel1.win32_1.1.0.202410251130/tools/bin/../lib/gcc/arm-none-eabi/12.3.1/../../../../arm-none-eabi/lib/thumb/v7e-m+fp/hard\libc_nano.a(libc_a-wsetup.o)
                              C:/ST/STM32CubeIDE_1.17.0/STM32CubeIDE/plugins/com.st.stm32cube.ide.mcu.externaltools.gnu-tools-for-stm32.12.3.rel1.win32_1.1.0.202410251130/tools/bin/../lib/gcc/arm-none-eabi/12.3.1/../../../../arm-none-eabi/lib/thumb/v7e-m+fp/hard\libc_nano.a(libc_a-puts.o) (__swsetup_r)
[...]
Memory Configuration

Name             Origin             Length             Attributes
CCMRAM           0x10000000         0x00010000         xrw
RAM              0x20000000         0x00030000         xrw
FLASH            0x08000000         0x00200000         xr
*default*        0x00000000         0xffffffff

Linker script and memory map

LOAD C:/ST/STM32CubeIDE_1.17.0/STM32CubeIDE/plugins/com.st.stm32cube.ide.mcu.externaltools.gnu-tools-for-stm32.12.3.rel1.win32_1.1.0.202410251130/tools/bin/../lib/gcc/arm-none-eabi/12.3.1/thumb/v7e-m+fp/hard/crti.o
LOAD C:/ST/STM32CubeIDE_1.17.0/STM32CubeIDE/plugins/com.st.stm32cube.ide.mcu.externaltools.gnu-tools-for-stm32.12.3.rel1.win32_1.1.0.202410251130/tools/bin/../lib/gcc/arm-none-eabi/12.3.1/thumb/v7e-m+fp/hard/crtbegin.o
LOAD C:/ST/STM32CubeIDE_1.17.0/STM32CubeIDE/plugins/com.st.stm32cube.ide.mcu.externaltools.gnu-tools-for-stm32.12.3.rel1.win32_1.1.0.202410251130/tools/bin/../lib/gcc/arm-none-eabi/12.3.1/../../../../arm-none-eabi/lib/thumb/v7e-m+fp/hard/crt0.o
LOAD ./Application/User/Core/bme280.o
LOAD ./Application/User/Core/bmi2.o
LOAD ./Application/User/Core/bmi270.o
LOAD ./Application/User/Core/main.o
LOAD ./Application/User/Core/stm32f4xx_hal_msp.o
LOAD ./Application/User/Core/stm32f4xx_it.o
LOAD ./Application/User/Core/syscalls.o
LOAD ./Application/User/Core/sysmem.o
LOAD ./Application/User/FATFS/App/fatfs.o
LOAD ./Application/User/FATFS/Target/user_diskio.o
LOAD ./Application/User/Startup/startup_stm32f429zitx.o
LOAD ./Drivers/CMSIS/system_stm32f4xx.o
LOAD ./Drivers/STM32F4xx_HAL_Driver/stm32f4xx_hal.o
LOAD ./Drivers/STM32F4xx_HAL_Driver/stm32f4xx_hal_can.o
LOAD ./Drivers/STM32F4xx_HAL_Driver/stm32f4xx_hal_cortex.o
LOAD ./Drivers/STM32F4xx_HAL_Driver/stm32f4xx_hal_dma.o
LOAD ./Drivers/STM32F4xx_HAL_Driver/stm32f4xx_hal_dma_ex.o
LOAD ./Drivers/STM32F4xx_HAL_Driver/stm32f4xx_hal_exti.o
LOAD ./Drivers/STM32F4xx_HAL_Driver/stm32f4xx_hal_flash.o
LOAD ./Drivers/STM32F4xx_HAL_Driver/stm32f4xx_hal_flash_ex.o
LOAD ./Drivers/STM32F4xx_HAL_Driver/stm32f4xx_hal_flash_ramfunc.o
LOAD ./Drivers/STM32F4xx_HAL_Driver/stm32f4xx_hal_gpio.o
LOAD ./Drivers/STM32F4xx_HAL_Driver/stm32f4xx_hal_i2c.o
LOAD ./Drivers/STM32F4xx_HAL_Driver/stm32f4xx_hal_i2c_ex.o
LOAD ./Drivers/STM32F4xx_HAL_Driver/stm32f4xx_hal_pwr.o
LOAD ./Drivers/STM32F4xx_HAL_Driver/stm32f4xx_hal_pwr_ex.o
LOAD ./Drivers/STM32F4xx_HAL_Driver/stm32f4xx_hal_rcc.o
LOAD ./Drivers/STM32F4xx_HAL_Driver/stm32f4xx_hal_rcc_ex.o
LOAD ./Drivers/STM32F4xx_HAL_Driver/stm32f4xx_hal_spi.o
LOAD ./Drivers/STM32F4xx_HAL_Driver/stm32f4xx_hal_uart.o
LOAD ./Middlewares/FatFs/diskio.o
LOAD ./Middlewares/FatFs/ff.o
LOAD ./Middlewares/FatFs/ff_gen_drv.o
LOAD ./Middlewares/FatFs/syscall.o
START GROUP
LOAD C:/ST/STM32CubeIDE_1.17.0/STM32CubeIDE/plugins/com.st.stm32cube.ide.mcu.externaltools.gnu-tools-for-stm32.12.3.rel1.win32_1.1.0.202410251130/tools/bin/../lib/gcc/arm-none-eabi/12.3.1/../../../../arm-none-eabi/lib/thumb/v7e-m+fp/hard\libc_nano.a
LOAD C:/ST/STM32CubeIDE_1.17.0/STM32CubeIDE/plugins/com.st.stm32cube.ide.mcu.externaltools.gnu-tools-for-stm32.12.3.rel1.win32_1.1.0.202410251130/tools/bin/../lib/gcc/arm-none-eabi/12.3.1/../../../../arm-none-eabi/lib/thumb/v7e-m+fp/hard\libm.a
END GROUP
START GROUP
LOAD C:/ST/STM32CubeIDE_1.17.0/STM32CubeIDE/plugins/com.st.stm32cube.ide.mcu.externaltools.gnu-tools-for-stm32.12.3.rel1.win32_1.1.0.202410251130/tools/bin/../lib/gcc/arm-none-eabi/12.3.1/thumb/v7e-m+fp/hard\libgcc.a
LOAD C:/ST/STM32CubeIDE_1.17.0/STM32CubeIDE/plugins/com.st.stm32cube.ide.mcu.externaltools.gnu-tools-for-stm32.12.3.rel1.win32_1.1.0.202410251130/tools/bin/../lib/gcc/arm-none-eabi/12.3.1/../../../../arm-none-eabi/lib/thumb/v7e-m+fp/hard\libc_nano.a
END GROUP
START GROUP
LOAD C:/ST/STM32CubeIDE_1.17.0/STM32CubeIDE/plugins/com.st.stm32cube.ide.mcu.externaltools.gnu-tools-for-stm32.12.3.rel1.win32_1.1.0.202410251130/tools/bin/../lib/gcc/arm-none-eabi/12.3.1/thumb/v7e-m+fp/hard\libgcc.a
LOAD C:/ST/STM32CubeIDE_1.17.0/STM32CubeIDE/plugins/com.st.stm32cube.ide.mcu.externaltools.gnu-tools-for-stm32.12.3.rel1.win32_1.1.0.202410251130/tools/bin/../lib/gcc/arm-none-eabi/12.3.1/../../../../arm-none-eabi/lib/thumb/v7e-m+fp/hard\libc_nano.a
LOAD C:/ST/STM32CubeIDE_1.17.0/STM32CubeIDE/plugins/com.st.stm32cube.ide.mcu.externaltools.gnu-tools-for-stm32.12.3.rel1.win32_1.1.0.202410251130/tools/bin/../lib/gcc/arm-none-eabi/12.3.1/../../../../arm-none-eabi/lib/thumb/v7e-m+fp/hard\libnosys.a
END GROUP
START GROUP
LOAD C:/ST/STM32CubeIDE_1.17.0/STM32CubeIDE/plugins/com.st.stm32cube.ide.mcu.externaltools.gnu-tools-for-stm32.12.3.rel1.win32_1.1.0.202410251130/tools/bin/../lib/gcc/arm-none-eabi/12.3.1/thumb/v7e-m+fp/hard\libgcc.a
LOAD C:/ST/STM32CubeIDE_1.17.0/STM32CubeIDE/plugins/com.st.stm32cube.ide.mcu.externaltools.gnu-tools-for-stm32.12.3.rel1.win32_1.1.0.202410251130/tools/bin/../lib/gcc/arm-none-eabi/12.3.1/../../../../arm-none-eabi/lib/thumb/v7e-m+fp/hard\libc_nano.a
LOAD C:/ST/STM32CubeIDE_1.17.0/STM32CubeIDE/plugins/com.st.stm32cube.ide.mcu.externaltools.gnu-tools-for-stm32.12.3.rel1.win32_1.1.0.202410251130/tools/bin/../lib/gcc/arm-none-eabi/12.3.1/../../../../arm-none-eabi/lib/thumb/v7e-m+fp/hard\libnosys.a
END GROUP
LOAD C:/ST/STM32CubeIDE_1.17.0/STM32CubeIDE/plugins/com.st.stm32cube.ide.mcu.externaltools.gnu-tools-for-stm32.12.3.rel1.win32_1.1.0.202410251130/tools/bin/../lib/gcc/arm-none-eabi/12.3.1/thumb/v7e-m+fp/hard/crtend.o
LOAD C:/ST/STM32CubeIDE_1.17.0/STM32CubeIDE/plugins/com.st.stm32cube.ide.mcu.externaltools.gnu-tools-for-stm32.12.3.rel1.win32_1.1.0.202410251130/tools/bin/../lib/gcc/arm-none-eabi/12.3.1/thumb/v7e-m+fp/hard/crtn.o
                0x20030000                        _estack = (ORIGIN (RAM) + LENGTH (RAM))
                0x00000200                        _Min_Heap_Size = 0x200
                0x00000400                        _Min_Stack_Size = 0x400

.isr_vector     0x08000000      0x1ac
                0x08000000                        . = ALIGN (0x4)
 *(.isr_vector)
 .isr_vector    0x08000000      0x1ac ./Application/User/Startup/startup_stm32f429zitx.o
                0x08000000                g_pfnVectors
                0x080001ac                        . = ALIGN (0x4)

.text           0x080001b0     0xf8fc
                0x080001b0                        . = ALIGN (0x4)
 *(.text)
 .text          0x080001b0       0x40 C:/ST/STM32CubeIDE_1.17.0/STM32CubeIDE/plugins/com.st.stm32cube.ide.mcu.externaltools.gnu-tools-for-stm32.12.3.rel1.win32_1.1.0.202410251130/tools/bin/../lib/gcc/arm-none-eabi/12.3.1/thumb/v7e-m+fp/hard/crtbegin.o
 .text          0x080001f0       0x10 C:/ST/STM32CubeIDE_1.17.0/STM32CubeIDE/plugins/com.st.stm32cube.ide.mcu.externaltools.gnu-tools-for-stm32.12.3.rel1.win32_1.1.0.202410251130/tools/bin/../lib/gcc/arm-none-eabi/12.3.1/../../../../arm-none-eabi/lib/thumb/v7e-m+fp/hard\libc_nano.a(libc_a-strlen.o)
                0x080001f0                strlen
 .text          0x08000200       0xa0 C:/ST/STM32CubeIDE_1.17.0/STM32CubeIDE/plugins/com.st.stm32cube.ide.mcu.externaltools.gnu-tools-for-stm32.12.3.rel1.win32_1.1.0.202410251130/tools/bin/../lib/gcc/arm-none-eabi/12.3.1/../../../../arm-none-eabi/lib/thumb/v7e-m+fp/hard\libc_nano.a(libc_a-memchr.o)
                0x08000200                memchr
 .text          0x080002a0      0x378 C:/ST/STM32CubeIDE_1.17.0/STM32CubeIDE/plugins/com.st.stm32cube.ide.mcu.externaltools.gnu-tools-for-stm32.12.3.rel1.win32_1.1.0.202410251130/tools/bin/../lib/gcc/arm-none-eabi/12.3.1/thumb/v7e-m+fp/hard\libgcc.a(_arm_addsubdf3.o)
                0x080002a0                __aeabi_drsub
                0x080002a8                __aeabi_dsub
                0x080002a8                __subdf3
                0x080002ac                __aeabi_dadd
                0x080002ac                __adddf3
                0x08000524                __floatunsidf
                0x08000524                __aeabi_ui2d
                0x08000544                __floatsidf
                0x08000544                __aeabi_i2d
                0x08000568                __aeabi_f2d
                0x08000568                __extendsfdf2
                0x080005ac                __floatundidf
                0x080005ac                __aeabi_ul2d
                0x080005bc                __floatdidf
                0x080005bc                __aeabi_l2d
 .text          0x08000618      0x424 C:/ST/STM32CubeIDE_1.17.0/STM32CubeIDE/plugins/com.st.stm32cube.ide.mcu.externaltools.gnu-tools-for-stm32.12.3.rel1.win32_1.1.0.202410251130/tools/bin/../lib/gcc/arm-none-eabi/12.3.1/thumb/v7e-m+fp/hard\libgcc.a(_arm_muldivdf3.o)
                0x08000618                __aeabi_dmul
                0x08000618                __muldf3
                0x0800086c                __divdf3
                0x0800086c                __aeabi_ddiv
 .text          0x08000a3c      0x110 C:/ST/STM32CubeIDE_1.17.0/STM32CubeIDE/plugins/com.st.stm32cube.ide.mcu.externaltools.gnu-tools-for-stm32.12.3.rel1.win32_1.1.0.202410251130/tools/bin/../lib/gcc/arm-none-eabi/12.3.1/thumb/v7e-m+fp/hard\libgcc.a(_arm_cmpdf2.o)
                0x08000a3c                __gtdf2
                0x08000a3c                __gedf2
                0x08000a44                __ltdf2
                0x08000a44                __ledf2
                0x08000a4c                __nedf2
                0x08000a4c                __eqdf2
                0x08000a4c                __cmpdf2
                0x08000ac8                __aeabi_cdrcmple
                0x08000ad8                __aeabi_cdcmpeq
                0x08000ad8                __aeabi_cdcmple
                0x08000ae8                __aeabi_dcmpeq
                0x08000afc                __aeabi_dcmplt
                0x08000b10                __aeabi_dcmple
                0x08000b24                __aeabi_dcmpge
                0x08000b38                __aeabi_dcmpgt
 .text          0x08000b4c       0x50 C:/ST/STM32CubeIDE_1.17.0/STM32CubeIDE/plugins/com.st.stm32cube.ide.mcu.externaltools.gnu-tools-for-stm32.12.3.rel1.win32_1.1.0.202410251130/tools/bin/../lib/gcc/arm-none-eabi/12.3.1/thumb/v7e-m+fp/hard\libgcc.a(_arm_fixdfsi.o)
                0x08000b4c                __aeabi_d2iz
                0x08000b4c                __fixdfsi
 .text          0x08000b9c       0xa0 C:/ST/STM32CubeIDE_1.17.0/STM32CubeIDE/plugins/com.st.stm32cube.ide.mcu.externaltools.gnu-tools-for-stm32.12.3.rel1.win32_1.1.0.202410251130/tools/bin/../lib/gcc/arm-none-eabi/12.3.1/thumb/v7e-m+fp/hard\libgcc.a(_arm_truncdfsf2.o)
                0x08000b9c                __truncdfsf2
                0x08000b9c                __aeabi_d2f
 .text          0x08000c3c       0x30 C:/ST/STM32CubeIDE_1.17.0/STM32CubeIDE/plugins/com.st.stm32cube.ide.mcu.externaltools.gnu-tools-for-stm32.12.3.rel1.win32_1.1.0.202410251130/tools/bin/../lib/gcc/arm-none-eabi/12.3.1/thumb/v7e-m+fp/hard\libgcc.a(_aeabi_uldivmod.o)
                0x08000c3c                __aeabi_uldivmod
 .text          0x08000c6c      0x2bc C:/ST/STM32CubeIDE_1.17.0/STM32CubeIDE/plugins/com.st.stm32cube.ide.mcu.externaltools.gnu-tools-for-stm32.12.3.rel1.win32_1.1.0.202410251130/tools/bin/../lib/gcc/arm-none-eabi/12.3.1/thumb/v7e-m+fp/hard\libgcc.a(_udivmoddi4.o)
                0x08000c6c                __udivmoddi4
 .text          0x08000f28        0x4 C:/ST/STM32CubeIDE_1.17.0/STM32CubeIDE/plugins/com.st.stm32cube.ide.mcu.externaltools.gnu-tools-for-stm32.12.3.rel1.win32_1.1.0.202410251130/tools/bin/../lib/gcc/arm-none-eabi/12.3.1/thumb/v7e-m+fp/hard\libgcc.a(_dvmd_tls.o)
                0x08000f28                __aeabi_idiv0
                0x08000f28                __aeabi_ldiv0
 *(.text*)
 .text.bme280_init
                0x08000f2c       0x60 ./Application/User/Core/bme280.o
                0x08000f2c                bme280_init
 .text.bme280_get_regs
                0x08000f8c       0x70 ./Application/User/Core/bme280.o
                0x08000f8c                bme280_get_regs
 .text.bme280_set_regs
                0x08000ffc       0xe4 ./Application/User/Core/bme280.o
                0x08000ffc                bme280_set_regs
 .text.bme280_set_sensor_settings
                0x080010e0       0x9e ./Application/User/Core/bme280.o
                0x080010e0                bme280_set_sensor_settings
 .text.bme280_set_sensor_mode
                0x0800117e       0x56 ./Application/User/Core/bme280.o
                0x0800117e                bme280_set_sensor_mode
 .text.bme280_get_sensor_mode
                0x080011d4       0x40 ./Application/User/Core/bme280.o
                0x080011d4                bme280_get_sensor_mode
 .text.bme280_soft_reset
                0x08001214       0x8c ./Application/User/Core/bme280.o
                0x08001214                bme280_soft_reset
 .text.bme280_get_sensor_data
                0x080012a0       0x7e ./Application/User/Core/bme280.o
                0x080012a0                bme280_get_sensor_data
 .text.bme280_compensate_data
                0x0800131e       0xc2 ./Application/User/Core/bme280.o
                0x0800131e                bme280_compensate_data
 .text.set_osr_settings
                0x080013e0       0x4e ./Application/User/Core/bme280.o
 .text.set_osr_humidity_settings
                0x0800142e       0x74 ./Application/User/Core/bme280.o
 .text.set_osr_press_temp_settings
                0x080014a2       0x78 ./Application/User/Core/bme280.o
 .text.set_filter_standby_settings
                0x0800151a       0x78 ./Application/User/Core/bme280.o
 .text.fill_filter_settings
                0x08001592       0x3a ./Application/User/Core/bme280.o
 .text.fill_standby_settings
                0x080015cc       0x34 ./Application/User/Core/bme280.o
 .text.fill_osr_press_settings
                0x08001600       0x3a ./Application/User/Core/bme280.o
 .text.fill_osr_temp_settings
                0x0800163a       0x34 ./Application/User/Core/bme280.o
 .text.parse_device_settings
                0x0800166e       0x68 ./Application/User/Core/bme280.o
 .text.parse_sensor_data
                0x080016d6       0x8c ./Application/User/Core/bme280.o
 .text.write_power_mode
                0x08001762       0x66 ./Application/User/Core/bme280.o
 .text.put_device_to_sleep
                0x080017c8       0x60 ./Application/User/Core/bme280.o
 .text.reload_device_settings
                0x08001828       0x3a ./Application/User/Core/bme280.o
 *fill*         0x08001862        0x2 
 .text.compensate_temperature
                0x08001864      0x1a4 ./Application/User/Core/bme280.o
 .text.compensate_pressure
                0x08001a08      0x3a0 ./Application/User/Core/bme280.o
 .text.compensate_humidity
                0x08001da8      0x240 ./Application/User/Core/bme280.o
 .text.get_calib_data
                0x08001fe8       0x8a ./Application/User/Core/bme280.o
 .text.interleave_reg_addr
                0x08002072       0x56 ./Application/User/Core/bme280.o
 .text.parse_temp_press_calib_data
                0x080020c8      0x160 ./Application/User/Core/bme280.o
 .text.parse_humidity_calib_data
                0x08002228       0x9e ./Application/User/Core/bme280.o
 .text.are_settings_changed
                0x080022c6       0x38 ./Application/User/Core/bme280.o
 .text.null_ptr_check
                0x080022fe       0x40 ./Application/User/Core/bme280.o
 *fill*         0x0800233e        0x2 
 .text.bmi2_sec_init
                0x08002340       0xc0 ./Application/User/Core/bmi2.o
                0x08002340                bmi2_sec_init
 .text.bmi2_get_regs
                0x08002400       0xe6 ./Application/User/Core/bmi2.o
                0x08002400                bmi2_get_regs
 .text.bmi2_set_regs
                0x080024e6      0x106 ./Application/User/Core/bmi2.o
                0x080024e6                bmi2_set_regs
 .text.bmi2_soft_reset
                0x080025ec       0xa2 ./Application/User/Core/bmi2.o
                0x080025ec                bmi2_soft_reset
 .text.bmi2_set_adv_power_save
                0x0800268e       0x98 ./Application/User/Core/bmi2.o
                0x0800268e                bmi2_set_adv_power_save
 .text.bmi2_write_config_file
                0x08002726       0xaa ./Application/User/Core/bmi2.o
                0x08002726                bmi2_write_config_file
 .text.bmi2_sensor_enable
                0x080027d0       0x6c ./Application/User/Core/bmi2.o
                0x080027d0                bmi2_sensor_enable
 .text.bmi2_set_sensor_config
                0x0800283c      0x158 ./Application/User/Core/bmi2.o
                0x0800283c                bmi2_set_sensor_config
 .text.bmi2_get_sensor_config
                0x08002994      0x180 ./Application/User/Core/bmi2.o
                0x08002994                bmi2_get_sensor_config
 .text.bmi2_get_feature_data
                0x08002b14      0x10e ./Application/User/Core/bmi2.o
                0x08002b14                bmi2_get_feature_data
 .text.bmi2_get_sensor_data
                0x08002c22       0x54 ./Application/User/Core/bmi2.o
                0x08002c22                bmi2_get_sensor_data
 .text.bmi2_parse_sensor_data
                0x08002c76       0xf0 ./Application/User/Core/bmi2.o
                0x08002c76                bmi2_parse_sensor_data
 .text.bmi2_get_status
                0x08002d66       0x44 ./Application/User/Core/bmi2.o
                0x08002d66                bmi2_get_status
 .text.bmi2_get_gyro_cross_sense
                0x08002daa       0x6c ./Application/User/Core/bmi2.o
                0x08002daa                bmi2_get_gyro_cross_sense
 .text.bmi2_get_internal_status
                0x08002e16       0x54 ./Application/User/Core/bmi2.o
                0x08002e16                bmi2_get_internal_status
 .text.bmi2_get_feat_config
                0x08002e6a      0x124 ./Application/User/Core/bmi2.o
                0x08002e6a                bmi2_get_feat_config
 .text.bmi2_extract_input_feat_config
                0x08002f8e       0x6a ./Application/User/Core/bmi2.o
                0x08002f8e                bmi2_extract_input_feat_config
 .text.write_config_file
                0x08002ff8      0x162 ./Application/User/Core/bmi2.o
 .text.set_config_load
                0x0800315a       0x64 ./Application/User/Core/bmi2.o
 .text.upload_file
                0x080031be       0x76 ./Application/User/Core/bmi2.o
 .text.validate_bw_perf_mode
                0x08003234       0x5a ./Application/User/Core/bmi2.o
 .text.validate_odr_range
                0x0800328e       0x40 ./Application/User/Core/bmi2.o
 .text.validate_gyro_config
                0x080032ce       0xa8 ./Application/User/Core/bmi2.o
 *fill*         0x08003376        0x2 
 .text.cfg_error_status
                0x08003378       0x74 ./Application/User/Core/bmi2.o
 .text.set_aux_config
                0x080033ec       0x5e ./Application/User/Core/bmi2.o
 .text.set_gyro_user_gain_config
                0x0800344a      0x1b8 ./Application/User/Core/bmi2.o
 .text.set_aux_interface
                0x08003602       0x62 ./Application/User/Core/bmi2.o
 .text.config_aux_interface
                0x08003664      0x184 ./Application/User/Core/bmi2.o
 .text.config_aux
                0x080037e8       0x8a ./Application/User/Core/bmi2.o
 .text.validate_aux_config
                0x08003872       0x28 ./Application/User/Core/bmi2.o
 .text.get_accel_config
                0x0800389a       0x84 ./Application/User/Core/bmi2.o
 .text.get_gyro_config
                0x0800391e       0xa4 ./Application/User/Core/bmi2.o
 .text.get_aux_config
                0x080039c2       0x6c ./Application/User/Core/bmi2.o
 .text.get_gyro_gain_update_config
                0x08003a2e      0x140 ./Application/User/Core/bmi2.o
 .text.get_aux_interface
                0x08003b6e       0x40 ./Application/User/Core/bmi2.o
 .text.get_aux_interface_config
                0x08003bae       0x90 ./Application/User/Core/bmi2.o
 .text.get_aux_cfg
                0x08003c3e       0x46 ./Application/User/Core/bmi2.o
 .text.get_acc_gyr_data
                0x08003c84       0xc2 ./Application/User/Core/bmi2.o
 .text.get_remapped_data
                0x08003d46      0x126 ./Application/User/Core/bmi2.o
 .text.saturate
                0x08003e6c       0x40 ./Application/User/Core/bmi2.o
 .text.comp_gyro_cross_axis_sensitivity
                0x08003eac       0x52 ./Application/User/Core/bmi2.o
 .text.check_boundary_val
                0x08003efe       0x6e ./Application/User/Core/bmi2.o
 .text.set_accel_config
                0x08003f6c       0xea ./Application/User/Core/bmi2.o
 .text.set_gyro_config
                0x08004056      0x104 ./Application/User/Core/bmi2.o
 .text.null_ptr_check
                0x0800415a       0x3e ./Application/User/Core/bmi2.o
 .text.get_gyro_gain_update_status
                0x08004198       0xce ./Application/User/Core/bmi2.o
 .text.extract_output_feat_config
                0x08004266       0x6a ./Application/User/Core/bmi2.o
 .text.get_gyro_cross_sense
                0x080042d0      0x10e ./Application/User/Core/bmi2.o
 .text.select_sensor
                0x080043de       0xb6 ./Application/User/Core/bmi2.o
 .text.sensor_enable
                0x08004494       0xf0 ./Application/User/Core/bmi2.o
 .text.bmi270_init
                0x08004584       0xbc ./Application/User/Core/bmi270.o
                0x08004584                bmi270_init
 .text.null_ptr_check
                0x08004640       0x3e ./Application/User/Core/bmi270.o
 *fill*         0x0800467e        0x2 
 .text.Print_StartupSummary
                0x08004680       0xd0 ./Application/User/Core/main.o
 .text.FatFs_ErrorString
                0x08004750      0x11c ./Application/User/Core/main.o
 .text.stm32_bmi2_i2c_read
                0x0800486c       0x54 ./Application/User/Core/main.o
 .text.stm32_bmi2_i2c_write
                0x080048c0       0x54 ./Application/User/Core/main.o
 .text.stm32_bmi2_delay_us
                0x08004914       0x38 ./Application/User/Core/main.o
 .text.BMI270_API_Init
                0x0800494c      0x144 ./Application/User/Core/main.o
 .text.BMI270_InitGravityEstimate
                0x08004a90       0xf8 ./Application/User/Core/main.o
 .text.BMI270_PrintInternalStatus
                0x08004b88       0x48 ./Application/User/Core/main.o
 .text.LED_AllOff
                0x08004bd0       0x24 ./Application/User/Core/main.o
 .text.raw_acc_to_mg
                0x08004bf4       0x2e ./Application/User/Core/main.o
 .text.abs_i32  0x08004c22       0x1c ./Application/User/Core/main.o
 .text.raw_gyro_to_mdps
                0x08004c3e       0xc4 ./Application/User/Core/main.o
 *fill*         0x08004d02        0x2 
 .text.BMI270_UpdateVelocityAndPrint
                0x08004d04      0x3e0 ./Application/User/Core/main.o
 .text.GPS_Select
                0x080050e4       0x18 ./Application/User/Core/main.o
 .text.GPS_Deselect
                0x080050fc       0x18 ./Application/User/Core/main.o
 .text.GPS_InitPins
                0x08005114       0x2c ./Application/User/Core/main.o
 .text.GPS_ProcessByte
                0x08005140      0x10c ./Application/User/Core/main.o
 .text.GPS_PollSPI
                0x0800524c       0x88 ./Application/User/Core/main.o
 .text.SD_LogInit
                0x080052d4       0xd0 ./Application/User/Core/main.o
 .text.SD_LogIMUAndGPS
                0x080053a4       0xc8 ./Application/User/Core/main.o
 .text.Telemetry_BuildCSVLine
                0x0800546c      0x264 ./Application/User/Core/main.o
 .text.ESP32_Select
                0x080056d0       0x18 ./Application/User/Core/main.o
 .text.ESP32_Deselect
                0x080056e8       0x18 ./Application/User/Core/main.o
 .text.ESP32_IsReady
                0x08005700       0x20 ./Application/User/Core/main.o
 .text.ESP32_SendTelemetry
                0x08005720       0xc0 ./Application/User/Core/main.o
 .text.bcd_to_bin
                0x080057e0       0x32 ./Application/User/Core/main.o
 *fill*         0x08005812        0x2 
 .text.bin_to_bcd
                0x08005814       0x44 ./Application/User/Core/main.o
 .text.DateTime_ToString
                0x08005858       0xac ./Application/User/Core/main.o
 .text.ADALOGGER_RTC_ReadRegs
                0x08005904       0x38 ./Application/User/Core/main.o
 .text.ADALOGGER_RTC_WriteRegs
                0x0800593c       0x38 ./Application/User/Core/main.o
 .text.ADALOGGER_RTC_WriteReg
                0x08005974       0x26 ./Application/User/Core/main.o
 *fill*         0x0800599a        0x2 
 .text.ADALOGGER_RTC_Init
                0x0800599c       0x54 ./Application/User/Core/main.o
 .text.ADALOGGER_RTC_Read
                0x080059f0       0xec ./Application/User/Core/main.o
 .text.ADALOGGER_RTC_Set
                0x08005adc       0xb8 ./Application/User/Core/main.o
 .text.ADALOGGER_RTC_Print
                0x08005b94       0x48 ./Application/User/Core/main.o
 .text.BME280_Select
                0x08005bdc       0x18 ./Application/User/Core/main.o
 .text.BME280_Deselect
                0x08005bf4       0x18 ./Application/User/Core/main.o
 .text.BME280_SPI_Read
                0x08005c0c       0x6c ./Application/User/Core/main.o
 .text.BME280_SPI_Write
                0x08005c78       0x6c ./Application/User/Core/main.o
 .text.BME280_DelayUs
                0x08005ce4       0x38 ./Application/User/Core/main.o
 .text.BME280_InitSensor
                0x08005d1c       0xf0 ./Application/User/Core/main.o
 .text.BME280_ReadAndPrint
                0x08005e0c       0xdc ./Application/User/Core/main.o
 .text.STM32_CAN_ListenAllInit
                0x08005ee8       0x9c ./Application/User/Core/main.o
 .text.CAN_DataToHex
                0x08005f84       0xb0 ./Application/User/Core/main.o
 .text.STM32_CAN_PrintLatest
                0x08006034       0x6c ./Application/User/Core/main.o
 .text.CAN_MakeU32_LE
                0x080060a0       0x38 ./Application/User/Core/main.o
 .text.SunRaw_UpdateFromCAN
                0x080060d8       0xdc ./Application/User/Core/main.o
 .text.SunRaw_BuildBlock
                0x080061b4      0x374 ./Application/User/Core/main.o
 .text.RS232_SendString
                0x08006528       0x48 ./Application/User/Core/main.o
 .text.RS232_SendSunRawBlock
                0x08006570       0x2c ./Application/User/Core/main.o
 .text.StatusLed_InitState
                0x0800659c       0x80 ./Application/User/Core/main.o
 .text.StatusLed_RequestPulse
                0x0800661c       0x28 ./Application/User/Core/main.o
 .text.StatusLed_SetError
                0x08006644       0x18 ./Application/User/Core/main.o
 .text.StatusLed_Task
                0x0800665c      0x128 ./Application/User/Core/main.o
 .text.StatusLed_BootSequence
                0x08006784       0x68 ./Application/User/Core/main.o
 .text.STM32_CAN_StoreRxFrame
                0x080067ec       0x90 ./Application/User/Core/main.o
 .text.STM32_CAN_PollRx
                0x0800687c       0x48 ./Application/User/Core/main.o
 .text.STM32_CAN_DebugPrint
                0x080068c4       0x74 ./Application/User/Core/main.o
 .text.STM32_CAN_SendTestFrame
                0x08006938       0xd0 ./Application/User/Core/main.o
 .text.main     0x08006a08      0x3c4 ./Application/User/Core/main.o
                0x08006a08                main
 .text.SystemClock_Config
                0x08006dcc       0xd8 ./Application/User/Core/main.o
                0x08006dcc                SystemClock_Config
 .text.MX_CAN1_Init
                0x08006ea4       0x6c ./Application/User/Core/main.o
 .text.MX_I2C1_Init
                0x08006f10       0x80 ./Application/User/Core/main.o
 .text.MX_I2C2_Init
                0x08006f90       0x80 ./Application/User/Core/main.o
 .text.MX_SPI1_Init
                0x08007010       0x6c ./Application/User/Core/main.o
 .text.MX_SPI2_Init
                0x0800707c       0x6c ./Application/User/Core/main.o
 .text.MX_SPI3_Init
                0x080070e8       0x6c ./Application/User/Core/main.o
 .text.MX_SPI5_Init
                0x08007154       0x6c ./Application/User/Core/main.o
 .text.MX_USART1_UART_Init
                0x080071c0       0x54 ./Application/User/Core/main.o
 .text.MX_GPIO_Init
                0x08007214      0x1d8 ./Application/User/Core/main.o
 .text.Error_Handler
                0x080073ec        0xc ./Application/User/Core/main.o
                0x080073ec                Error_Handler
 .text.HAL_MspInit
                0x080073f8       0x50 ./Application/User/Core/stm32f4xx_hal_msp.o
                0x080073f8                HAL_MspInit
 .text.HAL_CAN_MspInit
                0x08007448       0x90 ./Application/User/Core/stm32f4xx_hal_msp.o
                0x08007448                HAL_CAN_MspInit
 .text.HAL_I2C_MspInit
                0x080074d8       0xfc ./Application/User/Core/stm32f4xx_hal_msp.o
                0x080074d8                HAL_I2C_MspInit
 .text.HAL_SPI_MspInit
                0x080075d4      0x214 ./Application/User/Core/stm32f4xx_hal_msp.o
                0x080075d4                HAL_SPI_MspInit
 .text.HAL_UART_MspInit
                0x080077e8       0x90 ./Application/User/Core/stm32f4xx_hal_msp.o
                0x080077e8                HAL_UART_MspInit
 .text.NMI_Handler
                0x08007878        0x8 ./Application/User/Core/stm32f4xx_it.o
                0x08007878                NMI_Handler
 .text.HardFault_Handler
                0x08007880        0x8 ./Application/User/Core/stm32f4xx_it.o
                0x08007880                HardFault_Handler
 .text.MemManage_Handler
                0x08007888        0x8 ./Application/User/Core/stm32f4xx_it.o
                0x08007888                MemManage_Handler
 .text.BusFault_Handler
                0x08007890        0x8 ./Application/User/Core/stm32f4xx_it.o
                0x08007890                BusFault_Handler
 .text.UsageFault_Handler
                0x08007898        0x8 ./Application/User/Core/stm32f4xx_it.o
                0x08007898                UsageFault_Handler
 .text.SVC_Handler
                0x080078a0        0xe ./Application/User/Core/stm32f4xx_it.o
                0x080078a0                SVC_Handler
 .text.DebugMon_Handler
                0x080078ae        0xe ./Application/User/Core/stm32f4xx_it.o
                0x080078ae                DebugMon_Handler
 .text.PendSV_Handler
                0x080078bc        0xe ./Application/User/Core/stm32f4xx_it.o
                0x080078bc                PendSV_Handler
 .text.SysTick_Handler
                0x080078ca        0xc ./Application/User/Core/stm32f4xx_it.o
                0x080078ca                SysTick_Handler
 .text._read    0x080078d6       0x3a ./Application/User/Core/syscalls.o
                0x080078d6                _read
 .text._write   0x08007910       0x38 ./Application/User/Core/syscalls.o
                0x08007910                _write
 .text._close   0x08007948       0x18 ./Application/User/Core/syscalls.o
                0x08007948                _close
 .text._fstat   0x08007960       0x20 ./Application/User/Core/syscalls.o
                0x08007960                _fstat
 .text._isatty  0x08007980       0x16 ./Application/User/Core/syscalls.o
                0x08007980                _isatty
 .text._lseek   0x08007996       0x1a ./Application/User/Core/syscalls.o
                0x08007996                _lseek
 .text._sbrk    0x080079b0       0x6c ./Application/User/Core/sysmem.o
                0x080079b0                _sbrk
 .text.MX_FATFS_Init
                0x08007a1c       0x24 ./Application/User/FATFS/App/fatfs.o
                0x08007a1c                MX_FATFS_Init
 .text.get_fattime
                0x08007a40       0x10 ./Application/User/FATFS/App/fatfs.o
                0x08007a40                get_fattime
 .text.SD_Select
                0x08007a50       0x18 ./Application/User/FATFS/Target/user_diskio.o
 .text.SD_Deselect
                0x08007a68       0x34 ./Application/User/FATFS/Target/user_diskio.o
 .text.SD_SPI_TxRx
                0x08007a9c       0x30 ./Application/User/FATFS/Target/user_diskio.o
 .text.SD_SPI_RxBuf
                0x08007acc       0x30 ./Application/User/FATFS/Target/user_diskio.o
 .text.SD_SPI_TxBuf
                0x08007afc       0x2e ./Application/User/FATFS/Target/user_diskio.o
 .text.SD_WaitReady
                0x08007b2a       0x3a ./Application/User/FATFS/Target/user_diskio.o
 .text.SD_SendCmd
                0x08007b64       0xde ./Application/User/FATFS/Target/user_diskio.o
 .text.SD_RxDataBlock
                0x08007c42       0x5c ./Application/User/FATFS/Target/user_diskio.o
 .text.SD_TxDataBlock
                0x08007c9e       0x60 ./Application/User/FATFS/Target/user_diskio.o
 .text.SD_GetSectorCount
                0x08007cfe       0xaa ./Application/User/FATFS/Target/user_diskio.o
 .text.USER_initialize
                0x08007da8      0x1c8 ./Application/User/FATFS/Target/user_diskio.o
                0x08007da8                USER_initialize
 .text.USER_status
                0x08007f70       0x2c ./Application/User/FATFS/Target/user_diskio.o
                0x08007f70                USER_status
 .text.USER_read
                0x08007f9c       0xcc ./Application/User/FATFS/Target/user_diskio.o
                0x08007f9c                USER_read
 .text.USER_write
                0x08008068       0xf4 ./Application/User/FATFS/Target/user_diskio.o
                0x08008068                USER_write
 .text.USER_ioctl
                0x0800815c       0xa4 ./Application/User/FATFS/Target/user_diskio.o
                0x0800815c                USER_ioctl
 .text.Reset_Handler
                0x08008200       0x50 ./Application/User/Startup/startup_stm32f429zitx.o
                0x08008200                Reset_Handler
 .text.Default_Handler
                0x08008250        0x2 ./Application/User/Startup/startup_stm32f429zitx.o
                0x08008250                RTC_Alarm_IRQHandler
                0x08008250                HASH_RNG_IRQHandler
                0x08008250                EXTI2_IRQHandler
                0x08008250                TIM8_CC_IRQHandler
                0x08008250                UART8_IRQHandler
                0x08008250                SPI4_IRQHandler
                0x08008250                TIM1_CC_IRQHandler
                0x08008250                DMA2_Stream5_IRQHandler
                0x08008250                DMA1_Stream5_IRQHandler
                0x08008250                PVD_IRQHandler
                0x08008250                SDIO_IRQHandler
                0x08008250                TAMP_STAMP_IRQHandler
                0x08008250                CAN2_RX1_IRQHandler
                0x08008250                EXTI3_IRQHandler
                0x08008250                TIM8_TRG_COM_TIM14_IRQHandler
                0x08008250                TIM1_UP_TIM10_IRQHandler
                0x08008250                TIM8_UP_TIM13_IRQHandler
                0x08008250                I2C3_ER_IRQHandler
                0x08008250                EXTI0_IRQHandler
                0x08008250                I2C2_EV_IRQHandler
                0x08008250                DMA1_Stream2_IRQHandler
                0x08008250                CAN1_RX0_IRQHandler
                0x08008250                FPU_IRQHandler
                0x08008250                OTG_HS_WKUP_IRQHandler
                0x08008250                LTDC_ER_IRQHandler
                0x08008250                CAN2_SCE_IRQHandler
                0x08008250                DMA2_Stream2_IRQHandler
                0x08008250                SPI1_IRQHandler
                0x08008250                TIM6_DAC_IRQHandler
                0x08008250                TIM1_BRK_TIM9_IRQHandler
                0x08008250                DCMI_IRQHandler
                0x08008250                CAN2_RX0_IRQHandler
                0x08008250                DMA2_Stream3_IRQHandler
                0x08008250                USART6_IRQHandler
                0x08008250                USART3_IRQHandler
                0x08008250                CAN1_RX1_IRQHandler
                0x08008250                UART5_IRQHandler
                0x08008250                DMA2_Stream0_IRQHandler
                0x08008250                TIM4_IRQHandler
                0x08008250                I2C1_EV_IRQHandler
                0x08008250                DMA1_Stream6_IRQHandler
                0x08008250                DMA1_Stream1_IRQHandler
                0x08008250                UART4_IRQHandler
                0x08008250                TIM3_IRQHandler
                0x08008250                RCC_IRQHandler
                0x08008250                TIM8_BRK_TIM12_IRQHandler
                0x08008250                Default_Handler
                0x08008250                EXTI15_10_IRQHandler
                0x08008250                ADC_IRQHandler
                0x08008250                DMA1_Stream7_IRQHandler
                0x08008250                SPI5_IRQHandler
                0x08008250                TIM7_IRQHandler
                0x08008250                CAN2_TX_IRQHandler
                0x08008250                TIM5_IRQHandler
                0x08008250                DMA2_Stream7_IRQHandler
                0x08008250                I2C3_EV_IRQHandler
                0x08008250                EXTI9_5_IRQHandler
                0x08008250                RTC_WKUP_IRQHandler
                0x08008250                LTDC_IRQHandler
                0x08008250                ETH_WKUP_IRQHandler
                0x08008250                SPI2_IRQHandler
                0x08008250                OTG_HS_EP1_IN_IRQHandler
                0x08008250                DMA1_Stream0_IRQHandler
                0x08008250                CAN1_TX_IRQHandler
                0x08008250                EXTI4_IRQHandler
                0x08008250                ETH_IRQHandler
                0x08008250                OTG_HS_EP1_OUT_IRQHandler
                0x08008250                WWDG_IRQHandler
                0x08008250                SPI6_IRQHandler
                0x08008250                TIM2_IRQHandler
                0x08008250                OTG_FS_WKUP_IRQHandler
                0x08008250                TIM1_TRG_COM_TIM11_IRQHandler
                0x08008250                OTG_HS_IRQHandler
                0x08008250                DMA2D_IRQHandler
                0x08008250                EXTI1_IRQHandler
                0x08008250                UART7_IRQHandler
                0x08008250                USART2_IRQHandler
                0x08008250                I2C2_ER_IRQHandler
                0x08008250                DMA2_Stream1_IRQHandler
                0x08008250                CAN1_SCE_IRQHandler
                0x08008250                FLASH_IRQHandler
                0x08008250                DMA2_Stream4_IRQHandler
                0x08008250                USART1_IRQHandler
                0x08008250                OTG_FS_IRQHandler
                0x08008250                SPI3_IRQHandler
                0x08008250                DMA1_Stream4_IRQHandler
                0x08008250                I2C1_ER_IRQHandler
                0x08008250                FMC_IRQHandler
                0x08008250                DMA2_Stream6_IRQHandler
                0x08008250                SAI1_IRQHandler
                0x08008250                DMA1_Stream3_IRQHandler
 *fill*         0x08008252        0x2 
 .text.SystemInit
                0x08008254       0x24 ./Drivers/CMSIS/system_stm32f4xx.o
                0x08008254                SystemInit
 .text.HAL_Init
                0x08008278       0x44 ./Drivers/STM32F4xx_HAL_Driver/stm32f4xx_hal.o
                0x08008278                HAL_Init
 .text.HAL_InitTick
                0x080082bc       0x60 ./Drivers/STM32F4xx_HAL_Driver/stm32f4xx_hal.o
                0x080082bc                HAL_InitTick
 .text.HAL_IncTick
                0x0800831c       0x28 ./Drivers/STM32F4xx_HAL_Driver/stm32f4xx_hal.o
                0x0800831c                HAL_IncTick
 .text.HAL_GetTick
                0x08008344       0x18 ./Drivers/STM32F4xx_HAL_Driver/stm32f4xx_hal.o
                0x08008344                HAL_GetTick
 .text.HAL_Delay
                0x0800835c       0x48 ./Drivers/STM32F4xx_HAL_Driver/stm32f4xx_hal.o
                0x0800835c                HAL_Delay
 .text.HAL_CAN_Init
                0x080083a4      0x1f6 ./Drivers/STM32F4xx_HAL_Driver/stm32f4xx_hal_can.o
                0x080083a4                HAL_CAN_Init
 *fill*         0x0800859a        0x2 
 .text.HAL_CAN_ConfigFilter
                0x0800859c      0x1bc ./Drivers/STM32F4xx_HAL_Driver/stm32f4xx_hal_can.o
                0x0800859c                HAL_CAN_ConfigFilter
 .text.HAL_CAN_Start
                0x08008758       0x88 ./Drivers/STM32F4xx_HAL_Driver/stm32f4xx_hal_can.o
                0x08008758                HAL_CAN_Start
 .text.HAL_CAN_AddTxMessage
                0x080087e0      0x1a0 ./Drivers/STM32F4xx_HAL_Driver/stm32f4xx_hal_can.o
                0x080087e0                HAL_CAN_AddTxMessage
 .text.HAL_CAN_IsTxMessagePending
                0x08008980       0x48 ./Drivers/STM32F4xx_HAL_Driver/stm32f4xx_hal_can.o
                0x08008980                HAL_CAN_IsTxMessagePending
 .text.HAL_CAN_GetRxMessage
                0x080089c8      0x244 ./Drivers/STM32F4xx_HAL_Driver/stm32f4xx_hal_can.o
                0x080089c8                HAL_CAN_GetRxMessage
 .text.HAL_CAN_GetRxFifoFillLevel
                0x08008c0c       0x50 ./Drivers/STM32F4xx_HAL_Driver/stm32f4xx_hal_can.o
                0x08008c0c                HAL_CAN_GetRxFifoFillLevel
 .text.HAL_CAN_ActivateNotification
                0x08008c5c       0x4c ./Drivers/STM32F4xx_HAL_Driver/stm32f4xx_hal_can.o
                0x08008c5c                HAL_CAN_ActivateNotification
 .text.HAL_CAN_GetState
                0x08008ca8       0x50 ./Drivers/STM32F4xx_HAL_Driver/stm32f4xx_hal_can.o
                0x08008ca8                HAL_CAN_GetState
 .text.HAL_CAN_GetError
                0x08008cf8       0x18 ./Drivers/STM32F4xx_HAL_Driver/stm32f4xx_hal_can.o
                0x08008cf8                HAL_CAN_GetError
 .text.__NVIC_SetPriorityGrouping
                0x08008d10       0x48 ./Drivers/STM32F4xx_HAL_Driver/stm32f4xx_hal_cortex.o
 .text.__NVIC_GetPriorityGrouping
                0x08008d58       0x1c ./Drivers/STM32F4xx_HAL_Driver/stm32f4xx_hal_cortex.o
 .text.__NVIC_SetPriority
                0x08008d74       0x54 ./Drivers/STM32F4xx_HAL_Driver/stm32f4xx_hal_cortex.o
 .text.NVIC_EncodePriority
                0x08008dc8       0x66 ./Drivers/STM32F4xx_HAL_Driver/stm32f4xx_hal_cortex.o
 *fill*         0x08008e2e        0x2 
 .text.SysTick_Config
                0x08008e30       0x44 ./Drivers/STM32F4xx_HAL_Driver/stm32f4xx_hal_cortex.o
 .text.HAL_NVIC_SetPriorityGrouping
                0x08008e74       0x16 ./Drivers/STM32F4xx_HAL_Driver/stm32f4xx_hal_cortex.o
                0x08008e74                HAL_NVIC_SetPriorityGrouping
 .text.HAL_NVIC_SetPriority
                0x08008e8a       0x38 ./Drivers/STM32F4xx_HAL_Driver/stm32f4xx_hal_cortex.o
                0x08008e8a                HAL_NVIC_SetPriority
 .text.HAL_SYSTICK_Config
                0x08008ec2       0x18 ./Drivers/STM32F4xx_HAL_Driver/stm32f4xx_hal_cortex.o
                0x08008ec2                HAL_SYSTICK_Config
 *fill*         0x08008eda        0x2 
 .text.HAL_GPIO_Init
                0x08008edc      0x358 ./Drivers/STM32F4xx_HAL_Driver/stm32f4xx_hal_gpio.o
                0x08008edc                HAL_GPIO_Init
 .text.HAL_GPIO_ReadPin
                0x08009234       0x30 ./Drivers/STM32F4xx_HAL_Driver/stm32f4xx_hal_gpio.o
                0x08009234                HAL_GPIO_ReadPin
 .text.HAL_GPIO_WritePin
                0x08009264       0x32 ./Drivers/STM32F4xx_HAL_Driver/stm32f4xx_hal_gpio.o
                0x08009264                HAL_GPIO_WritePin
 *fill*         0x08009296        0x2 
 .text.HAL_I2C_Init
                0x08009298      0x288 ./Drivers/STM32F4xx_HAL_Driver/stm32f4xx_hal_i2c.o
                0x08009298                HAL_I2C_Init
 .text.HAL_I2C_Mem_Write
                0x08009520      0x1f4 ./Drivers/STM32F4xx_HAL_Driver/stm32f4xx_hal_i2c.o
                0x08009520                HAL_I2C_Mem_Write
 .text.HAL_I2C_Mem_Read
                0x08009714      0x464 ./Drivers/STM32F4xx_HAL_Driver/stm32f4xx_hal_i2c.o
                0x08009714                HAL_I2C_Mem_Read
 .text.HAL_I2C_IsDeviceReady
                0x08009b78      0x25c ./Drivers/STM32F4xx_HAL_Driver/stm32f4xx_hal_i2c.o
                0x08009b78                HAL_I2C_IsDeviceReady
 .text.I2C_RequestMemoryWrite
                0x08009dd4      0x12c ./Drivers/STM32F4xx_HAL_Driver/stm32f4xx_hal_i2c.o
 .text.I2C_RequestMemoryRead
                0x08009f00      0x1d0 ./Drivers/STM32F4xx_HAL_Driver/stm32f4xx_hal_i2c.o
 .text.I2C_WaitOnFlagUntilTimeout
                0x0800a0d0       0xf4 ./Drivers/STM32F4xx_HAL_Driver/stm32f4xx_hal_i2c.o
 .text.I2C_WaitOnMasterAddressFlagUntilTimeout
                0x0800a1c4      0x140 ./Drivers/STM32F4xx_HAL_Driver/stm32f4xx_hal_i2c.o
 .text.I2C_WaitOnTXEFlagUntilTimeout
                0x0800a304       0x90 ./Drivers/STM32F4xx_HAL_Driver/stm32f4xx_hal_i2c.o
 .text.I2C_WaitOnBTFFlagUntilTimeout
                0x0800a394       0x90 ./Drivers/STM32F4xx_HAL_Driver/stm32f4xx_hal_i2c.o
 .text.I2C_WaitOnRXNEFlagUntilTimeout
                0x0800a424       0xba ./Drivers/STM32F4xx_HAL_Driver/stm32f4xx_hal_i2c.o
 .text.I2C_IsAcknowledgeFailed
                0x0800a4de       0x5e ./Drivers/STM32F4xx_HAL_Driver/stm32f4xx_hal_i2c.o
 .text.HAL_I2CEx_ConfigAnalogFilter
                0x0800a53c       0x78 ./Drivers/STM32F4xx_HAL_Driver/stm32f4xx_hal_i2c_ex.o
                0x0800a53c                HAL_I2CEx_ConfigAnalogFilter
 .text.HAL_I2CEx_ConfigDigitalFilter
                0x0800a5b4       0x7e ./Drivers/STM32F4xx_HAL_Driver/stm32f4xx_hal_i2c_ex.o
                0x0800a5b4                HAL_I2CEx_ConfigDigitalFilter
 *fill*         0x0800a632        0x2 
 .text.HAL_RCC_OscConfig
                0x0800a634      0x4f0 ./Drivers/STM32F4xx_HAL_Driver/stm32f4xx_hal_rcc.o
                0x0800a634                HAL_RCC_OscConfig
 .text.HAL_RCC_ClockConfig
                0x0800ab24      0x1cc ./Drivers/STM32F4xx_HAL_Driver/stm32f4xx_hal_rcc.o
                0x0800ab24                HAL_RCC_ClockConfig
 .text.HAL_RCC_GetSysClockFreq
                0x0800acf0      0x20c ./Drivers/STM32F4xx_HAL_Driver/stm32f4xx_hal_rcc.o
                0x0800acf0                HAL_RCC_GetSysClockFreq
 .text.HAL_RCC_GetHCLKFreq
                0x0800aefc       0x18 ./Drivers/STM32F4xx_HAL_Driver/stm32f4xx_hal_rcc.o
                0x0800aefc                HAL_RCC_GetHCLKFreq
 .text.HAL_RCC_GetPCLK1Freq
                0x0800af14       0x28 ./Drivers/STM32F4xx_HAL_Driver/stm32f4xx_hal_rcc.o
                0x0800af14                HAL_RCC_GetPCLK1Freq
 .text.HAL_RCC_GetPCLK2Freq
                0x0800af3c       0x28 ./Drivers/STM32F4xx_HAL_Driver/stm32f4xx_hal_rcc.o
                0x0800af3c                HAL_RCC_GetPCLK2Freq
 .text.HAL_SPI_Init
                0x0800af64      0x112 ./Drivers/STM32F4xx_HAL_Driver/stm32f4xx_hal_spi.o
                0x0800af64                HAL_SPI_Init
 .text.HAL_SPI_Transmit
                0x0800b076      0x288 ./Drivers/STM32F4xx_HAL_Driver/stm32f4xx_hal_spi.o
                0x0800b076                HAL_SPI_Transmit
 .text.HAL_SPI_Receive
                0x0800b2fe      0x232 ./Drivers/STM32F4xx_HAL_Driver/stm32f4xx_hal_spi.o
                0x0800b2fe                HAL_SPI_Receive
 .text.HAL_SPI_TransmitReceive
                0x0800b530      0x352 ./Drivers/STM32F4xx_HAL_Driver/stm32f4xx_hal_spi.o
                0x0800b530                HAL_SPI_TransmitReceive
 *fill*         0x0800b882        0x2 
 .text.SPI_WaitFlagStateUntilTimeout
                0x0800b884      0x110 ./Drivers/STM32F4xx_HAL_Driver/stm32f4xx_hal_spi.o
 .text.SPI_EndRxTransaction
                0x0800b994       0xca ./Drivers/STM32F4xx_HAL_Driver/stm32f4xx_hal_spi.o
 *fill*         0x0800ba5e        0x2 
 .text.SPI_EndRxTxTransaction
                0x0800ba60       0xa8 ./Drivers/STM32F4xx_HAL_Driver/stm32f4xx_hal_spi.o
 .text.HAL_UART_Init
                0x0800bb08       0xa0 ./Drivers/STM32F4xx_HAL_Driver/stm32f4xx_hal_uart.o
                0x0800bb08                HAL_UART_Init
 .text.HAL_UART_Transmit
                0x0800bba8      0x116 ./Drivers/STM32F4xx_HAL_Driver/stm32f4xx_hal_uart.o
                0x0800bba8                HAL_UART_Transmit
 .text.UART_WaitOnFlagUntilTimeout
                0x0800bcbe       0xb2 ./Drivers/STM32F4xx_HAL_Driver/stm32f4xx_hal_uart.o
 .text.UART_EndRxTransfer
                0x0800bd70       0xc6 ./Drivers/STM32F4xx_HAL_Driver/stm32f4xx_hal_uart.o
 *fill*         0x0800be36        0x2 
 .text.UART_SetConfig
                0x0800be38      0x4e8 ./Drivers/STM32F4xx_HAL_Driver/stm32f4xx_hal_uart.o
 .text.disk_status
                0x0800c320       0x34 ./Middlewares/FatFs/diskio.o
                0x0800c320                disk_status
 .text.disk_initialize
                0x0800c354       0x50 ./Middlewares/FatFs/diskio.o
                0x0800c354                disk_initialize
 .text.disk_read
                0x0800c3a4       0x40 ./Middlewares/FatFs/diskio.o
                0x0800c3a4                disk_read
 .text.disk_write
                0x0800c3e4       0x40 ./Middlewares/FatFs/diskio.o
                0x0800c3e4                disk_write
 .text.disk_ioctl
                0x0800c424       0x3c ./Middlewares/FatFs/diskio.o
                0x0800c424                disk_ioctl
 .text.ld_word  0x0800c460       0x30 ./Middlewares/FatFs/ff.o
 .text.ld_dword
                0x0800c490       0x46 ./Middlewares/FatFs/ff.o
 .text.st_word  0x0800c4d6       0x36 ./Middlewares/FatFs/ff.o
 .text.st_dword
                0x0800c50c       0x58 ./Middlewares/FatFs/ff.o
 .text.mem_cpy  0x0800c564       0x42 ./Middlewares/FatFs/ff.o
 .text.mem_set  0x0800c5a6       0x36 ./Middlewares/FatFs/ff.o
 .text.mem_cmp  0x0800c5dc       0x4e ./Middlewares/FatFs/ff.o
 .text.chk_chr  0x0800c62a       0x36 ./Middlewares/FatFs/ff.o
 .text.chk_lock
                0x0800c660       0xb8 ./Middlewares/FatFs/ff.o
 .text.enq_lock
                0x0800c718       0x44 ./Middlewares/FatFs/ff.o
 .text.inc_lock
                0x0800c75c      0x11c ./Middlewares/FatFs/ff.o
 .text.clear_lock
                0x0800c878       0x48 ./Middlewares/FatFs/ff.o
 .text.sync_window
                0x0800c8c0       0x88 ./Middlewares/FatFs/ff.o
 .text.move_window
                0x0800c948       0x5a ./Middlewares/FatFs/ff.o
 *fill*         0x0800c9a2        0x2 
 .text.sync_fs  0x0800c9a4       0xdc ./Middlewares/FatFs/ff.o
 .text.clust2sect
                0x0800ca80       0x3e ./Middlewares/FatFs/ff.o
 .text.get_fat  0x0800cabe      0x14e ./Middlewares/FatFs/ff.o
 .text.put_fat  0x0800cc0c      0x1d4 ./Middlewares/FatFs/ff.o
 .text.remove_chain
                0x0800cde0       0xca ./Middlewares/FatFs/ff.o
 .text.create_chain
                0x0800ceaa      0x130 ./Middlewares/FatFs/ff.o
 .text.clmt_clust
                0x0800cfda       0x68 ./Middlewares/FatFs/ff.o
 .text.dir_sdi  0x0800d042       0xf6 ./Middlewares/FatFs/ff.o
 .text.dir_next
                0x0800d138      0x18a ./Middlewares/FatFs/ff.o
 .text.dir_alloc
                0x0800d2c2       0x8e ./Middlewares/FatFs/ff.o
 .text.ld_clust
                0x0800d350       0x3e ./Middlewares/FatFs/ff.o
 .text.st_clust
                0x0800d38e       0x40 ./Middlewares/FatFs/ff.o
 .text.dir_find
                0x0800d3ce       0xaa ./Middlewares/FatFs/ff.o
 .text.dir_register
                0x0800d478       0x64 ./Middlewares/FatFs/ff.o
 .text.create_name
                0x0800d4dc      0x128 ./Middlewares/FatFs/ff.o
 .text.follow_path
                0x0800d604       0xe2 ./Middlewares/FatFs/ff.o
 .text.get_ldnumber
                0x0800d6e6       0x88 ./Middlewares/FatFs/ff.o
 *fill*         0x0800d76e        0x2 
 .text.check_fs
                0x0800d770       0xac ./Middlewares/FatFs/ff.o
 .text.find_volume
                0x0800d81c      0x498 ./Middlewares/FatFs/ff.o
 .text.validate
                0x0800dcb4       0x6a ./Middlewares/FatFs/ff.o
 *fill*         0x0800dd1e        0x2 
 .text.f_mount  0x0800dd20       0x8c ./Middlewares/FatFs/ff.o
                0x0800dd20                f_mount
 .text.f_open   0x0800ddac      0x374 ./Middlewares/FatFs/ff.o
                0x0800ddac                f_open
 .text.f_write  0x0800e120      0x2ea ./Middlewares/FatFs/ff.o
                0x0800e120                f_write
 .text.f_sync   0x0800e40a       0xfc ./Middlewares/FatFs/ff.o
                0x0800e40a                f_sync
 *fill*         0x0800e506        0x2 
 .text.FATFS_LinkDriverEx
                0x0800e508       0x98 ./Middlewares/FatFs/ff_gen_drv.o
                0x0800e508                FATFS_LinkDriverEx
 .text.FATFS_LinkDriver
                0x0800e5a0       0x1e ./Middlewares/FatFs/ff_gen_drv.o
                0x0800e5a0                FATFS_LinkDriver
 *fill*         0x0800e5be        0x2 
 .text.std      0x0800e5c0       0x6c C:/ST/STM32CubeIDE_1.17.0/STM32CubeIDE/plugins/com.st.stm32cube.ide.mcu.externaltools.gnu-tools-for-stm32.12.3.rel1.win32_1.1.0.202410251130/tools/bin/../lib/gcc/arm-none-eabi/12.3.1/../../../../arm-none-eabi/lib/thumb/v7e-m+fp/hard\libc_nano.a(libc_a-findfp.o)
 .text.stdio_exit_handler
                0x0800e62c       0x18 C:/ST/STM32CubeIDE_1.17.0/STM32CubeIDE/plugins/com.st.stm32cube.ide.mcu.externaltools.gnu-tools-for-stm32.12.3.rel1.win32_1.1.0.202410251130/tools/bin/../lib/gcc/arm-none-eabi/12.3.1/../../../../arm-none-eabi/lib/thumb/v7e-m+fp/hard\libc_nano.a(libc_a-findfp.o)
 .text.cleanup_stdio
                0x0800e644       0x40 C:/ST/STM32CubeIDE_1.17.0/STM32CubeIDE/plugins/com.st.stm32cube.ide.mcu.externaltools.gnu-tools-for-stm32.12.3.rel1.win32_1.1.0.202410251130/tools/bin/../lib/gcc/arm-none-eabi/12.3.1/../../../../arm-none-eabi/lib/thumb/v7e-m+fp/hard\libc_nano.a(libc_a-findfp.o)
 .text.global_stdio_init.part.0
                0x0800e684       0x3c C:/ST/STM32CubeIDE_1.17.0/STM32CubeIDE/plugins/com.st.stm32cube.ide.mcu.externaltools.gnu-tools-for-stm32.12.3.rel1.win32_1.1.0.202410251130/tools/bin/../lib/gcc/arm-none-eabi/12.3.1/../../../../arm-none-eabi/lib/thumb/v7e-m+fp/hard\libc_nano.a(libc_a-findfp.o)
 .text.__sfp_lock_acquire
                0x0800e6c0        0xc C:/ST/STM32CubeIDE_1.17.0/STM32CubeIDE/plugins/com.st.stm32cube.ide.mcu.externaltools.gnu-tools-for-stm32.12.3.rel1.win32_1.1.0.202410251130/tools/bin/../lib/gcc/arm-none-eabi/12.3.1/../../../../arm-none-eabi/lib/thumb/v7e-m+fp/hard\libc_nano.a(libc_a-findfp.o)
                0x0800e6c0                __sfp_lock_acquire
 .text.__sfp_lock_release
                0x0800e6cc        0xc C:/ST/STM32CubeIDE_1.17.0/STM32CubeIDE/plugins/com.st.stm32cube.ide.mcu.externaltools.gnu-tools-for-stm32.12.3.rel1.win32_1.1.0.202410251130/tools/bin/../lib/gcc/arm-none-eabi/12.3.1/../../../../arm-none-eabi/lib/thumb/v7e-m+fp/hard\libc_nano.a(libc_a-findfp.o)
                0x0800e6cc                __sfp_lock_release
 .text.__sinit  0x0800e6d8       0x30 C:/ST/STM32CubeIDE_1.17.0/STM32CubeIDE/plugins/com.st.stm32cube.ide.mcu.externaltools.gnu-tools-for-stm32.12.3.rel1.win32_1.1.0.202410251130/tools/bin/../lib/gcc/arm-none-eabi/12.3.1/../../../../arm-none-eabi/lib/thumb/v7e-m+fp/hard\libc_nano.a(libc_a-findfp.o)
                0x0800e6d8                __sinit
 .text._fwalk_sglue
                0x0800e708       0x3c C:/ST/STM32CubeIDE_1.17.0/STM32CubeIDE/plugins/com.st.stm32cube.ide.mcu.externaltools.gnu-tools-for-stm32.12.3.rel1.win32_1.1.0.202410251130/tools/bin/../lib/gcc/arm-none-eabi/12.3.1/../../../../arm-none-eabi/lib/thumb/v7e-m+fp/hard\libc_nano.a(libc_a-fwalk.o)
                0x0800e708                _fwalk_sglue
 .text.printf   0x0800e744       0x24 C:/ST/STM32CubeIDE_1.17.0/STM32CubeIDE/plugins/com.st.stm32cube.ide.mcu.externaltools.gnu-tools-for-stm32.12.3.rel1.win32_1.1.0.202410251130/tools/bin/../lib/gcc/arm-none-eabi/12.3.1/../../../../arm-none-eabi/lib/thumb/v7e-m+fp/hard\libc_nano.a(libc_a-printf.o)
                0x0800e744                iprintf
                0x0800e744                printf
 .text._puts_r  0x0800e768       0xaa C:/ST/STM32CubeIDE_1.17.0/STM32CubeIDE/plugins/com.st.stm32cube.ide.mcu.externaltools.gnu-tools-for-stm32.12.3.rel1.win32_1.1.0.202410251130/tools/bin/../lib/gcc/arm-none-eabi/12.3.1/../../../../arm-none-eabi/lib/thumb/v7e-m+fp/hard\libc_nano.a(libc_a-puts.o)
                0x0800e768                _puts_r
 *fill*         0x0800e812        0x2 
 .text.puts     0x0800e814       0x10 C:/ST/STM32CubeIDE_1.17.0/STM32CubeIDE/plugins/com.st.stm32cube.ide.mcu.externaltools.gnu-tools-for-stm32.12.3.rel1.win32_1.1.0.202410251130/tools/bin/../lib/gcc/arm-none-eabi/12.3.1/../../../../arm-none-eabi/lib/thumb/v7e-m+fp/hard\libc_nano.a(libc_a-puts.o)
                0x0800e814                puts
 .text.setvbuf  0x0800e824      0x168 C:/ST/STM32CubeIDE_1.17.0/STM32CubeIDE/plugins/com.st.stm32cube.ide.mcu.externaltools.gnu-tools-for-stm32.12.3.rel1.win32_1.1.0.202410251130/tools/bin/../lib/gcc/arm-none-eabi/12.3.1/../../../../arm-none-eabi/lib/thumb/v7e-m+fp/hard\libc_nano.a(libc_a-setvbuf.o)
                0x0800e824                setvbuf
 .text.snprintf
                0x0800e98c       0x68 C:/ST/STM32CubeIDE_1.17.0/STM32CubeIDE/plugins/com.st.stm32cube.ide.mcu.externaltools.gnu-tools-for-stm32.12.3.rel1.win32_1.1.0.202410251130/tools/bin/../lib/gcc/arm-none-eabi/12.3.1/../../../../arm-none-eabi/lib/thumb/v7e-m+fp/hard\libc_nano.a(libc_a-snprintf.o)
                0x0800e98c                sniprintf
                0x0800e98c                snprintf
 .text.__sread  0x0800e9f4       0x22 C:/ST/STM32CubeIDE_1.17.0/STM32CubeIDE/plugins/com.st.stm32cube.ide.mcu.externaltools.gnu-tools-for-stm32.12.3.rel1.win32_1.1.0.202410251130/tools/bin/../lib/gcc/arm-none-eabi/12.3.1/../../../../arm-none-eabi/lib/thumb/v7e-m+fp/hard\libc_nano.a(libc_a-stdio.o)
                0x0800e9f4                __sread
 .text.__swrite
                0x0800ea16       0x38 C:/ST/STM32CubeIDE_1.17.0/STM32CubeIDE/plugins/com.st.stm32cube.ide.mcu.externaltools.gnu-tools-for-stm32.12.3.rel1.win32_1.1.0.202410251130/tools/bin/../lib/gcc/arm-none-eabi/12.3.1/../../../../arm-none-eabi/lib/thumb/v7e-m+fp/hard\libc_nano.a(libc_a-stdio.o)
                0x0800ea16                __swrite
 .text.__sseek  0x0800ea4e       0x24 C:/ST/STM32CubeIDE_1.17.0/STM32CubeIDE/plugins/com.st.stm32cube.ide.mcu.externaltools.gnu-tools-for-stm32.12.3.rel1.win32_1.1.0.202410251130/tools/bin/../lib/gcc/arm-none-eabi/12.3.1/../../../../arm-none-eabi/lib/thumb/v7e-m+fp/hard\libc_nano.a(libc_a-stdio.o)
                0x0800ea4e                __sseek
 .text.__sclose
                0x0800ea72        0x8 C:/ST/STM32CubeIDE_1.17.0/STM32CubeIDE/plugins/com.st.stm32cube.ide.mcu.externaltools.gnu-tools-for-stm32.12.3.rel1.win32_1.1.0.202410251130/tools/bin/../lib/gcc/arm-none-eabi/12.3.1/../../../../arm-none-eabi/lib/thumb/v7e-m+fp/hard\libc_nano.a(libc_a-stdio.o)
                0x0800ea72                __sclose
 .text.__swbuf_r
                0x0800ea7a       0x7c C:/ST/STM32CubeIDE_1.17.0/STM32CubeIDE/plugins/com.st.stm32cube.ide.mcu.externaltools.gnu-tools-for-stm32.12.3.rel1.win32_1.1.0.202410251130/tools/bin/../lib/gcc/arm-none-eabi/12.3.1/../../../../arm-none-eabi/lib/thumb/v7e-m+fp/hard\libc_nano.a(libc_a-wbuf.o)
                0x0800ea7a                __swbuf_r
 *fill*         0x0800eaf6        0x2 
 .text.__swsetup_r
                0x0800eaf8       0xac C:/ST/STM32CubeIDE_1.17.0/STM32CubeIDE/plugins/com.st.stm32cube.ide.mcu.externaltools.gnu-tools-for-stm32.12.3.rel1.win32_1.1.0.202410251130/tools/bin/../lib/gcc/arm-none-eabi/12.3.1/../../../../arm-none-eabi/lib/thumb/v7e-m+fp/hard\libc_nano.a(libc_a-wsetup.o)
                0x0800eaf8                __swsetup_r
 .text.memset   0x0800eba4       0x10 C:/ST/STM32CubeIDE_1.17.0/STM32CubeIDE/plugins/com.st.stm32cube.ide.mcu.externaltools.gnu-tools-for-stm32.12.3.rel1.win32_1.1.0.202410251130/tools/bin/../lib/gcc/arm-none-eabi/12.3.1/../../../../arm-none-eabi/lib/thumb/v7e-m+fp/hard\libc_nano.a(libc_a-memset.o)
                0x0800eba4                memset
 .text.strncpy  0x0800ebb4       0x26 C:/ST/STM32CubeIDE_1.17.0/STM32CubeIDE/plugins/com.st.stm32cube.ide.mcu.externaltools.gnu-tools-for-stm32.12.3.rel1.win32_1.1.0.202410251130/tools/bin/../lib/gcc/arm-none-eabi/12.3.1/../../../../arm-none-eabi/lib/thumb/v7e-m+fp/hard\libc_nano.a(libc_a-strncpy.o)
                0x0800ebb4                strncpy
 *fill*         0x0800ebda        0x2 
 .text._close_r
                0x0800ebdc       0x20 C:/ST/STM32CubeIDE_1.17.0/STM32CubeIDE/plugins/com.st.stm32cube.ide.mcu.externaltools.gnu-tools-for-stm32.12.3.rel1.win32_1.1.0.202410251130/tools/bin/../lib/gcc/arm-none-eabi/12.3.1/../../../../arm-none-eabi/lib/thumb/v7e-m+fp/hard\libc_nano.a(libc_a-closer.o)
                0x0800ebdc                _close_r
 .text._lseek_r
                0x0800ebfc       0x24 C:/ST/STM32CubeIDE_1.17.0/STM32CubeIDE/plugins/com.st.stm32cube.ide.mcu.externaltools.gnu-tools-for-stm32.12.3.rel1.win32_1.1.0.202410251130/tools/bin/../lib/gcc/arm-none-eabi/12.3.1/../../../../arm-none-eabi/lib/thumb/v7e-m+fp/hard\libc_nano.a(libc_a-lseekr.o)
                0x0800ebfc                _lseek_r
 .text._read_r  0x0800ec20       0x24 C:/ST/STM32CubeIDE_1.17.0/STM32CubeIDE/plugins/com.st.stm32cube.ide.mcu.externaltools.gnu-tools-for-stm32.12.3.rel1.win32_1.1.0.202410251130/tools/bin/../lib/gcc/arm-none-eabi/12.3.1/../../../../arm-none-eabi/lib/thumb/v7e-m+fp/hard\libc_nano.a(libc_a-readr.o)
                0x0800ec20                _read_r
 .text._write_r
                0x0800ec44       0x24 C:/ST/STM32CubeIDE_1.17.0/STM32CubeIDE/plugins/com.st.stm32cube.ide.mcu.externaltools.gnu-tools-for-stm32.12.3.rel1.win32_1.1.0.202410251130/tools/bin/../lib/gcc/arm-none-eabi/12.3.1/../../../../arm-none-eabi/lib/thumb/v7e-m+fp/hard\libc_nano.a(libc_a-writer.o)
                0x0800ec44                _write_r
 .text.__errno  0x0800ec68        0xc C:/ST/STM32CubeIDE_1.17.0/STM32CubeIDE/plugins/com.st.stm32cube.ide.mcu.externaltools.gnu-tools-for-stm32.12.3.rel1.win32_1.1.0.202410251130/tools/bin/../lib/gcc/arm-none-eabi/12.3.1/../../../../arm-none-eabi/lib/thumb/v7e-m+fp/hard\libc_nano.a(libc_a-errno.o)
                0x0800ec68                __errno
 .text.__libc_init_array
                0x0800ec74       0x48 C:/ST/STM32CubeIDE_1.17.0/STM32CubeIDE/plugins/com.st.stm32cube.ide.mcu.externaltools.gnu-tools-for-stm32.12.3.rel1.win32_1.1.0.202410251130/tools/bin/../lib/gcc/arm-none-eabi/12.3.1/../../../../arm-none-eabi/lib/thumb/v7e-m+fp/hard\libc_nano.a(libc_a-init.o)
                0x0800ec74                __libc_init_array
 .text.__retarget_lock_init_recursive
                0x0800ecbc        0x2 C:/ST/STM32CubeIDE_1.17.0/STM32CubeIDE/plugins/com.st.stm32cube.ide.mcu.externaltools.gnu-tools-for-stm32.12.3.rel1.win32_1.1.0.202410251130/tools/bin/../lib/gcc/arm-none-eabi/12.3.1/../../../../arm-none-eabi/lib/thumb/v7e-m+fp/hard\libc_nano.a(libc_a-lock.o)
                0x0800ecbc                __retarget_lock_init_recursive
 .text.__retarget_lock_acquire_recursive
                0x0800ecbe        0x2 C:/ST/STM32CubeIDE_1.17.0/STM32CubeIDE/plugins/com.st.stm32cube.ide.mcu.externaltools.gnu-tools-for-stm32.12.3.rel1.win32_1.1.0.202410251130/tools/bin/../lib/gcc/arm-none-eabi/12.3.1/../../../../arm-none-eabi/lib/thumb/v7e-m+fp/hard\libc_nano.a(libc_a-lock.o)
                0x0800ecbe                __retarget_lock_acquire_recursive
 .text.__retarget_lock_release_recursive
                0x0800ecc0        0x2 C:/ST/STM32CubeIDE_1.17.0/STM32CubeIDE/plugins/com.st.stm32cube.ide.mcu.externaltools.gnu-tools-for-stm32.12.3.rel1.win32_1.1.0.202410251130/tools/bin/../lib/gcc/arm-none-eabi/12.3.1/../../../../arm-none-eabi/lib/thumb/v7e-m+fp/hard\libc_nano.a(libc_a-lock.o)
                0x0800ecc0                __retarget_lock_release_recursive
 *fill*         0x0800ecc2        0x2 
 .text._free_r  0x0800ecc4       0x94 C:/ST/STM32CubeIDE_1.17.0/STM32CubeIDE/plugins/com.st.stm32cube.ide.mcu.externaltools.gnu-tools-for-stm32.12.3.rel1.win32_1.1.0.202410251130/tools/bin/../lib/gcc/arm-none-eabi/12.3.1/../../../../arm-none-eabi/lib/thumb/v7e-m+fp/hard\libc_nano.a(libc_a-freer.o)
                0x0800ecc4                _free_r
 .text.malloc   0x0800ed58       0x10 C:/ST/STM32CubeIDE_1.17.0/STM32CubeIDE/plugins/com.st.stm32cube.ide.mcu.externaltools.gnu-tools-for-stm32.12.3.rel1.win32_1.1.0.202410251130/tools/bin/../lib/gcc/arm-none-eabi/12.3.1/../../../../arm-none-eabi/lib/thumb/v7e-m+fp/hard\libc_nano.a(libc_a-malloc.o)
                0x0800ed58                malloc
 .text.sbrk_aligned
                0x0800ed68       0x44 C:/ST/STM32CubeIDE_1.17.0/STM32CubeIDE/plugins/com.st.stm32cube.ide.mcu.externaltools.gnu-tools-for-stm32.12.3.rel1.win32_1.1.0.202410251130/tools/bin/../lib/gcc/arm-none-eabi/12.3.1/../../../../arm-none-eabi/lib/thumb/v7e-m+fp/hard\libc_nano.a(libc_a-mallocr.o)
 .text._malloc_r
                0x0800edac      0x100 C:/ST/STM32CubeIDE_1.17.0/STM32CubeIDE/plugins/com.st.stm32cube.ide.mcu.externaltools.gnu-tools-for-stm32.12.3.rel1.win32_1.1.0.202410251130/tools/bin/../lib/gcc/arm-none-eabi/12.3.1/../../../../arm-none-eabi/lib/thumb/v7e-m+fp/hard\libc_nano.a(libc_a-mallocr.o)
                0x0800edac                _malloc_r
 .text.__malloc_lock
                0x0800eeac        0xc C:/ST/STM32CubeIDE_1.17.0/STM32CubeIDE/plugins/com.st.stm32cube.ide.mcu.externaltools.gnu-tools-for-stm32.12.3.rel1.win32_1.1.0.202410251130/tools/bin/../lib/gcc/arm-none-eabi/12.3.1/../../../../arm-none-eabi/lib/thumb/v7e-m+fp/hard\libc_nano.a(libc_a-mlock.o)
                0x0800eeac                __malloc_lock
 .text.__malloc_unlock
                0x0800eeb8        0xc C:/ST/STM32CubeIDE_1.17.0/STM32CubeIDE/plugins/com.st.stm32cube.ide.mcu.externaltools.gnu-tools-for-stm32.12.3.rel1.win32_1.1.0.202410251130/tools/bin/../lib/gcc/arm-none-eabi/12.3.1/../../../../arm-none-eabi/lib/thumb/v7e-m+fp/hard\libc_nano.a(libc_a-mlock.o)
                0x0800eeb8                __malloc_unlock
 .text.__ssputs_r
                0x0800eec4       0xb6 C:/ST/STM32CubeIDE_1.17.0/STM32CubeIDE/plugins/com.st.stm32cube.ide.mcu.externaltools.gnu-tools-for-stm32.12.3.rel1.win32_1.1.0.202410251130/tools/bin/../lib/gcc/arm-none-eabi/12.3.1/../../../../arm-none-eabi/lib/thumb/v7e-m+fp/hard\libc_nano.a(libc_a-nano-svfprintf.o)
                0x0800eec4                __ssputs_r
 *fill*         0x0800ef7a        0x2 
 .text._svfprintf_r
                0x0800ef7c      0x1f8 C:/ST/STM32CubeIDE_1.17.0/STM32CubeIDE/plugins/com.st.stm32cube.ide.mcu.externaltools.gnu-tools-for-stm32.12.3.rel1.win32_1.1.0.202410251130/tools/bin/../lib/gcc/arm-none-eabi/12.3.1/../../../../arm-none-eabi/lib/thumb/v7e-m+fp/hard\libc_nano.a(libc_a-nano-svfprintf.o)
                0x0800ef7c                _svfiprintf_r
                0x0800ef7c                _svfprintf_r
 .text.__sfputc_r
                0x0800f174       0x2e C:/ST/STM32CubeIDE_1.17.0/STM32CubeIDE/plugins/com.st.stm32cube.ide.mcu.externaltools.gnu-tools-for-stm32.12.3.rel1.win32_1.1.0.202410251130/tools/bin/../lib/gcc/arm-none-eabi/12.3.1/../../../../arm-none-eabi/lib/thumb/v7e-m+fp/hard\libc_nano.a(libc_a-nano-vfprintf.o)
 .text.__sfputs_r
                0x0800f1a2       0x24 C:/ST/STM32CubeIDE_1.17.0/STM32CubeIDE/plugins/com.st.stm32cube.ide.mcu.externaltools.gnu-tools-for-stm32.12.3.rel1.win32_1.1.0.202410251130/tools/bin/../lib/gcc/arm-none-eabi/12.3.1/../../../../arm-none-eabi/lib/thumb/v7e-m+fp/hard\libc_nano.a(libc_a-nano-vfprintf.o)
                0x0800f1a2                __sfputs_r
 *fill*         0x0800f1c6        0x2 
 .text._vfprintf_r
                0x0800f1c8      0x230 C:/ST/STM32CubeIDE_1.17.0/STM32CubeIDE/plugins/com.st.stm32cube.ide.mcu.externaltools.gnu-tools-for-stm32.12.3.rel1.win32_1.1.0.202410251130/tools/bin/../lib/gcc/arm-none-eabi/12.3.1/../../../../arm-none-eabi/lib/thumb/v7e-m+fp/hard\libc_nano.a(libc_a-nano-vfprintf.o)
                0x0800f1c8                _vfprintf_r
                0x0800f1c8                _vfiprintf_r
 .text._printf_common
                0x0800f3f8       0xda C:/ST/STM32CubeIDE_1.17.0/STM32CubeIDE/plugins/com.st.stm32cube.ide.mcu.externaltools.gnu-tools-for-stm32.12.3.rel1.win32_1.1.0.202410251130/tools/bin/../lib/gcc/arm-none-eabi/12.3.1/../../../../arm-none-eabi/lib/thumb/v7e-m+fp/hard\libc_nano.a(libc_a-nano-vfprintf_i.o)
                0x0800f3f8                _printf_common
 *fill*         0x0800f4d2        0x2 
 .text._printf_i
                0x0800f4d4      0x240 C:/ST/STM32CubeIDE_1.17.0/STM32CubeIDE/plugins/com.st.stm32cube.ide.mcu.externaltools.gnu-tools-for-stm32.12.3.rel1.win32_1.1.0.202410251130/tools/bin/../lib/gcc/arm-none-eabi/12.3.1/../../../../arm-none-eabi/lib/thumb/v7e-m+fp/hard\libc_nano.a(libc_a-nano-vfprintf_i.o)
                0x0800f4d4                _printf_i
 .text.__sflush_r
                0x0800f714      0x108 C:/ST/STM32CubeIDE_1.17.0/STM32CubeIDE/plugins/com.st.stm32cube.ide.mcu.externaltools.gnu-tools-for-stm32.12.3.rel1.win32_1.1.0.202410251130/tools/bin/../lib/gcc/arm-none-eabi/12.3.1/../../../../arm-none-eabi/lib/thumb/v7e-m+fp/hard\libc_nano.a(libc_a-fflush.o)
                0x0800f714                __sflush_r
 .text._fflush_r
                0x0800f81c       0x50 C:/ST/STM32CubeIDE_1.17.0/STM32CubeIDE/plugins/com.st.stm32cube.ide.mcu.externaltools.gnu-tools-for-stm32.12.3.rel1.win32_1.1.0.202410251130/tools/bin/../lib/gcc/arm-none-eabi/12.3.1/../../../../arm-none-eabi/lib/thumb/v7e-m+fp/hard\libc_nano.a(libc_a-fflush.o)
                0x0800f81c                _fflush_r
 .text.__swhatbuf_r
                0x0800f86c       0x4c C:/ST/STM32CubeIDE_1.17.0/STM32CubeIDE/plugins/com.st.stm32cube.ide.mcu.externaltools.gnu-tools-for-stm32.12.3.rel1.win32_1.1.0.202410251130/tools/bin/../lib/gcc/arm-none-eabi/12.3.1/../../../../arm-none-eabi/lib/thumb/v7e-m+fp/hard\libc_nano.a(libc_a-makebuf.o)
                0x0800f86c                __swhatbuf_r
 .text.__smakebuf_r
                0x0800f8b8       0x78 C:/ST/STM32CubeIDE_1.17.0/STM32CubeIDE/plugins/com.st.stm32cube.ide.mcu.externaltools.gnu-tools-for-stm32.12.3.rel1.win32_1.1.0.202410251130/tools/bin/../lib/gcc/arm-none-eabi/12.3.1/../../../../arm-none-eabi/lib/thumb/v7e-m+fp/hard\libc_nano.a(libc_a-makebuf.o)
                0x0800f8b8                __smakebuf_r
 .text.memmove  0x0800f930       0x34 C:/ST/STM32CubeIDE_1.17.0/STM32CubeIDE/plugins/com.st.stm32cube.ide.mcu.externaltools.gnu-tools-for-stm32.12.3.rel1.win32_1.1.0.202410251130/tools/bin/../lib/gcc/arm-none-eabi/12.3.1/../../../../arm-none-eabi/lib/thumb/v7e-m+fp/hard\libc_nano.a(libc_a-memmove.o)
                0x0800f930                memmove
 .text._fstat_r
                0x0800f964       0x24 C:/ST/STM32CubeIDE_1.17.0/STM32CubeIDE/plugins/com.st.stm32cube.ide.mcu.externaltools.gnu-tools-for-stm32.12.3.rel1.win32_1.1.0.202410251130/tools/bin/../lib/gcc/arm-none-eabi/12.3.1/../../../../arm-none-eabi/lib/thumb/v7e-m+fp/hard\libc_nano.a(libc_a-fstatr.o)
                0x0800f964                _fstat_r
 .text._isatty_r
                0x0800f988       0x20 C:/ST/STM32CubeIDE_1.17.0/STM32CubeIDE/plugins/com.st.stm32cube.ide.mcu.externaltools.gnu-tools-for-stm32.12.3.rel1.win32_1.1.0.202410251130/tools/bin/../lib/gcc/arm-none-eabi/12.3.1/../../../../arm-none-eabi/lib/thumb/v7e-m+fp/hard\libc_nano.a(libc_a-isattyr.o)
                0x0800f988                _isatty_r
 .text._sbrk_r  0x0800f9a8       0x20 C:/ST/STM32CubeIDE_1.17.0/STM32CubeIDE/plugins/com.st.stm32cube.ide.mcu.externaltools.gnu-tools-for-stm32.12.3.rel1.win32_1.1.0.202410251130/tools/bin/../lib/gcc/arm-none-eabi/12.3.1/../../../../arm-none-eabi/lib/thumb/v7e-m+fp/hard\libc_nano.a(libc_a-sbrkr.o)
                0x0800f9a8                _sbrk_r
 .text.memcpy   0x0800f9c8       0x1c C:/ST/STM32CubeIDE_1.17.0/STM32CubeIDE/plugins/com.st.stm32cube.ide.mcu.externaltools.gnu-tools-for-stm32.12.3.rel1.win32_1.1.0.202410251130/tools/bin/../lib/gcc/arm-none-eabi/12.3.1/../../../../arm-none-eabi/lib/thumb/v7e-m+fp/hard\libc_nano.a(libc_a-memcpy-stub.o)
                0x0800f9c8                memcpy
 .text._realloc_r
                0x0800f9e4       0x5c C:/ST/STM32CubeIDE_1.17.0/STM32CubeIDE/plugins/com.st.stm32cube.ide.mcu.externaltools.gnu-tools-for-stm32.12.3.rel1.win32_1.1.0.202410251130/tools/bin/../lib/gcc/arm-none-eabi/12.3.1/../../../../arm-none-eabi/lib/thumb/v7e-m+fp/hard\libc_nano.a(libc_a-reallocr.o)
                0x0800f9e4                _realloc_r
 .text._malloc_usable_size_r
                0x0800fa40       0x10 C:/ST/STM32CubeIDE_1.17.0/STM32CubeIDE/plugins/com.st.stm32cube.ide.mcu.externaltools.gnu-tools-for-stm32.12.3.rel1.win32_1.1.0.202410251130/tools/bin/../lib/gcc/arm-none-eabi/12.3.1/../../../../arm-none-eabi/lib/thumb/v7e-m+fp/hard\libc_nano.a(libc_a-msizer.o)
                0x0800fa40                _malloc_usable_size_r
 .text.sqrtf    0x0800fa50       0x3c C:/ST/STM32CubeIDE_1.17.0/STM32CubeIDE/plugins/com.st.stm32cube.ide.mcu.externaltools.gnu-tools-for-stm32.12.3.rel1.win32_1.1.0.202410251130/tools/bin/../lib/gcc/arm-none-eabi/12.3.1/../../../../arm-none-eabi/lib/thumb/v7e-m+fp/hard\libm.a(libm_a-wf_sqrt.o)
                0x0800fa50                sqrtf
 .text.__ieee754_sqrtf
                0x0800fa8c        0x6 C:/ST/STM32CubeIDE_1.17.0/STM32CubeIDE/plugins/com.st.stm32cube.ide.mcu.externaltools.gnu-tools-for-stm32.12.3.rel1.win32_1.1.0.202410251130/tools/bin/../lib/gcc/arm-none-eabi/12.3.1/../../../../arm-none-eabi/lib/thumb/v7e-m+fp/hard\libm.a(libm_a-ef_sqrt.o)
                0x0800fa8c                __ieee754_sqrtf
 *(.glue_7)
 .glue_7        0x0800fa92        0x0 linker stubs
 *(.glue_7t)
 .glue_7t       0x0800fa92        0x0 linker stubs
 *(.eh_frame)
 *fill*         0x0800fa92        0x2 
 .eh_frame      0x0800fa94        0x0 C:/ST/STM32CubeIDE_1.17.0/STM32CubeIDE/plugins/com.st.stm32cube.ide.mcu.externaltools.gnu-tools-for-stm32.12.3.rel1.win32_1.1.0.202410251130/tools/bin/../lib/gcc/arm-none-eabi/12.3.1/thumb/v7e-m+fp/hard/crtbegin.o
 *(.init)
 .init          0x0800fa94        0x4 C:/ST/STM32CubeIDE_1.17.0/STM32CubeIDE/plugins/com.st.stm32cube.ide.mcu.externaltools.gnu-tools-for-stm32.12.3.rel1.win32_1.1.0.202410251130/tools/bin/../lib/gcc/arm-none-eabi/12.3.1/thumb/v7e-m+fp/hard/crti.o
                0x0800fa94                _init
 .init          0x0800fa98        0x8 C:/ST/STM32CubeIDE_1.17.0/STM32CubeIDE/plugins/com.st.stm32cube.ide.mcu.externaltools.gnu-tools-for-stm32.12.3.rel1.win32_1.1.0.202410251130/tools/bin/../lib/gcc/arm-none-eabi/12.3.1/thumb/v7e-m+fp/hard/crtn.o
 *(.fini)
 .fini          0x0800faa0        0x4 C:/ST/STM32CubeIDE_1.17.0/STM32CubeIDE/plugins/com.st.stm32cube.ide.mcu.externaltools.gnu-tools-for-stm32.12.3.rel1.win32_1.1.0.202410251130/tools/bin/../lib/gcc/arm-none-eabi/12.3.1/thumb/v7e-m+fp/hard/crti.o
                0x0800faa0                _fini
 .fini          0x0800faa4        0x8 C:/ST/STM32CubeIDE_1.17.0/STM32CubeIDE/plugins/com.st.stm32cube.ide.mcu.externaltools.gnu-tools-for-stm32.12.3.rel1.win32_1.1.0.202410251130/tools/bin/../lib/gcc/arm-none-eabi/12.3.1/thumb/v7e-m+fp/hard/crtn.o
                0x0800faac                        . = ALIGN (0x4)
                0x0800faac                        _etext = .

.vfp11_veneer   0x0800faac        0x0
 .vfp11_veneer  0x0800faac        0x0 linker stubs

.v4_bx          0x0800faac        0x0
 .v4_bx         0x0800faac        0x0 linker stubs

.iplt           0x0800faac        0x0
 .iplt          0x0800faac        0x0 C:/ST/STM32CubeIDE_1.17.0/STM32CubeIDE/plugins/com.st.stm32cube.ide.mcu.externaltools.gnu-tools-for-stm32.12.3.rel1.win32_1.1.0.202410251130/tools/bin/../lib/gcc/arm-none-eabi/12.3.1/thumb/v7e-m+fp/hard/crtbegin.o

.rodata         0x0800faac     0x3070
                0x0800faac                        . = ALIGN (0x4)
 *(.rodata)
 .rodata        0x0800faac        0xb ./Application/User/Core/bmi2.o
 *fill*         0x0800fab7        0x1 
 .rodata        0x0800fab8      0xed0 ./Application/User/Core/main.o
 .rodata        0x08010988       0x44 ./Middlewares/FatFs/ff.o
 *(.rodata*)
 .rodata.bmi270_config_file
                0x080109cc     0x2000 ./Application/User/Core/bmi270.o
                0x080109cc                bmi270_config_file
 .rodata.bmi270_feat_in
                0x080129cc       0x33 ./Application/User/Core/bmi270.o
                0x080129cc                bmi270_feat_in
 *fill*         0x080129ff        0x1 
 .rodata.bmi270_feat_out
                0x08012a00       0x15 ./Application/User/Core/bmi270.o
                0x08012a00                bmi270_feat_out
 *fill*         0x08012a15        0x3 
 .rodata.status_leds
                0x08012a18       0x38 ./Application/User/Core/main.o
 .rodata.AHBPrescTable
                0x08012a50       0x10 ./Drivers/CMSIS/system_stm32f4xx.o
                0x08012a50                AHBPrescTable
 .rodata.APBPrescTable
                0x08012a60        0x8 ./Drivers/CMSIS/system_stm32f4xx.o
                0x08012a60                APBPrescTable
 .rodata.ExCvt  0x08012a68       0x80 ./Middlewares/FatFs/ff.o
 .rodata._svfprintf_r.str1.1
                0x08012ae8       0x11 C:/ST/STM32CubeIDE_1.17.0/STM32CubeIDE/plugins/com.st.stm32cube.ide.mcu.externaltools.gnu-tools-for-stm32.12.3.rel1.win32_1.1.0.202410251130/tools/bin/../lib/gcc/arm-none-eabi/12.3.1/../../../../arm-none-eabi/lib/thumb/v7e-m+fp/hard\libc_nano.a(libc_a-nano-svfprintf.o)
 .rodata._vfprintf_r.str1.1
                0x08012af9       0x11 C:/ST/STM32CubeIDE_1.17.0/STM32CubeIDE/plugins/com.st.stm32cube.ide.mcu.externaltools.gnu-tools-for-stm32.12.3.rel1.win32_1.1.0.202410251130/tools/bin/../lib/gcc/arm-none-eabi/12.3.1/../../../../arm-none-eabi/lib/thumb/v7e-m+fp/hard\libc_nano.a(libc_a-nano-vfprintf.o)
 .rodata._printf_i.str1.1
                0x08012af9       0x22 C:/ST/STM32CubeIDE_1.17.0/STM32CubeIDE/plugins/com.st.stm32cube.ide.mcu.externaltools.gnu-tools-for-stm32.12.3.rel1.win32_1.1.0.202410251130/tools/bin/../lib/gcc/arm-none-eabi/12.3.1/../../../../arm-none-eabi/lib/thumb/v7e-m+fp/hard\libc_nano.a(libc_a-nano-vfprintf_i.o)
                0x08012b1c                        . = ALIGN (0x4)
 *fill*         0x08012b1b        0x1 

.ARM.extab      0x08012b1c        0x0
                0x08012b1c                        . = ALIGN (0x4)
 *(.ARM.extab* .gnu.linkonce.armextab.*)
                0x08012b1c                        . = ALIGN (0x4)

.ARM            0x08012b1c        0x8
                0x08012b1c                        . = ALIGN (0x4)
                0x08012b1c                        __exidx_start = .
 *(.ARM.exidx*)
 .ARM.exidx     0x08012b1c        0x8 C:/ST/STM32CubeIDE_1.17.0/STM32CubeIDE/plugins/com.st.stm32cube.ide.mcu.externaltools.gnu-tools-for-stm32.12.3.rel1.win32_1.1.0.202410251130/tools/bin/../lib/gcc/arm-none-eabi/12.3.1/../../../../arm-none-eabi/lib/thumb/v7e-m+fp/hard\libc_nano.a(libc_a-strlen.o)
 .ARM.exidx     0x08012b24        0x0 C:/ST/STM32CubeIDE_1.17.0/STM32CubeIDE/plugins/com.st.stm32cube.ide.mcu.externaltools.gnu-tools-for-stm32.12.3.rel1.win32_1.1.0.202410251130/tools/bin/../lib/gcc/arm-none-eabi/12.3.1/../../../../arm-none-eabi/lib/thumb/v7e-m+fp/hard\libc_nano.a(libc_a-memchr.o)
                                  0x8 (size before relaxing)
 .ARM.exidx     0x08012b24        0x0 C:/ST/STM32CubeIDE_1.17.0/STM32CubeIDE/plugins/com.st.stm32cube.ide.mcu.externaltools.gnu-tools-for-stm32.12.3.rel1.win32_1.1.0.202410251130/tools/bin/../lib/gcc/arm-none-eabi/12.3.1/thumb/v7e-m+fp/hard\libgcc.a(_udivmoddi4.o)
                                  0x8 (size before relaxing)
                0x08012b24                        __exidx_end = .
                0x08012b24                        . = ALIGN (0x4)

.preinit_array  0x08012b24        0x0
                0x08012b24                        . = ALIGN (0x4)
                0x08012b24                        PROVIDE (__preinit_array_start = .)
 *(.preinit_array*)
                0x08012b24                        PROVIDE (__preinit_array_end = .)
                0x08012b24                        . = ALIGN (0x4)

.init_array     0x08012b24        0x4
                0x08012b24                        . = ALIGN (0x4)
                0x08012b24                        PROVIDE (__init_array_start = .)
 *(SORT_BY_NAME(.init_array.*))
 *(.init_array*)
 .init_array    0x08012b24        0x4 C:/ST/STM32CubeIDE_1.17.0/STM32CubeIDE/plugins/com.st.stm32cube.ide.mcu.externaltools.gnu-tools-for-stm32.12.3.rel1.win32_1.1.0.202410251130/tools/bin/../lib/gcc/arm-none-eabi/12.3.1/thumb/v7e-m+fp/hard/crtbegin.o
                0x08012b28                        PROVIDE (__init_array_end = .)
                0x08012b28                        . = ALIGN (0x4)

.fini_array     0x08012b28        0x4
                0x08012b28                        . = ALIGN (0x4)
                [!provide]                        PROVIDE (__fini_array_start = .)
 *(SORT_BY_NAME(.fini_array.*))
 *(.fini_array*)
 .fini_array    0x08012b28        0x4 C:/ST/STM32CubeIDE_1.17.0/STM32CubeIDE/plugins/com.st.stm32cube.ide.mcu.externaltools.gnu-tools-for-stm32.12.3.rel1.win32_1.1.0.202410251130/tools/bin/../lib/gcc/arm-none-eabi/12.3.1/thumb/v7e-m+fp/hard/crtbegin.o
                [!provide]                        PROVIDE (__fini_array_end = .)
                0x08012b2c                        . = ALIGN (0x4)
                0x08012b2c                        _sidata = LOADADDR (.data)

.rel.dyn        0x08012b2c        0x0
 .rel.iplt      0x08012b2c        0x0 C:/ST/STM32CubeIDE_1.17.0/STM32CubeIDE/plugins/com.st.stm32cube.ide.mcu.externaltools.gnu-tools-for-stm32.12.3.rel1.win32_1.1.0.202410251130/tools/bin/../lib/gcc/arm-none-eabi/12.3.1/thumb/v7e-m+fp/hard/crtbegin.o

.data           0x20000000      0x388 load address 0x08012b2c
                0x20000000                        . = ALIGN (0x4)
                0x20000000                        _sdata = .
 *(.data)
 *(.data*)
 .data.bmi270_map_int
                0x20000000       0x10 ./Application/User/Core/bmi270.o
                0x20000000                bmi270_map_int
 .data.gravity_z_mg
                0x20000010        0x4 ./Application/User/Core/main.o
 .data.sun_raw_table
                0x20000014      0x2f4 ./Application/User/Core/main.o
 .data.bmi270_addr
                0x20000308        0x1 ./Application/User/Core/main.o
 .data.Stat     0x20000309        0x1 ./Application/User/FATFS/Target/user_diskio.o
 *fill*         0x2000030a        0x2 
 .data.USER_Driver
                0x2000030c       0x14 ./Application/User/FATFS/Target/user_diskio.o
                0x2000030c                USER_Driver
 .data.SystemCoreClock
                0x20000320        0x4 ./Drivers/CMSIS/system_stm32f4xx.o
                0x20000320                SystemCoreClock
 .data.uwTickPrio
                0x20000324        0x4 ./Drivers/STM32F4xx_HAL_Driver/stm32f4xx_hal.o
                0x20000324                uwTickPrio
 .data.uwTickFreq
                0x20000328        0x1 ./Drivers/STM32F4xx_HAL_Driver/stm32f4xx_hal.o
                0x20000328                uwTickFreq
 *fill*         0x20000329        0x3 
 .data.__sglue  0x2000032c        0xc C:/ST/STM32CubeIDE_1.17.0/STM32CubeIDE/plugins/com.st.stm32cube.ide.mcu.externaltools.gnu-tools-for-stm32.12.3.rel1.win32_1.1.0.202410251130/tools/bin/../lib/gcc/arm-none-eabi/12.3.1/../../../../arm-none-eabi/lib/thumb/v7e-m+fp/hard\libc_nano.a(libc_a-findfp.o)
                0x2000032c                __sglue
 .data._impure_ptr
                0x20000338        0x4 C:/ST/STM32CubeIDE_1.17.0/STM32CubeIDE/plugins/com.st.stm32cube.ide.mcu.externaltools.gnu-tools-for-stm32.12.3.rel1.win32_1.1.0.202410251130/tools/bin/../lib/gcc/arm-none-eabi/12.3.1/../../../../arm-none-eabi/lib/thumb/v7e-m+fp/hard\libc_nano.a(libc_a-impure.o)
                0x20000338                _impure_ptr
 .data._impure_data
                0x2000033c       0x4c C:/ST/STM32CubeIDE_1.17.0/STM32CubeIDE/plugins/com.st.stm32cube.ide.mcu.externaltools.gnu-tools-for-stm32.12.3.rel1.win32_1.1.0.202410251130/tools/bin/../lib/gcc/arm-none-eabi/12.3.1/../../../../arm-none-eabi/lib/thumb/v7e-m+fp/hard\libc_nano.a(libc_a-impure.o)
                0x2000033c                _impure_data
 *(.RamFunc)
 *(.RamFunc*)
                0x20000388                        . = ALIGN (0x4)
                0x20000388                        _edata = .
                0x08012eb4                        _siccmram = LOADADDR (.ccmram)

.igot.plt       0x20000388        0x0 load address 0x08012eb4
 .igot.plt      0x20000388        0x0 C:/ST/STM32CubeIDE_1.17.0/STM32CubeIDE/plugins/com.st.stm32cube.ide.mcu.externaltools.gnu-tools-for-stm32.12.3.rel1.win32_1.1.0.202410251130/tools/bin/../lib/gcc/arm-none-eabi/12.3.1/thumb/v7e-m+fp/hard/crtbegin.o

.ccmram         0x10000000        0x0 load address 0x08012eb4
                0x10000000                        . = ALIGN (0x4)
                0x10000000                        _sccmram = .
 *(.ccmram)
 *(.ccmram*)
                0x10000000                        . = ALIGN (0x4)
                0x10000000                        _eccmram = .
                0x10000000                        . = ALIGN (0x4)

.bss            0x20000388     0x1dd4
                0x20000388                        _sbss = .
                0x20000388                        __bss_start__ = _sbss
 *(.bss)
 .bss           0x20000388       0x1c C:/ST/STM32CubeIDE_1.17.0/STM32CubeIDE/plugins/com.st.stm32cube.ide.mcu.externaltools.gnu-tools-for-stm32.12.3.rel1.win32_1.1.0.202410251130/tools/bin/../lib/gcc/arm-none-eabi/12.3.1/thumb/v7e-m+fp/hard/crtbegin.o
 *(.bss*)
 .bss.hcan1     0x200003a4       0x28 ./Application/User/Core/main.o
                0x200003a4                hcan1
 .bss.hi2c1     0x200003cc       0x54 ./Application/User/Core/main.o
                0x200003cc                hi2c1
 .bss.hi2c2     0x20000420       0x54 ./Application/User/Core/main.o
                0x20000420                hi2c2
 .bss.hspi1     0x20000474       0x58 ./Application/User/Core/main.o
                0x20000474                hspi1
 .bss.hspi2     0x200004cc       0x58 ./Application/User/Core/main.o
                0x200004cc                hspi2
 .bss.hspi3     0x20000524       0x58 ./Application/User/Core/main.o
                0x20000524                hspi3
 .bss.hspi5     0x2000057c       0x58 ./Application/User/Core/main.o
                0x2000057c                hspi5
 .bss.huart1    0x200005d4       0x48 ./Application/User/Core/main.o
                0x200005d4                huart1
 .bss.gravity_x_mg
                0x2000061c        0x4 ./Application/User/Core/main.o
 .bss.gravity_y_mg
                0x20000620        0x4 ./Application/User/Core/main.o
 .bss.demo_speed_mph
                0x20000624        0x4 ./Application/User/Core/main.o
 .bss.vel_x_mps
                0x20000628        0x4 ./Application/User/Core/main.o
 .bss.vel_y_mps
                0x2000062c        0x4 ./Application/User/Core/main.o
 .bss.vel_z_mps
                0x20000630        0x4 ./Application/User/Core/main.o
 .bss.last_velocity_tick
                0x20000634        0x4 ./Application/User/Core/main.o
 .bss.gps_nmea_buf
                0x20000638       0x80 ./Application/User/Core/main.o
 .bss.gps_nmea_index
                0x200006b8        0x2 ./Application/User/Core/main.o
 .bss.gps_sentence_active
                0x200006ba        0x1 ./Application/User/Core/main.o
 *fill*         0x200006bb        0x1 
 .bss.fs        0x200006bc      0x230 ./Application/User/Core/main.o
 .bss.log_file  0x200008ec      0x230 ./Application/User/Core/main.o
 .bss.sd_ready  0x20000b1c        0x1 ./Application/User/Core/main.o
 *fill*         0x20000b1d        0x3 
 .bss.latest_gps_sentence
                0x20000b20       0x80 ./Application/User/Core/main.o
 .bss.latest_imu_mph
                0x20000ba0        0x4 ./Application/User/Core/main.o
 .bss.esp32_seq
                0x20000ba4        0x4 ./Application/User/Core/main.o
 .bss.esp32_tx_frame
                0x20000ba8      0x300 ./Application/User/Core/main.o
 .bss.adalogger_rtc_ok
                0x20000ea8        0x1 ./Application/User/Core/main.o
 *fill*         0x20000ea9        0x3 
 .bss.bme280_dev
                0x20000eac       0x40 ./Application/User/Core/main.o
 .bss.bme280_ok
                0x20000eec        0x1 ./Application/User/Core/main.o
 *fill*         0x20000eed        0x3 
 .bss.latest_bme_temp_c
                0x20000ef0        0x4 ./Application/User/Core/main.o
 .bss.latest_bme_pressure_pa
                0x20000ef4        0x4 ./Application/User/Core/main.o
 .bss.latest_bme_humidity_pct
                0x20000ef8        0x4 ./Application/User/Core/main.o
 .bss.latest_can_rx
                0x20000efc       0x18 ./Application/User/Core/main.o
 .bss.status_activity_request
                0x20000f14        0x7 ./Application/User/Core/main.o
 *fill*         0x20000f1b        0x1 
 .bss.status_activity_until
                0x20000f1c       0x1c ./Application/User/Core/main.o
 .bss.status_error_latched
                0x20000f38        0x1 ./Application/User/Core/main.o
 *fill*         0x20000f39        0x3 
 .bss.sun_raw_block
                0x20000f3c     0x1000 ./Application/User/Core/main.o
 *fill*         0x20001f3c        0x4 
 .bss.bmi       0x20001f40       0x68 ./Application/User/Core/main.o
 .bss.last_heartbeat.7
                0x20001fa8        0x4 ./Application/User/Core/main.o
 .bss.heartbeat_state.6
                0x20001fac        0x1 ./Application/User/Core/main.o
 *fill*         0x20001fad        0x3 
 .bss.last_imu_log.5
                0x20001fb0        0x4 ./Application/User/Core/main.o
 .bss.last_gps_read.4
                0x20001fb4        0x4 ./Application/User/Core/main.o
 .bss.last_bme_read.3
                0x20001fb8        0x4 ./Application/User/Core/main.o
 .bss.last_can_test.2
                0x20001fbc        0x4 ./Application/User/Core/main.o
 .bss.last_sun_raw_send.1
                0x20001fc0        0x4 ./Application/User/Core/main.o
 .bss.last_can_debug.0
                0x20001fc4        0x4 ./Application/User/Core/main.o
 .bss.__sbrk_heap_end
                0x20001fc8        0x4 ./Application/User/Core/sysmem.o
 .bss.retUSER   0x20001fcc        0x1 ./Application/User/FATFS/App/fatfs.o
                0x20001fcc                retUSER
 *fill*         0x20001fcd        0x3 
 .bss.USERPath  0x20001fd0        0x4 ./Application/User/FATFS/App/fatfs.o
                0x20001fd0                USERPath
 .bss.CardType  0x20001fd4        0x1 ./Application/User/FATFS/Target/user_diskio.o
 *fill*         0x20001fd5        0x3 
 .bss.uwTick    0x20001fd8        0x4 ./Drivers/STM32F4xx_HAL_Driver/stm32f4xx_hal.o
                0x20001fd8                uwTick
 .bss.FatFs     0x20001fdc        0x4 ./Middlewares/FatFs/ff.o
 .bss.Fsid      0x20001fe0        0x2 ./Middlewares/FatFs/ff.o
 *fill*         0x20001fe2        0x2 
 .bss.Files     0x20001fe4       0x20 ./Middlewares/FatFs/ff.o
 .bss.disk      0x20002004        0xc ./Middlewares/FatFs/ff_gen_drv.o
                0x20002004                disk
 .bss.__sf      0x20002010      0x138 C:/ST/STM32CubeIDE_1.17.0/STM32CubeIDE/plugins/com.st.stm32cube.ide.mcu.externaltools.gnu-tools-for-stm32.12.3.rel1.win32_1.1.0.202410251130/tools/bin/../lib/gcc/arm-none-eabi/12.3.1/../../../../arm-none-eabi/lib/thumb/v7e-m+fp/hard\libc_nano.a(libc_a-findfp.o)
                0x20002010                __sf
 .bss.__stdio_exit_handler
                0x20002148        0x4 C:/ST/STM32CubeIDE_1.17.0/STM32CubeIDE/plugins/com.st.stm32cube.ide.mcu.externaltools.gnu-tools-for-stm32.12.3.rel1.win32_1.1.0.202410251130/tools/bin/../lib/gcc/arm-none-eabi/12.3.1/../../../../arm-none-eabi/lib/thumb/v7e-m+fp/hard\libc_nano.a(libc_a-findfp.o)
                0x20002148                __stdio_exit_handler
 .bss.errno     0x2000214c        0x4 C:/ST/STM32CubeIDE_1.17.0/STM32CubeIDE/plugins/com.st.stm32cube.ide.mcu.externaltools.gnu-tools-for-stm32.12.3.rel1.win32_1.1.0.202410251130/tools/bin/../lib/gcc/arm-none-eabi/12.3.1/../../../../arm-none-eabi/lib/thumb/v7e-m+fp/hard\libc_nano.a(libc_a-reent.o)
                0x2000214c                errno
 .bss.__lock___malloc_recursive_mutex
                0x20002150        0x1 C:/ST/STM32CubeIDE_1.17.0/STM32CubeIDE/plugins/com.st.stm32cube.ide.mcu.externaltools.gnu-tools-for-stm32.12.3.rel1.win32_1.1.0.202410251130/tools/bin/../lib/gcc/arm-none-eabi/12.3.1/../../../../arm-none-eabi/lib/thumb/v7e-m+fp/hard\libc_nano.a(libc_a-lock.o)
                0x20002150                __lock___malloc_recursive_mutex
 .bss.__lock___sfp_recursive_mutex
                0x20002151        0x1 C:/ST/STM32CubeIDE_1.17.0/STM32CubeIDE/plugins/com.st.stm32cube.ide.mcu.externaltools.gnu-tools-for-stm32.12.3.rel1.win32_1.1.0.202410251130/tools/bin/../lib/gcc/arm-none-eabi/12.3.1/../../../../arm-none-eabi/lib/thumb/v7e-m+fp/hard\libc_nano.a(libc_a-lock.o)
                0x20002151                __lock___sfp_recursive_mutex
 *fill*         0x20002152        0x2 
 .bss.__malloc_sbrk_start
                0x20002154        0x4 C:/ST/STM32CubeIDE_1.17.0/STM32CubeIDE/plugins/com.st.stm32cube.ide.mcu.externaltools.gnu-tools-for-stm32.12.3.rel1.win32_1.1.0.202410251130/tools/bin/../lib/gcc/arm-none-eabi/12.3.1/../../../../arm-none-eabi/lib/thumb/v7e-m+fp/hard\libc_nano.a(libc_a-mallocr.o)
                0x20002154                __malloc_sbrk_start
 .bss.__malloc_free_list
                0x20002158        0x4 C:/ST/STM32CubeIDE_1.17.0/STM32CubeIDE/plugins/com.st.stm32cube.ide.mcu.externaltools.gnu-tools-for-stm32.12.3.rel1.win32_1.1.0.202410251130/tools/bin/../lib/gcc/arm-none-eabi/12.3.1/../../../../arm-none-eabi/lib/thumb/v7e-m+fp/hard\libc_nano.a(libc_a-mallocr.o)
                0x20002158                __malloc_free_list
 *(COMMON)
                0x2000215c                        . = ALIGN (0x4)
                0x2000215c                        _ebss = .
                0x2000215c                        __bss_end__ = _ebss

._user_heap_stack
                0x2000215c      0x604
                0x20002160                        . = ALIGN (0x8)
 *fill*         0x2000215c        0x4 
                [!provide]                        PROVIDE (end = .)